Archive member included to satisfy reference by file (symbol)

app/libapp.a(main.c.obj)      (--whole-archive)
app/libapp.a(AD5940PortZephyr.c.obj)
                              (--whole-archive)
zephyr/libzephyr.a(validate_libc.c.obj)
                              (--whole-archive)
zephyr/libzephyr.a(heap.c.obj)
                              (--whole-archive)
zephyr/libzephyr.a(cbprintf_packaged.c.obj)
                              (--whole-archive)
zephyr/libzephyr.a(clock.c.obj)
                              (--whole-archive)
zephyr/libzephyr.a(printk.c.obj)
                              (--whole-archive)
zephyr/libzephyr.a(sem.c.obj)
                              (--whole-archive)
zephyr/libzephyr.a(thread_entry.c.obj)
                              (--whole-archive)
zephyr/libzephyr.a(cbprintf_complete.c.obj)
                              (--whole-archive)
zephyr/libzephyr.a(assert.c.obj)
                              (--whole-archive)
zephyr/libzephyr.a(mpsc_pbuf.c.obj)
                              (--whole-archive)
zephyr/libzephyr.a(dec.c.obj)
                              (--whole-archive)
zephyr/libzephyr.a(hex.c.obj)
                              (--whole-archive)
zephyr/libzephyr.a(rb.c.obj)  (--whole-archive)
zephyr/libzephyr.a(timeutil.c.obj)
                              (--whole-archive)
zephyr/libzephyr.a(bitarray.c.obj)
                              (--whole-archive)
zephyr/libzephyr.a(bitmask.c.obj)
                              (--whole-archive)
zephyr/libzephyr.a(onoff.c.obj)
                              (--whole-archive)
zephyr/libzephyr.a(notify.c.obj)
                              (--whole-archive)
zephyr/libzephyr.a(ring_buffer.c.obj)
                              (--whole-archive)
zephyr/libzephyr.a(last_section_id.c.obj)
                              (--whole-archive)
zephyr/libzephyr.a(configs.c.obj)
                              (--whole-archive)
zephyr/libzephyr.a(thread_info.c.obj)
                              (--whole-archive)
zephyr/libzephyr.a(log_core.c.obj)
                              (--whole-archive)
zephyr/libzephyr.a(log_mgmt.c.obj)
                              (--whole-archive)
zephyr/libzephyr.a(log_cache.c.obj)
                              (--whole-archive)
zephyr/libzephyr.a(log_msg.c.obj)
                              (--whole-archive)
zephyr/libzephyr.a(log_output.c.obj)
                              (--whole-archive)
zephyr/libzephyr.a(log_backend_uart.c.obj)
                              (--whole-archive)
zephyr/libzephyr.a(mem_attr.c.obj)
                              (--whole-archive)
zephyr/libzephyr.a(tracing_none.c.obj)
                              (--whole-archive)
zephyr/libzephyr.a(banner.c.obj)
                              (--whole-archive)
zephyr/libzephyr.a(flash_map_partition_manager.c.obj)
                              (--whole-archive)
zephyr/libzephyr.a(nrf_cc3xx_platform_abort_zephyr.c.obj)
                              (--whole-archive)
zephyr/libzephyr.a(nrf_cc3xx_platform_mutex_zephyr.c.obj)
                              (--whole-archive)
zephyr/arch/common/libarch__common.a(sw_isr_common.c.obj)
                              (--whole-archive)
zephyr/arch/common/libarch__common.a(init.c.obj)
                              (--whole-archive)
zephyr/arch/common/libarch__common.a(xip.c.obj)
                              (--whole-archive)
zephyr/arch/arch/arm/core/libarch__arm__core.a(fatal.c.obj)
                              (--whole-archive)
zephyr/arch/arch/arm/core/libarch__arm__core.a(nmi.c.obj)
                              (--whole-archive)
zephyr/arch/arch/arm/core/libarch__arm__core.a(nmi_on_reset.S.obj)
                              (--whole-archive)
zephyr/arch/arch/arm/core/libarch__arm__core.a(tls.c.obj)
                              (--whole-archive)
zephyr/arch/arch/arm/core/cortex_m/libarch__arm__core__cortex_m.a(exc_exit.c.obj)
                              (--whole-archive)
zephyr/arch/arch/arm/core/cortex_m/libarch__arm__core__cortex_m.a(fault.c.obj)
                              (--whole-archive)
zephyr/arch/arch/arm/core/cortex_m/libarch__arm__core__cortex_m.a(fault_s.S.obj)
                              (--whole-archive)
zephyr/arch/arch/arm/core/cortex_m/libarch__arm__core__cortex_m.a(fpu.c.obj)
                              (--whole-archive)
zephyr/arch/arch/arm/core/cortex_m/libarch__arm__core__cortex_m.a(reset.S.obj)
                              (--whole-archive)
zephyr/arch/arch/arm/core/cortex_m/libarch__arm__core__cortex_m.a(scb.c.obj)
                              (--whole-archive)
zephyr/arch/arch/arm/core/cortex_m/libarch__arm__core__cortex_m.a(thread_abort.c.obj)
                              (--whole-archive)
zephyr/arch/arch/arm/core/cortex_m/libarch__arm__core__cortex_m.a(vector_table.S.obj)
                              (--whole-archive)
zephyr/arch/arch/arm/core/cortex_m/libarch__arm__core__cortex_m.a(swap_helper.S.obj)
                              (--whole-archive)
[...]
Memory Configuration

Name             Origin             Length             Attributes
FLASH            0x0000000000000000 0x0000000000100000 xr
RAM              0x0000000020000000 0x0000000000070000 xw
IDT_LIST         0x00000000ffff7fff 0x0000000000008000 xw
*default*        0x0000000000000000 0xffffffffffffffff

Linker script and memory map

                0x000000000000628c                vfprintf = __l_vfprintf
                0x0000000000000000                vfscanf = __l_vfscanf
LOAD zephyr/CMakeFiles/zephyr_pre0.dir/misc/empty_file.c.obj
LOAD zephyr/CMakeFiles/offsets.dir/./arch/arm/core/offsets/offsets.c.obj
LOAD app/libapp.a
LOAD zephyr/libzephyr.a
LOAD zephyr/arch/common/libarch__common.a
LOAD zephyr/arch/arch/arm/core/libarch__arm__core.a
LOAD zephyr/arch/arch/arm/core/cortex_m/libarch__arm__core__cortex_m.a
LOAD zephyr/arch/arch/arm/core/cortex_m/cmse/libarch__arm__core__cortex_m__cmse.a
LOAD zephyr/arch/arch/arm/core/mpu/libarch__arm__core__mpu.a
LOAD zephyr/lib/libc/picolibc/liblib__libc__picolibc.a
LOAD zephyr/lib/libc/common/liblib__libc__common.a
LOAD zephyr/soc/soc/nrf5340/libsoc__nordic.a
LOAD zephyr/drivers/clock_control/libdrivers__clock_control.a
LOAD zephyr/drivers/console/libdrivers__console.a
LOAD zephyr/drivers/gpio/libdrivers__gpio.a
LOAD zephyr/drivers/pinctrl/libdrivers__pinctrl.a
LOAD zephyr/drivers/serial/libdrivers__serial.a
LOAD zephyr/drivers/spi/libdrivers__spi.a
LOAD zephyr/drivers/timer/libdrivers__timer.a
LOAD modules/nrf/drivers/hw_cc3xx/lib..__nrf__drivers__hw_cc3xx.a
LOAD modules/hal_nordic/modules/hal_nordic/nrfx/libmodules__hal_nordic__nrfx.a
LOAD zephyr/kernel/libkernel.a
LOAD zephyr/arch/common/libisr_tables.a
LOAD C:/ncs/v3.2.2/nrfxlib/crypto/nrf_cc312_platform/lib/cortex-m33/soft-float/no-interrupts/libnrf_cc312_platform_0.9.19.a
LOAD c:\ncs\toolchains\c717907b94\opt\zephyr-sdk\arm-zephyr-eabi\bin\../lib/gcc/../../picolibc/arm-zephyr-eabi/lib/thumb/v8-m.main/nofp\libc.a
LOAD c:/ncs/toolchains/c717907b94/opt/zephyr-sdk/arm-zephyr-eabi/bin/../lib/gcc/arm-zephyr-eabi/12.2.0/thumb/v8-m.main/nofp\libgcc.a
                0x0000000000000020                _region_min_align = 0x20

.rel.plt        0x0000000000000000        0x0
 *(SORT_BY_ALIGNMENT(.rel.plt))
                [!provide]                        PROVIDE (__rel_iplt_start = .)
 *(SORT_BY_ALIGNMENT(.rel.iplt))
 .rel.iplt      0x0000000000000000        0x0 app/libapp.a(main.c.obj)
                [!provide]                        PROVIDE (__rel_iplt_end = .)

.rela.plt       0x0000000000000000        0x0
 *(SORT_BY_ALIGNMENT(.rela.plt))
                [!provide]                        PROVIDE (__rela_iplt_start = .)
 *(SORT_BY_ALIGNMENT(.rela.iplt))
                [!provide]                        PROVIDE (__rela_iplt_end = .)

.rel.dyn
 *(SORT_BY_ALIGNMENT(.rel.*))

.rela.dyn
 *(SORT_BY_ALIGNMENT(.rela.*))

/DISCARD/
 *(SORT_BY_ALIGNMENT(.plt))

/DISCARD/
 *(SORT_BY_ALIGNMENT(.iplt))
                0x0000000000000000                __rom_region_start = 0x0

rom_start       0x0000000000000000      0x154
                0x0000000000000000                __rom_start_address = .
 FILL mask 0x00
                0x0000000000000000                . = (. + (0x0 - (. - __rom_start_address)))
                0x0000000000000000                . = ALIGN (0x4)
                0x0000000000000000                . = ALIGN (0x80)
                0x0000000000000000                . = ALIGN (0x200)
                0x0000000000000000                _vector_start = .
 *(SORT_BY_ALIGNMENT(.exc_vector_table))
 *(SORT_BY_ALIGNMENT(.exc_vector_table.*))
 .exc_vector_table._vector_table_section
                0x0000000000000000       0x40 zephyr/arch/arch/arm/core/cortex_m/libarch__arm__core__cortex_m.a(vector_table.S.obj)
                0x0000000000000000                _vector_table
 *(SORT_BY_ALIGNMENT(.vectors))
                0x0000000000000154                _vector_end = .
                0x0000000000000040                . = ALIGN (0x4)
 *(SORT_BY_ALIGNMENT(.gnu.linkonce.irq_vector_table*))
 .gnu.linkonce.irq_vector_table
                0x0000000000000040      0x114 zephyr/arch/common/libisr_tables.a(isr_tables.c.obj)
                0x0000000000000040                _irq_vector_table
                0x0000000000000154                _vector_end = .

text            0x0000000000000154     0x8794
                0x0000000000000154                __text_region_start = .
 *(SORT_BY_ALIGNMENT(.text))
 .text          0x0000000000000154       0x30 c:/ncs/toolchains/c717907b94/opt/zephyr-sdk/arm-zephyr-eabi/bin/../lib/gcc/arm-zephyr-eabi/12.2.0/thumb/v8-m.main/nofp\libgcc.a(_aeabi_uldivmod.o)
                0x0000000000000154                __aeabi_uldivmod
 .text          0x0000000000000184        0x4 c:/ncs/toolchains/c717907b94/opt/zephyr-sdk/arm-zephyr-eabi/bin/../lib/gcc/arm-zephyr-eabi/12.2.0/thumb/v8-m.main/nofp\libgcc.a(_dvmd_tls.o)
                0x0000000000000184                __aeabi_idiv0
                0x0000000000000184                __aeabi_ldiv0
 .text          0x0000000000000188       0x10 c:\ncs\toolchains\c717907b94\opt\zephyr-sdk\arm-zephyr-eabi\bin\../lib/gcc/../../picolibc/arm-zephyr-eabi/lib/thumb/v8-m.main/nofp\libc.a(strlen.S.o)
                0x0000000000000188                strlen
 .text          0x0000000000000198      0x29c c:/ncs/toolchains/c717907b94/opt/zephyr-sdk/arm-zephyr-eabi/bin/../lib/gcc/arm-zephyr-eabi/12.2.0/thumb/v8-m.main/nofp\libgcc.a(_udivmoddi4.o)
                0x0000000000000198                __udivmoddi4
 *(SORT_BY_ALIGNMENT(.text.*))
 .text.main     0x0000000000000434       0x54 app/libapp.a(main.c.obj)
                0x0000000000000434                main
 .text.cbvprintf_package
                0x0000000000000488      0x3a4 zephyr/libzephyr.a(cbprintf_packaged.c.obj)
                0x0000000000000488                cbvprintf_package
 .text.cbprintf_package_convert
                0x000000000000082c      0x3cc zephyr/libzephyr.a(cbprintf_packaged.c.obj)
                0x000000000000082c                cbprintf_package_convert
 .text.__printk_hook_install
                0x0000000000000bf8        0xc zephyr/libzephyr.a(printk.c.obj)
                0x0000000000000bf8                __printk_hook_install
 .text.z_thread_entry
                0x0000000000000c04       0x34 zephyr/libzephyr.a(thread_entry.c.obj)
                0x0000000000000c04                z_thread_entry
 .text.process_event
                0x0000000000000c38      0x21c zephyr/libzephyr.a(onoff.c.obj)
 .text.activate_foreach_backend
                0x0000000000000e54       0x64 zephyr/libzephyr.a(log_core.c.obj)
 .text.enable_logger
                0x0000000000000eb8       0x5c zephyr/libzephyr.a(log_core.c.obj)
 .text.log_process_thread_timer_expiry_fn
                0x0000000000000f14        0xc zephyr/libzephyr.a(log_core.c.obj)
 .text.z_log_init
                0x0000000000000f20       0x98 zephyr/libzephyr.a(log_core.c.obj)
 .text.log_format_func_t_get
                0x0000000000000fb8        0xc zephyr/libzephyr.a(log_core.c.obj)
                0x0000000000000fb8                log_format_func_t_get
 .text.log_set_timestamp_func
                0x0000000000000fc4       0x20 zephyr/libzephyr.a(log_core.c.obj)
                0x0000000000000fc4                log_set_timestamp_func
 .text.z_log_notify_backend_enabled
                0x0000000000000fe4       0x1c zephyr/libzephyr.a(log_core.c.obj)
                0x0000000000000fe4                z_log_notify_backend_enabled
 .text.z_log_dropped
                0x0000000000001000       0x3c zephyr/libzephyr.a(log_core.c.obj)
                0x0000000000001000                z_log_dropped
 .text.z_log_dropped_read_and_clear
                0x000000000000103c       0x18 zephyr/libzephyr.a(log_core.c.obj)
                0x000000000000103c                z_log_dropped_read_and_clear
 .text.dropped_notify
                0x0000000000001054       0x30 zephyr/libzephyr.a(log_core.c.obj)
                0x0000000000001054                dropped_notify
 .text.z_log_msg_init
                0x0000000000001084       0x20 zephyr/libzephyr.a(log_core.c.obj)
                0x0000000000001084                z_log_msg_init
 .text.log_core_init
                0x00000000000010a4       0x50 zephyr/libzephyr.a(log_core.c.obj)
                0x00000000000010a4                log_core_init
 .text.z_log_msg_alloc
                0x00000000000010f4       0x10 zephyr/libzephyr.a(log_core.c.obj)
                0x00000000000010f4                z_log_msg_alloc
 .text.z_log_msg_local_claim
                0x0000000000001104        0xc zephyr/libzephyr.a(log_core.c.obj)
                0x0000000000001104                z_log_msg_local_claim
 .text.z_log_msg_free
                0x0000000000001110       0x10 zephyr/libzephyr.a(log_core.c.obj)
                0x0000000000001110                z_log_msg_free
 .text.z_log_msg_pending
                0x0000000000001120        0xc zephyr/libzephyr.a(log_core.c.obj)
                0x0000000000001120                z_log_msg_pending
 .text.z_impl_log_process
                0x000000000000112c       0xb8 zephyr/libzephyr.a(log_core.c.obj)
                0x000000000000112c                z_impl_log_process
 .text.z_impl_log_panic
                0x00000000000011e4       0x44 zephyr/libzephyr.a(log_core.c.obj)
                0x00000000000011e4                z_impl_log_panic
 .text.log_process_thread_func
                0x0000000000001228       0xa4 zephyr/libzephyr.a(log_core.c.obj)
 .text.z_log_msg_post_finalize
                0x00000000000012cc       0x78 zephyr/libzephyr.a(log_core.c.obj)
 .text.z_log_msg_commit
                0x0000000000001344       0x24 zephyr/libzephyr.a(log_core.c.obj)
                0x0000000000001344                z_log_msg_commit
 .text.log_source_name_get
                0x0000000000001368       0x1c zephyr/libzephyr.a(log_mgmt.c.obj)
                0x0000000000001368                log_source_name_get
 .text.z_impl_z_log_msg_static_create
                0x0000000000001384      0x108 zephyr/libzephyr.a(log_msg.c.obj)
                0x0000000000001384                z_impl_z_log_msg_static_create
 .text.z_log_msg_runtime_vcreate
                0x000000000000148c       0xa0 zephyr/libzephyr.a(log_msg.c.obj)
                0x000000000000148c                z_log_msg_runtime_vcreate
 .text.log_msg_get_source_id
                0x000000000000152c       0x18 zephyr/libzephyr.a(log_msg.c.obj)
                0x000000000000152c                log_msg_get_source_id
 .text.print_formatted
                0x0000000000001544       0x24 zephyr/libzephyr.a(log_output.c.obj)
 .text.newline_print
                0x0000000000001568       0x1c zephyr/libzephyr.a(log_output.c.obj)
 .text.log_output_process
                0x0000000000001584      0x2d4 zephyr/libzephyr.a(log_output.c.obj)
                0x0000000000001584                log_output_process
 .text.log_output_dropped_process
                0x0000000000001858       0x58 zephyr/libzephyr.a(log_output.c.obj)
                0x0000000000001858                log_output_dropped_process
 .text.log_output_timestamp_freq_set
                0x00000000000018b0       0x2c zephyr/libzephyr.a(log_output.c.obj)
                0x00000000000018b0                log_output_timestamp_freq_set
 .text.char_out
                0x00000000000018dc       0x24 zephyr/libzephyr.a(log_backend_uart.c.obj)
 .text.mem_attr_get_regions
                0x0000000000001900        0xc zephyr/libzephyr.a(mem_attr.c.obj)
                0x0000000000001900                mem_attr_get_regions
 .text.boot_banner
                0x000000000000190c       0x1c zephyr/libzephyr.a(banner.c.obj)
                0x000000000000190c                boot_banner
 .text.nrf_cc3xx_platform_abort_init
                0x0000000000001928        0xc zephyr/libzephyr.a(nrf_cc3xx_platform_abort_zephyr.c.obj)
                0x0000000000001928                nrf_cc3xx_platform_abort_init
 .text.mutex_free_platform
                0x0000000000001934       0x54 zephyr/libzephyr.a(nrf_cc3xx_platform_mutex_zephyr.c.obj)
 .text.mutex_lock_platform
                0x0000000000001988       0x74 zephyr/libzephyr.a(nrf_cc3xx_platform_mutex_zephyr.c.obj)
 .text.mutex_unlock_platform
                0x00000000000019fc       0x68 zephyr/libzephyr.a(nrf_cc3xx_platform_mutex_zephyr.c.obj)
 .text.mutex_init_platform
                0x0000000000001a64       0x94 zephyr/libzephyr.a(nrf_cc3xx_platform_mutex_zephyr.c.obj)
 .text.nrf_cc3xx_platform_mutex_init
                0x0000000000001af8       0x2c zephyr/libzephyr.a(nrf_cc3xx_platform_mutex_zephyr.c.obj)
                0x0000000000001af8                nrf_cc3xx_platform_mutex_init
 .text.arch_bss_zero
                0x0000000000001b24       0x18 zephyr/arch/common/libarch__common.a(init.c.obj)
                0x0000000000001b24                arch_bss_zero
 .text.arch_data_copy
                0x0000000000001b3c       0x38 zephyr/arch/common/libarch__common.a(xip.c.obj)
                0x0000000000001b3c                arch_data_copy
 .text.z_arm_fatal_error
                0x0000000000001b74       0xb8 zephyr/arch/arch/arm/core/libarch__arm__core.a(fatal.c.obj)
                0x0000000000001b74                z_arm_fatal_error
 .text.z_SysNmiOnReset
                0x0000000000001c2c        0x8 zephyr/arch/arch/arm/core/libarch__arm__core.a(nmi_on_reset.S.obj)
                0x0000000000001c2c                z_SysNmiOnReset
 .text.arch_tls_stack_setup
                0x0000000000001c34       0x40 zephyr/arch/arch/arm/core/libarch__arm__core.a(tls.c.obj)
                0x0000000000001c34                arch_tls_stack_setup
 .text._HandlerModeExit
                0x0000000000001c74       0x20 zephyr/arch/arch/arm/core/cortex_m/libarch__arm__core__cortex_m.a(exc_exit.c.obj)
                0x0000000000001c74                z_arm_int_exit
                0x0000000000001c74                z_arm_exc_exit
 .text.mem_manage_fault.constprop.0
                0x0000000000001c94       0xd0 zephyr/arch/arch/arm/core/cortex_m/libarch__arm__core__cortex_m.a(fault.c.obj)
 .text.usage_fault.constprop.0
                0x0000000000001d64       0xbc zephyr/arch/arch/arm/core/cortex_m/libarch__arm__core__cortex_m.a(fault.c.obj)
 .text.bus_fault.constprop.0
                0x0000000000001e20       0xd0 zephyr/arch/arch/arm/core/cortex_m/libarch__arm__core__cortex_m.a(fault.c.obj)
 .text.z_arm_fault
                0x0000000000001ef0      0x1d0 zephyr/arch/arch/arm/core/cortex_m/libarch__arm__core__cortex_m.a(fault.c.obj)
                0x0000000000001ef0                z_arm_fault
 .text.z_arm_fault_init
                0x00000000000020c0       0x20 zephyr/arch/arch/arm/core/cortex_m/libarch__arm__core__cortex_m.a(fault.c.obj)
                0x00000000000020c0                z_arm_fault_init
 .text.__fault  0x00000000000020e0       0x14 zephyr/arch/arch/arm/core/cortex_m/libarch__arm__core__cortex_m.a(fault_s.S.obj)
                0x00000000000020e0                z_arm_usage_fault
                0x00000000000020e0                z_arm_mpu_fault
                0x00000000000020e0                z_arm_exc_spurious
                0x00000000000020e0                z_arm_debug_monitor
                0x00000000000020e0                z_arm_hard_fault
                0x00000000000020e0                z_arm_bus_fault
 .text._reset_section
                0x00000000000020f4       0x68 zephyr/arch/arch/arm/core/cortex_m/libarch__arm__core__cortex_m.a(reset.S.obj)
                0x00000000000020f4                __start
                0x00000000000020f4                z_arm_reset
 .text.z_arm_clear_arm_mpu_config
                0x000000000000215c       0x24 zephyr/arch/arch/arm/core/cortex_m/libarch__arm__core__cortex_m.a(scb.c.obj)
                0x000000000000215c                z_arm_clear_arm_mpu_config
 .text.z_arm_init_arch_hw_at_boot
                0x0000000000002180       0x4c zephyr/arch/arch/arm/core/cortex_m/libarch__arm__core__cortex_m.a(scb.c.obj)
                0x0000000000002180                z_arm_init_arch_hw_at_boot
 .text.z_impl_k_thread_abort
                0x00000000000021cc       0x2c zephyr/arch/arch/arm/core/cortex_m/libarch__arm__core__cortex_m.a(thread_abort.c.obj)
                0x00000000000021cc                z_impl_k_thread_abort
 .text.z_arm_pendsv
                0x00000000000021f8       0x68 zephyr/arch/arch/arm/core/cortex_m/libarch__arm__core__cortex_m.a(swap_helper.S.obj)
                0x00000000000021f8                z_arm_pendsv
 .text.z_arm_svc
                0x0000000000002260       0x24 zephyr/arch/arch/arm/core/cortex_m/libarch__arm__core__cortex_m.a(swap_helper.S.obj)
                0x0000000000002260                z_arm_svc
 .text.arm_irq_enable
                0x0000000000002284       0x1c zephyr/arch/arch/arm/core/cortex_m/libarch__arm__core__cortex_m.a(irq_manage.c.obj)
                0x0000000000002284                arm_irq_enable
 .text.arm_irq_disable
                0x00000000000022a0       0x28 zephyr/arch/arch/arm/core/cortex_m/libarch__arm__core__cortex_m.a(irq_manage.c.obj)
                0x00000000000022a0                arm_irq_disable
 .text.arm_irq_is_enabled
                0x00000000000022c8       0x1c zephyr/arch/arch/arm/core/cortex_m/libarch__arm__core__cortex_m.a(irq_manage.c.obj)
                0x00000000000022c8                arm_irq_is_enabled
 .text.arm_irq_priority_set
                0x00000000000022e4       0x2c zephyr/arch/arch/arm/core/cortex_m/libarch__arm__core__cortex_m.a(irq_manage.c.obj)
                0x00000000000022e4                arm_irq_priority_set
 .text.relocate_vector_table
                0x0000000000002310       0x1c zephyr/arch/arch/arm/core/cortex_m/libarch__arm__core__cortex_m.a(prep_c.c.obj)
                0x0000000000002310                relocate_vector_table
 .text.z_prep_c
                0x000000000000232c       0x28 zephyr/arch/arch/arm/core/cortex_m/libarch__arm__core__cortex_m.a(prep_c.c.obj)
                0x000000000000232c                z_prep_c
 .text.arch_new_thread
                0x0000000000002354       0x38 zephyr/arch/arch/arm/core/cortex_m/libarch__arm__core__cortex_m.a(thread.c.obj)
                0x0000000000002354                arch_new_thread
 .text.arch_switch_to_main_thread
                0x000000000000238c       0x44 zephyr/arch/arch/arm/core/cortex_m/libarch__arm__core__cortex_m.a(thread.c.obj)
                0x000000000000238c                arch_switch_to_main_thread
 .text.z_arm_cpu_idle_init
                0x00000000000023d0        0xc zephyr/arch/arch/arm/core/cortex_m/libarch__arm__core__cortex_m.a(cpu_idle.c.obj)
                0x00000000000023d0                z_arm_cpu_idle_init
 .text.z_arm_interrupt_init
                0x00000000000023dc       0x18 zephyr/arch/arch/arm/core/cortex_m/libarch__arm__core__cortex_m.a(irq_init.c.obj)
                0x00000000000023dc                z_arm_interrupt_init
 .text._isr_wrapper
                0x00000000000023f4       0x24 zephyr/arch/arch/arm/core/cortex_m/libarch__arm__core__cortex_m.a(isr_wrapper.c.obj)
                0x00000000000023f4                _isr_wrapper
 .text.z_arm_configure_static_mpu_regions
                0x0000000000002418       0x38 zephyr/arch/arch/arm/core/mpu/libarch__arm__core__mpu.a(arm_core_mpu.c.obj)
                0x0000000000002418                z_arm_configure_static_mpu_regions
 .text.region_init
                0x0000000000002450       0x34 zephyr/arch/arch/arm/core/mpu/libarch__arm__core__mpu.a(arm_mpu.c.obj)
 .text.region_allocate_and_init
                0x0000000000002484       0x38 zephyr/arch/arch/arm/core/mpu/libarch__arm__core__mpu.a(arm_mpu.c.obj)
 .text.mpu_configure_regions_and_partition.constprop.0
                0x00000000000024bc      0x164 zephyr/arch/arch/arm/core/mpu/libarch__arm__core__mpu.a(arm_mpu.c.obj)
 .text.arm_core_mpu_enable
                0x0000000000002620       0x18 zephyr/arch/arch/arm/core/mpu/libarch__arm__core__mpu.a(arm_mpu.c.obj)
                0x0000000000002620                arm_core_mpu_enable
 .text.arm_core_mpu_disable
                0x0000000000002638       0x14 zephyr/arch/arch/arm/core/mpu/libarch__arm__core__mpu.a(arm_mpu.c.obj)
                0x0000000000002638                arm_core_mpu_disable
 .text.arm_core_mpu_configure_static_mpu_regions
                0x000000000000264c       0x14 zephyr/arch/arch/arm/core/mpu/libarch__arm__core__mpu.a(arm_mpu.c.obj)
                0x000000000000264c                arm_core_mpu_configure_static_mpu_regions
 .text.arm_core_mpu_mark_areas_for_dynamic_regions
                0x0000000000002660       0xb8 zephyr/arch/arch/arm/core/mpu/libarch__arm__core__mpu.a(arm_mpu.c.obj)
                0x0000000000002660                arm_core_mpu_mark_areas_for_dynamic_regions
 .text.z_arm_mpu_init
                0x0000000000002718      0x11c zephyr/arch/arch/arm/core/mpu/libarch__arm__core__mpu.a(arm_mpu.c.obj)
                0x0000000000002718                z_arm_mpu_init
 .text.cbvprintf
                0x0000000000002834       0x38 zephyr/lib/libc/picolibc/liblib__libc__picolibc.a(cbprintf.c.obj)
                0x0000000000002834                cbvprintf
 .text.z_impl_zephyr_fputc
                0x000000000000286c       0x10 zephyr/lib/libc/picolibc/liblib__libc__picolibc.a(stdio.c.obj)
                0x000000000000286c                z_impl_zephyr_fputc
 .text.__stdout_hook_install
                0x000000000000287c       0x18 zephyr/lib/libc/picolibc/liblib__libc__picolibc.a(stdio.c.obj)
                0x000000000000287c                __stdout_hook_install
 .text.malloc_prepare
                0x0000000000002894       0x24 zephyr/lib/libc/common/liblib__libc__common.a(malloc.c.obj)
 .text.nrf_gpio_pin_control_select.constprop.0
                0x00000000000028b8       0x1c zephyr/soc/soc/nrf5340/libsoc__nordic.a(soc.c.obj)
 .text.z_arm_on_enter_cpu_idle
                0x00000000000028d4       0x64 zephyr/soc/soc/nrf5340/libsoc__nordic.a(soc.c.obj)
                0x00000000000028d4                z_arm_on_enter_cpu_idle
 .text.soc_early_init_hook
                0x0000000000002938       0x3c zephyr/soc/soc/nrf5340/libsoc__nordic.a(soc.c.obj)
                0x0000000000002938                soc_early_init_hook
 .text.soc_late_init_hook
                0x0000000000002974       0x40 zephyr/soc/soc/nrf5340/libsoc__nordic.a(soc.c.obj)
                0x0000000000002974                soc_late_init_hook
 .text.arch_busy_wait
                0x00000000000029b4       0x24 zephyr/soc/soc/nrf5340/libsoc__nordic.a(soc.c.obj)
                0x00000000000029b4                arch_busy_wait
 .text.assign_pins
                0x00000000000029d8       0x54 zephyr/soc/soc/nrf5340/libsoc__nordic.a(nrf53_cpunet_mgmt.c.obj)
 .text.onoff_start
                0x0000000000002a2c       0x70 zephyr/soc/soc/nrf5340/libsoc__nordic.a(nrf53_cpunet_mgmt.c.obj)
 .text.nrf53_cpunet_mgmt_init
                0x0000000000002a9c       0x10 zephyr/soc/soc/nrf5340/libsoc__nordic.a(nrf53_cpunet_mgmt.c.obj)
                0x0000000000002a9c                nrf53_cpunet_mgmt_init
 .text.gppi_init
                0x0000000000002aac       0x1c zephyr/soc/soc/nrf5340/libsoc__nordic.a(gppi_init.c.obj)
 .text.onoff_stop
                0x0000000000002ac8       0x30 zephyr/drivers/clock_control/libdrivers__clock_control.a(clock_control_nrf.c.obj)
 .text.onoff_start
                0x0000000000002af8       0x44 zephyr/drivers/clock_control/libdrivers__clock_control.a(clock_control_nrf.c.obj)
 .text.clk_init
                0x0000000000002b3c       0x64 zephyr/drivers/clock_control/libdrivers__clock_control.a(clock_control_nrf.c.obj)
 .text.api_blocking_start
                0x0000000000002ba0       0x34 zephyr/drivers/clock_control/libdrivers__clock_control.a(clock_control_nrf.c.obj)
 .text.generic_hfclk_stop
                0x0000000000002bd4       0x34 zephyr/drivers/clock_control/libdrivers__clock_control.a(clock_control_nrf.c.obj)
 .text.clkstarted_handle.constprop.0
                0x0000000000002c08       0x4c zephyr/drivers/clock_control/libdrivers__clock_control.a(clock_control_nrf.c.obj)
 .text.generic_hfclk_start
                0x0000000000002c54       0x78 zephyr/drivers/clock_control/libdrivers__clock_control.a(clock_control_nrf.c.obj)
 .text.clock_event_handler
                0x0000000000002ccc       0x34 zephyr/drivers/clock_control/libdrivers__clock_control.a(clock_control_nrf.c.obj)
 .text.z_nrf_clock_control_lf_on
                0x0000000000002d00       0xf8 zephyr/drivers/clock_control/libdrivers__clock_control.a(clock_control_nrf.c.obj)
                0x0000000000002d00                z_nrf_clock_control_lf_on
 .text.uart_console_init
                0x0000000000002df8       0x28 zephyr/drivers/console/libdrivers__console.a(uart_console.c.obj)
 .text.console_out
                0x0000000000002e20       0x28 zephyr/drivers/console/libdrivers__console.a(uart_console.c.obj)
 .text.gpio_nrfx_pin_interrupt_configure
                0x0000000000002e48      0x100 zephyr/drivers/gpio/libdrivers__gpio.a(gpio_nrfx.c.obj)
 .text.nrfx_gpio_handler
                0x0000000000002f48       0x4c zephyr/drivers/gpio/libdrivers__gpio.a(gpio_nrfx.c.obj)
 .text.gpio_nrfx_init
                0x0000000000002f94       0x3c zephyr/drivers/gpio/libdrivers__gpio.a(gpio_nrfx.c.obj)
 .text.gpio_nrfx_pin_configure
                0x0000000000002fd0      0x180 zephyr/drivers/gpio/libdrivers__gpio.a(gpio_nrfx.c.obj)
 .text.nrf_gpio_pin_port_decode
                0x0000000000003150       0x24 zephyr/drivers/pinctrl/libdrivers__pinctrl.a(pinctrl_nrf.c.obj)
 .text.pinctrl_configure_pins
                0x0000000000003174      0x190 zephyr/drivers/pinctrl/libdrivers__pinctrl.a(pinctrl_nrf.c.obj)
                0x0000000000003174                pinctrl_configure_pins
 .text.uarte_nrfx_poll_out
                0x0000000000003304       0xb4 zephyr/drivers/serial/libdrivers__serial.a(uart_nrfx_uarte.c.obj)
 .text.uarte_0_init
                0x00000000000033b8      0x114 zephyr/drivers/serial/libdrivers__serial.a(uart_nrfx_uarte.c.obj)
 .text.spi_nrfx_init
                0x00000000000034cc      0x110 zephyr/drivers/spi/libdrivers__spi.a(spi_nrfx_spim.c.obj)
 .text.event_handler
                0x00000000000035dc       0xdc zephyr/drivers/spi/libdrivers__spi.a(spi_nrfx_spim.c.obj)
 .text.spi_nrfx_transceive
                0x00000000000036b8      0x3f4 zephyr/drivers/spi/libdrivers__spi.a(spi_nrfx_spim.c.obj)
 .text.nrf_gpio_cfg_input
                0x0000000000003aac       0x40 zephyr/drivers/spi/libdrivers__spi.a(spi_nrfx_common.c.obj)
 .text.compare_int_lock
                0x0000000000003aec       0x40 zephyr/drivers/timer/libdrivers__timer.a(nrf_rtc_timer.c.obj)
 .text.sys_clock_timeout_handler
                0x0000000000003b2c       0x48 zephyr/drivers/timer/libdrivers__timer.a(nrf_rtc_timer.c.obj)
 .text.compare_int_unlock
                0x0000000000003b74       0x4c zephyr/drivers/timer/libdrivers__timer.a(nrf_rtc_timer.c.obj)
 .text.z_nrf_rtc_timer_read
                0x0000000000003bc0       0x44 zephyr/drivers/timer/libdrivers__timer.a(nrf_rtc_timer.c.obj)
                0x0000000000003bc0                z_nrf_rtc_timer_read
 .text.compare_set
                0x0000000000003c04      0x124 zephyr/drivers/timer/libdrivers__timer.a(nrf_rtc_timer.c.obj)
 .text.sys_clock_driver_init
                0x0000000000003d28       0x90 zephyr/drivers/timer/libdrivers__timer.a(nrf_rtc_timer.c.obj)
 .text.rtc_nrf_isr
                0x0000000000003db8       0xd0 zephyr/drivers/timer/libdrivers__timer.a(nrf_rtc_timer.c.obj)
                0x0000000000003db8                rtc_nrf_isr
 .text.sys_clock_set_timeout
                0x0000000000003e88       0x5c zephyr/drivers/timer/libdrivers__timer.a(nrf_rtc_timer.c.obj)
                0x0000000000003e88                sys_clock_set_timeout
 .text.sys_clock_elapsed
                0x0000000000003ee4       0x14 zephyr/drivers/timer/libdrivers__timer.a(nrf_rtc_timer.c.obj)
                0x0000000000003ee4                sys_clock_elapsed
 .text.nrf53_errata_42
                0x0000000000003ef8       0x24 modules/hal_nordic/modules/hal_nordic/nrfx/libmodules__hal_nordic__nrfx.a(system_nrf5340_application.c.obj)
 .text.SystemInit
                0x0000000000003f1c      0x1c4 modules/hal_nordic/modules/hal_nordic/nrfx/libmodules__hal_nordic__nrfx.a(system_nrf5340_application.c.obj)
                0x0000000000003f1c                SystemInit
 .text.nrfx_gppi_init
                0x00000000000040e0        0xc modules/hal_nordic/modules/hal_nordic/nrfx/libmodules__hal_nordic__nrfx.a(nrfx_gppi_dppi.c.obj)
                0x00000000000040e0                nrfx_gppi_init
 .text.nrfx_gppi_domain_conn_alloc
                0x00000000000040ec       0x1c modules/hal_nordic/modules/hal_nordic/nrfx/libmodules__hal_nordic__nrfx.a(nrfx_gppi_dppi.c.obj)
                0x00000000000040ec                nrfx_gppi_domain_conn_alloc
 .text.nrfx_gppi_conn_enable
                0x0000000000004108       0x10 modules/hal_nordic/modules/hal_nordic/nrfx/libmodules__hal_nordic__nrfx.a(nrfx_gppi_dppi.c.obj)
                0x0000000000004108                nrfx_gppi_conn_enable
 .text.hfclk_event_handler
                0x0000000000004118        0xc modules/hal_nordic/modules/hal_nordic/nrfx/libmodules__hal_nordic__nrfx.a(nrfx_clock.c.obj)
 .text.lfclk_event_handler
                0x0000000000004124        0xc modules/hal_nordic/modules/hal_nordic/nrfx/libmodules__hal_nordic__nrfx.a(nrfx_clock.c.obj)
 .text.hfclk192m_event_handler
                0x0000000000004130        0xc modules/hal_nordic/modules/hal_nordic/nrfx/libmodules__hal_nordic__nrfx.a(nrfx_clock.c.obj)
 .text.hfclkaudio_event_handler
                0x000000000000413c        0xc modules/hal_nordic/modules/hal_nordic/nrfx/libmodules__hal_nordic__nrfx.a(nrfx_clock.c.obj)
 .text.nrfx_clock_init
                0x0000000000004148       0x68 modules/hal_nordic/modules/hal_nordic/nrfx/libmodules__hal_nordic__nrfx.a(nrfx_clock.c.obj)
                0x0000000000004148                nrfx_clock_init
 .text.nrfx_clock_enable
                0x00000000000041b0       0x20 modules/hal_nordic/modules/hal_nordic/nrfx/libmodules__hal_nordic__nrfx.a(nrfx_clock.c.obj)
                0x00000000000041b0                nrfx_clock_enable
 .text.nrfx_clock_hfclk_init
                0x00000000000041d0       0x24 modules/hal_nordic/modules/hal_nordic/nrfx/libmodules__hal_nordic__nrfx.a(nrfx_clock_hfclk.c.obj)
                0x00000000000041d0                nrfx_clock_hfclk_init
 .text.nrfx_clock_hfclk_start
                0x00000000000041f4       0x38 modules/hal_nordic/modules/hal_nordic/nrfx/libmodules__hal_nordic__nrfx.a(nrfx_clock_hfclk.c.obj)
                0x00000000000041f4                nrfx_clock_hfclk_start
 .text.nrfx_clock_hfclk_irq_handler
                0x000000000000422c       0x30 modules/hal_nordic/modules/hal_nordic/nrfx/libmodules__hal_nordic__nrfx.a(nrfx_clock_hfclk.c.obj)
                0x000000000000422c                nrfx_clock_hfclk_irq_handler
 .text.nrfx_clock_hfclkaudio_init
                0x000000000000425c       0x1c modules/hal_nordic/modules/hal_nordic/nrfx/libmodules__hal_nordic__nrfx.a(nrfx_clock_hfclkaudio.c.obj)
                0x000000000000425c                nrfx_clock_hfclkaudio_init
 .text.nrfx_clock_hfclkaudio_start
                0x0000000000004278       0x3c modules/hal_nordic/modules/hal_nordic/nrfx/libmodules__hal_nordic__nrfx.a(nrfx_clock_hfclkaudio.c.obj)
                0x0000000000004278                nrfx_clock_hfclkaudio_start
 .text.nrfx_clock_hfclkaudio_irq_handler
                0x00000000000042b4       0x30 modules/hal_nordic/modules/hal_nordic/nrfx/libmodules__hal_nordic__nrfx.a(nrfx_clock_hfclkaudio.c.obj)
                0x00000000000042b4                nrfx_clock_hfclkaudio_irq_handler
 .text.nrfx_clock_hfclk192m_init
                0x00000000000042e4       0x24 modules/hal_nordic/modules/hal_nordic/nrfx/libmodules__hal_nordic__nrfx.a(nrfx_clock_hfclk192m.c.obj)
                0x00000000000042e4                nrfx_clock_hfclk192m_init
 .text.nrfx_clock_hfclk192m_start
                0x0000000000004308       0x3c modules/hal_nordic/modules/hal_nordic/nrfx/libmodules__hal_nordic__nrfx.a(nrfx_clock_hfclk192m.c.obj)
                0x0000000000004308                nrfx_clock_hfclk192m_start
 .text.nrfx_clock_hfclk192m_irq_handler
                0x0000000000004344       0x30 modules/hal_nordic/modules/hal_nordic/nrfx/libmodules__hal_nordic__nrfx.a(nrfx_clock_hfclk192m.c.obj)
                0x0000000000004344                nrfx_clock_hfclk192m_irq_handler
 .text.nrfx_clock_lfclk_init
                0x0000000000004374       0x24 modules/hal_nordic/modules/hal_nordic/nrfx/libmodules__hal_nordic__nrfx.a(nrfx_clock_lfclk.c.obj)
                0x0000000000004374                nrfx_clock_lfclk_init
 .text.nrfx_clock_lfclk_start
                0x0000000000004398       0x88 modules/hal_nordic/modules/hal_nordic/nrfx/libmodules__hal_nordic__nrfx.a(nrfx_clock_lfclk.c.obj)
                0x0000000000004398                nrfx_clock_lfclk_start
 .text.nrfx_clock_lfclk_irq_handler
                0x0000000000004420       0x74 modules/hal_nordic/modules/hal_nordic/nrfx/libmodules__hal_nordic__nrfx.a(nrfx_clock_lfclk.c.obj)
                0x0000000000004420                nrfx_clock_lfclk_irq_handler
 .text.nrf_gpio_pin_port_decode
                0x0000000000004494       0x24 modules/hal_nordic/modules/hal_nordic/nrfx/libmodules__hal_nordic__nrfx.a(nrfx_gpiote.c.obj)
 .text.get_pin_idx
                0x00000000000044b8       0x14 modules/hal_nordic/modules/hal_nordic/nrfx/libmodules__hal_nordic__nrfx.a(nrfx_gpiote.c.obj)
 .text.latch_pending_read_and_check
                0x00000000000044cc       0x3c modules/hal_nordic/modules/hal_nordic/nrfx/libmodules__hal_nordic__nrfx.a(nrfx_gpiote.c.obj)
 .text.pin_uninit
                0x0000000000004508       0x7c modules/hal_nordic/modules/hal_nordic/nrfx/libmodules__hal_nordic__nrfx.a(nrfx_gpiote.c.obj)
 .text.nrfx_gpiote_init
                0x0000000000004584       0x64 modules/hal_nordic/modules/hal_nordic/nrfx/libmodules__hal_nordic__nrfx.a(nrfx_gpiote.c.obj)
                0x0000000000004584                nrfx_gpiote_init
 .text.nrfx_gpiote_channel_free
                0x00000000000045e8       0x14 modules/hal_nordic/modules/hal_nordic/nrfx/libmodules__hal_nordic__nrfx.a(nrfx_gpiote.c.obj)
                0x00000000000045e8                nrfx_gpiote_channel_free
 .text.nrfx_gpiote_channel_alloc
                0x00000000000045fc       0x20 modules/hal_nordic/modules/hal_nordic/nrfx/libmodules__hal_nordic__nrfx.a(nrfx_gpiote.c.obj)
                0x00000000000045fc                nrfx_gpiote_channel_alloc
 .text.nrfx_gpiote_irq_handler
                0x000000000000461c      0x1cc modules/hal_nordic/modules/hal_nordic/nrfx/libmodules__hal_nordic__nrfx.a(nrfx_gpiote.c.obj)
                0x000000000000461c                nrfx_gpiote_irq_handler
 .text.nrf_gpio_pin_port_decode
                0x00000000000047e8       0x24 modules/hal_nordic/modules/hal_nordic/nrfx/libmodules__hal_nordic__nrfx.a(nrfx_spim.c.obj)
 .text.spim_configuration_verify
                0x000000000000480c       0xcc modules/hal_nordic/modules/hal_nordic/nrfx/libmodules__hal_nordic__nrfx.a(nrfx_spim.c.obj)
 .text.pin_init.constprop.0
                0x00000000000048d8       0x4c modules/hal_nordic/modules/hal_nordic/nrfx/libmodules__hal_nordic__nrfx.a(nrfx_spim.c.obj)
 .text.spim_configure
                0x0000000000004924      0x1d8 modules/hal_nordic/modules/hal_nordic/nrfx/libmodules__hal_nordic__nrfx.a(nrfx_spim.c.obj)
 .text.spim_pin_uninit
                0x0000000000004afc       0x38 modules/hal_nordic/modules/hal_nordic/nrfx/libmodules__hal_nordic__nrfx.a(nrfx_spim.c.obj)
 .text.nrfx_spim_uninit
                0x0000000000004b34       0x70 modules/hal_nordic/modules/hal_nordic/nrfx/libmodules__hal_nordic__nrfx.a(nrfx_spim.c.obj)
                0x0000000000004b34                nrfx_spim_uninit
 .text.k_sys_fatal_error_handler
                0x0000000000004ba4       0x20 zephyr/kernel/libkernel.a(fatal.c.obj)
                0x0000000000004ba4                k_sys_fatal_error_handler
 .text.z_fatal_error
                0x0000000000004bc4       0xe8 zephyr/kernel/libkernel.a(fatal.c.obj)
                0x0000000000004bc4                z_fatal_error
 .text.z_sys_init_run_level
                0x0000000000004cac       0x30 zephyr/kernel/libkernel.a(init.c.obj)
 .text.bg_thread_main
                0x0000000000004cdc       0xc4 zephyr/kernel/libkernel.a(init.c.obj)
 .text.z_init_cpu
                0x0000000000004da0       0x70 zephyr/kernel/libkernel.a(init.c.obj)
                0x0000000000004da0                z_init_cpu
 .text.z_cstart
                0x0000000000004e10       0xd4 zephyr/kernel/libkernel.a(init.c.obj)
                0x0000000000004e10                z_cstart
 .text.init_mem_slab_obj_core_list
                0x0000000000004ee4       0x24 zephyr/kernel/libkernel.a(mem_slab.c.obj)
 .text.k_mem_slab_alloc
                0x0000000000004f08       0x5c zephyr/kernel/libkernel.a(mem_slab.c.obj)
                0x0000000000004f08                k_mem_slab_alloc
 .text.z_impl_k_mutex_lock
                0x0000000000004f64       0xf0 zephyr/kernel/libkernel.a(mutex.c.obj)
                0x0000000000004f64                z_impl_k_mutex_lock
 .text.z_impl_k_mutex_unlock
                0x0000000000005054       0xa0 zephyr/kernel/libkernel.a(mutex.c.obj)
                0x0000000000005054                z_impl_k_mutex_unlock
 .text.z_impl_k_sem_give
                0x00000000000050f4       0x68 zephyr/kernel/libkernel.a(sem.c.obj)
                0x00000000000050f4                z_impl_k_sem_give
 .text.z_impl_k_sem_take
                0x000000000000515c       0x4c zephyr/kernel/libkernel.a(sem.c.obj)
                0x000000000000515c                z_impl_k_sem_take
 .text.z_impl_k_sem_reset
                0x00000000000051a8       0x74 zephyr/kernel/libkernel.a(sem.c.obj)
                0x00000000000051a8                z_impl_k_sem_reset
 .text.z_impl_k_thread_name_set
                0x000000000000521c       0x20 zephyr/kernel/libkernel.a(thread.c.obj)
                0x000000000000521c                z_impl_k_thread_name_set
 .text.z_setup_new_thread
                0x000000000000523c       0xcc zephyr/kernel/libkernel.a(thread.c.obj)
                0x000000000000523c                z_setup_new_thread
 .text.z_impl_k_thread_create
                0x0000000000005308       0x58 zephyr/kernel/libkernel.a(thread.c.obj)
                0x0000000000005308                z_impl_k_thread_create
 .text.z_dummy_thread_init
                0x0000000000005360       0x1c zephyr/kernel/libkernel.a(thread.c.obj)
                0x0000000000005360                z_dummy_thread_init
 .text.z_swap_irqlock
                0x000000000000537c       0x34 zephyr/kernel/libkernel.a(sched.c.obj)
 .text.ready_thread
                0x00000000000053b0       0x84 zephyr/kernel/libkernel.a(sched.c.obj)
 .text.unready_thread
                0x0000000000005434       0x54 zephyr/kernel/libkernel.a(sched.c.obj)
 .text.add_thread_timeout
                0x0000000000005488       0x1c zephyr/kernel/libkernel.a(sched.c.obj)
 .text.move_thread_to_end_of_prio_q
                0x00000000000054a4       0x90 zephyr/kernel/libkernel.a(sched.c.obj)
                0x00000000000054a4                move_thread_to_end_of_prio_q
 .text.z_pend_curr
                0x0000000000005534       0x44 zephyr/kernel/libkernel.a(sched.c.obj)
                0x0000000000005534                z_pend_curr
 .text.z_thread_prio_set
                0x0000000000005578       0xe4 zephyr/kernel/libkernel.a(sched.c.obj)
                0x0000000000005578                z_thread_prio_set
 .text.z_reschedule
                0x000000000000565c       0x24 zephyr/kernel/libkernel.a(sched.c.obj)
                0x000000000000565c                z_reschedule
 .text.z_reschedule_irqlock
                0x0000000000005680       0x28 zephyr/kernel/libkernel.a(sched.c.obj)
                0x0000000000005680                z_reschedule_irqlock
 .text.k_sched_lock
                0x00000000000056a8       0x28 zephyr/kernel/libkernel.a(sched.c.obj)
                0x00000000000056a8                k_sched_lock
 .text.k_sched_unlock
                0x00000000000056d0       0x68 zephyr/kernel/libkernel.a(sched.c.obj)
                0x00000000000056d0                k_sched_unlock
 .text.z_sched_init
                0x0000000000005738       0x10 zephyr/kernel/libkernel.a(sched.c.obj)
                0x0000000000005738                z_sched_init
 .text.z_impl_k_yield
                0x0000000000005748       0x88 zephyr/kernel/libkernel.a(sched.c.obj)
                0x0000000000005748                z_impl_k_yield
 .text.z_tick_sleep
                0x00000000000057d0       0x78 zephyr/kernel/libkernel.a(sched.c.obj)
 .text.z_impl_k_wakeup
                0x0000000000005848       0x48 zephyr/kernel/libkernel.a(sched.c.obj)
                0x0000000000005848                z_impl_k_wakeup
 .text.z_impl_k_sched_current_thread_query
                0x0000000000005890        0xc zephyr/kernel/libkernel.a(sched.c.obj)
                0x0000000000005890                z_impl_k_sched_current_thread_query
 .text.z_thread_abort
                0x000000000000589c      0x144 zephyr/kernel/libkernel.a(sched.c.obj)
                0x000000000000589c                z_thread_abort
 .text.slice_timeout
                0x00000000000059e0       0x20 zephyr/kernel/libkernel.a(timeslicing.c.obj)
 .text.thread_is_sliceable
                0x0000000000005a00       0x3c zephyr/kernel/libkernel.a(timeslicing.c.obj)
                0x0000000000005a00                thread_is_sliceable
 .text.z_reset_time_slice
                0x0000000000005a3c       0x50 zephyr/kernel/libkernel.a(timeslicing.c.obj)
                0x0000000000005a3c                z_reset_time_slice
 .text.z_time_slice
                0x0000000000005a8c       0x60 zephyr/kernel/libkernel.a(timeslicing.c.obj)
                0x0000000000005a8c                z_time_slice
 .text.z_thread_monitor_exit
                0x0000000000005aec       0x3c zephyr/kernel/libkernel.a(thread_monitor.c.obj)
                0x0000000000005aec                z_thread_monitor_exit
 .text.first    0x0000000000005b28       0x10 zephyr/kernel/libkernel.a(timeout.c.obj)
 .text.elapsed  0x0000000000005b38       0x14 zephyr/kernel/libkernel.a(timeout.c.obj)
 .text.remove_timeout
                0x0000000000005b4c       0x38 zephyr/kernel/libkernel.a(timeout.c.obj)
 .text.z_add_timeout
                0x0000000000005b84      0x120 zephyr/kernel/libkernel.a(timeout.c.obj)
                0x0000000000005b84                z_add_timeout
 .text.sys_clock_announce
                0x0000000000005ca4       0xbc zephyr/kernel/libkernel.a(timeout.c.obj)
                0x0000000000005ca4                sys_clock_announce
 .text.sys_clock_tick_get
                0x0000000000005d60       0x30 zephyr/kernel/libkernel.a(timeout.c.obj)
                0x0000000000005d60                sys_clock_tick_get
 .text.z_timer_expiration_handler
                0x0000000000005d90      0x110 zephyr/kernel/libkernel.a(timer.c.obj)
                0x0000000000005d90                z_timer_expiration_handler
 .text.z_impl_k_timer_start
                0x0000000000005ea0       0x70 zephyr/kernel/libkernel.a(timer.c.obj)
                0x0000000000005ea0                z_impl_k_timer_start
 .text.nrf_cc3xx_platform_init_no_rng
                0x0000000000005f10       0x38 C:/ncs/v3.2.2/nrfxlib/crypto/nrf_cc312_platform/lib/cortex-m33/soft-float/no-interrupts/libnrf_cc312_platform_0.9.19.a(nrf_cc3xx_platform.c.obj)
                0x0000000000005f10                nrf_cc3xx_platform_init_no_rng
 .text.nrf_cc3xx_platform_abort
                0x0000000000005f48       0x24 C:/ncs/v3.2.2/nrfxlib/crypto/nrf_cc312_platform/lib/cortex-m33/soft-float/no-interrupts/libnrf_cc312_platform_0.9.19.a(nrf_cc3xx_platform_abort.c.obj)
 .text.CC_PalAbort
                0x0000000000005f6c       0x44 C:/ncs/v3.2.2/nrfxlib/crypto/nrf_cc312_platform/lib/cortex-m33/soft-float/no-interrupts/libnrf_cc312_platform_0.9.19.a(nrf_cc3xx_platform_abort.c.obj)
                0x0000000000005f6c                CC_PalAbort
 .text.nrf_cc3xx_platform_set_abort
                0x0000000000005fb0       0x10 C:/ncs/v3.2.2/nrfxlib/crypto/nrf_cc312_platform/lib/cortex-m33/soft-float/no-interrupts/libnrf_cc312_platform_0.9.19.a(nrf_cc3xx_platform_abort.c.obj)
                0x0000000000005fb0                nrf_cc3xx_platform_set_abort
 .text.mutex_free
                0x0000000000005fc0       0x34 C:/ncs/v3.2.2/nrfxlib/crypto/nrf_cc312_platform/lib/cortex-m33/soft-float/no-interrupts/libnrf_cc312_platform_0.9.19.a(nrf_cc3xx_platform_mutex.c.obj)
 .text.mutex_lock
                0x0000000000005ff4       0x48 C:/ncs/v3.2.2/nrfxlib/crypto/nrf_cc312_platform/lib/cortex-m33/soft-float/no-interrupts/libnrf_cc312_platform_0.9.19.a(nrf_cc3xx_platform_mutex.c.obj)
 .text.mutex_unlock
                0x000000000000603c       0x38 C:/ncs/v3.2.2/nrfxlib/crypto/nrf_cc312_platform/lib/cortex-m33/soft-float/no-interrupts/libnrf_cc312_platform_0.9.19.a(nrf_cc3xx_platform_mutex.c.obj)
 .text.mutex_init
                0x0000000000006074       0x20 C:/ncs/v3.2.2/nrfxlib/crypto/nrf_cc312_platform/lib/cortex-m33/soft-float/no-interrupts/libnrf_cc312_platform_0.9.19.a(nrf_cc3xx_platform_mutex.c.obj)
 .text.nrf_cc3xx_platform_set_mutexes
                0x0000000000006094       0x78 C:/ncs/v3.2.2/nrfxlib/crypto/nrf_cc312_platform/lib/cortex-m33/soft-float/no-interrupts/libnrf_cc312_platform_0.9.19.a(nrf_cc3xx_platform_mutex.c.obj)
                0x0000000000006094                nrf_cc3xx_platform_set_mutexes
 .text.CC_LibInitNoRng
                0x000000000000610c       0x28 C:/ncs/v3.2.2/nrfxlib/crypto/nrf_cc312_platform/lib/cortex-m33/soft-float/no-interrupts/libnrf_cc312_platform_0.9.19.a(cc_lib.c.obj)
                0x000000000000610c                CC_LibInitNoRng
 .text.CC_HalInit
                0x0000000000006134        0x4 C:/ncs/v3.2.2/nrfxlib/crypto/nrf_cc312_platform/lib/cortex-m33/soft-float/no-interrupts/libnrf_cc312_platform_0.9.19.a(cc_hal.c.obj)
                0x0000000000006134                CC_HalInit
 .text.CC_PalInit
                0x0000000000006138       0x5c C:/ncs/v3.2.2/nrfxlib/crypto/nrf_cc312_platform/lib/cortex-m33/soft-float/no-interrupts/libnrf_cc312_platform_0.9.19.a(cc_pal.c.obj)
                0x0000000000006138                CC_PalInit
 .text.CC_PalTerminate
                0x0000000000006194       0x34 C:/ncs/v3.2.2/nrfxlib/crypto/nrf_cc312_platform/lib/cortex-m33/soft-float/no-interrupts/libnrf_cc312_platform_0.9.19.a(cc_pal.c.obj)
                0x0000000000006194                CC_PalTerminate
 .text.CC_PalDmaInit
                0x00000000000061c8        0x4 C:/ncs/v3.2.2/nrfxlib/crypto/nrf_cc312_platform/lib/cortex-m33/soft-float/no-interrupts/libnrf_cc312_platform_0.9.19.a(cc_pal_dma.c.obj)
                0x00000000000061c8                CC_PalDmaInit
 .text.CC_PalDmaTerminate
                0x00000000000061cc        0x4 C:/ncs/v3.2.2/nrfxlib/crypto/nrf_cc312_platform/lib/cortex-m33/soft-float/no-interrupts/libnrf_cc312_platform_0.9.19.a(cc_pal_dma.c.obj)
                0x00000000000061cc                CC_PalDmaTerminate
 .text.CC_PalMutexCreate
                0x00000000000061d0       0x14 C:/ncs/v3.2.2/nrfxlib/crypto/nrf_cc312_platform/lib/cortex-m33/soft-float/no-interrupts/libnrf_cc312_platform_0.9.19.a(cc_pal_mutex.c.obj)
                0x00000000000061d0                CC_PalMutexCreate
 .text.CC_PalMutexDestroy
                0x00000000000061e4       0x14 C:/ncs/v3.2.2/nrfxlib/crypto/nrf_cc312_platform/lib/cortex-m33/soft-float/no-interrupts/libnrf_cc312_platform_0.9.19.a(cc_pal_mutex.c.obj)
                0x00000000000061e4                CC_PalMutexDestroy
 .text.CC_PalPowerSaveModeInit
                0x00000000000061f8       0x3c C:/ncs/v3.2.2/nrfxlib/crypto/nrf_cc312_platform/lib/cortex-m33/soft-float/no-interrupts/libnrf_cc312_platform_0.9.19.a(cc_pal_pm.c.obj)
                0x00000000000061f8                CC_PalPowerSaveModeInit
 .text.snprintf
                0x0000000000006234       0x58 c:\ncs\toolchains\c717907b94\opt\zephyr-sdk\arm-zephyr-eabi\bin\../lib/gcc/../../picolibc/arm-zephyr-eabi/lib/thumb/v8-m.main/nofp\libc.a(libc_tinystdio_snprintf.c.o)
                0x0000000000006234                snprintf
 .text.__l_vfprintf
                0x000000000000628c      0x4b4 c:\ncs\toolchains\c717907b94\opt\zephyr-sdk\arm-zephyr-eabi\bin\../lib/gcc/../../picolibc/arm-zephyr-eabi/lib/thumb/v8-m.main/nofp\libc.a(libc_tinystdio_vflprintf.c.o)
                0x000000000000628c                __l_vfprintf
 .text._OffsetAbsSyms
                0x0000000000006740        0x2 zephyr/CMakeFiles/offsets.dir/./arch/arm/core/offsets/offsets.c.obj
                0x0000000000006740                _OffsetAbsSyms
 .text.chunk_field
                0x0000000000006742       0x16 zephyr/libzephyr.a(heap.c.obj)
 .text.chunk_set
                0x0000000000006758       0x16 zephyr/libzephyr.a(heap.c.obj)
 .text.chunk_size
                0x000000000000676e        0xc zephyr/libzephyr.a(heap.c.obj)
 .text.set_chunk_used
                0x000000000000677a       0x30 zephyr/libzephyr.a(heap.c.obj)
 .text.set_chunk_size
                0x00000000000067aa        0x8 zephyr/libzephyr.a(heap.c.obj)
 .text.bucket_idx
                0x00000000000067b2       0x1e zephyr/libzephyr.a(heap.c.obj)
 .text.free_list_add
                0x00000000000067d0       0x84 zephyr/libzephyr.a(heap.c.obj)
 .text.sys_heap_init
                0x0000000000006854       0xb0 zephyr/libzephyr.a(heap.c.obj)
                0x0000000000006854                sys_heap_init
 .text.cbpprintf_external
                0x0000000000006904       0x62 zephyr/libzephyr.a(cbprintf_packaged.c.obj)
                0x0000000000006904                cbpprintf_external
 .text.is_ptr   0x0000000000006966       0x4a zephyr/libzephyr.a(cbprintf_packaged.c.obj)
                0x0000000000006966                is_ptr
 .text.arch_printk_char_out
                0x00000000000069b0        0x4 zephyr/libzephyr.a(printk.c.obj)
                0x00000000000069b0                arch_printk_char_out
 .text.printk   0x00000000000069b4       0x1a zephyr/libzephyr.a(printk.c.obj)
                0x00000000000069b4                printk
 .text.free_space
                0x00000000000069ce       0x26 zephyr/libzephyr.a(mpsc_pbuf.c.obj)
 .text.get_usage
                0x00000000000069f4       0x22 zephyr/libzephyr.a(mpsc_pbuf.c.obj)
 .text.idx_inc  0x0000000000006a16       0x1c zephyr/libzephyr.a(mpsc_pbuf.c.obj)
 .text.rd_idx_inc
                0x0000000000006a32       0x18 zephyr/libzephyr.a(mpsc_pbuf.c.obj)
 .text.add_skip_item
                0x0000000000006a4a       0x3e zephyr/libzephyr.a(mpsc_pbuf.c.obj)
 .text.drop_item_locked
                0x0000000000006a88      0x100 zephyr/libzephyr.a(mpsc_pbuf.c.obj)
 .text.post_drop_action
                0x0000000000006b88       0x36 zephyr/libzephyr.a(mpsc_pbuf.c.obj)
 .text.max_utilization_update
                0x0000000000006bbe       0x1a zephyr/libzephyr.a(mpsc_pbuf.c.obj)
 .text.mpsc_pbuf_init
                0x0000000000006bd8       0x42 zephyr/libzephyr.a(mpsc_pbuf.c.obj)
                0x0000000000006bd8                mpsc_pbuf_init
 .text.mpsc_pbuf_alloc
                0x0000000000006c1a       0xfe zephyr/libzephyr.a(mpsc_pbuf.c.obj)
                0x0000000000006c1a                mpsc_pbuf_alloc
 .text.mpsc_pbuf_commit
                0x0000000000006d18       0x3e zephyr/libzephyr.a(mpsc_pbuf.c.obj)
                0x0000000000006d18                mpsc_pbuf_commit
 .text.mpsc_pbuf_claim
                0x0000000000006d56       0xa8 zephyr/libzephyr.a(mpsc_pbuf.c.obj)
                0x0000000000006d56                mpsc_pbuf_claim
 .text.mpsc_pbuf_free
                0x0000000000006dfe       0x76 zephyr/libzephyr.a(mpsc_pbuf.c.obj)
                0x0000000000006dfe                mpsc_pbuf_free
 .text.mpsc_pbuf_is_pending
                0x0000000000006e74       0x32 zephyr/libzephyr.a(mpsc_pbuf.c.obj)
                0x0000000000006e74                mpsc_pbuf_is_pending
 .text.process_recheck
                0x0000000000006ea6       0x38 zephyr/libzephyr.a(onoff.c.obj)
 .text.validate_args
                0x0000000000006ede       0x20 zephyr/libzephyr.a(onoff.c.obj)
 .text.notify_one
                0x0000000000006efe       0x2c zephyr/libzephyr.a(onoff.c.obj)
 .text.transition_complete
                0x0000000000006f2a       0x1a zephyr/libzephyr.a(onoff.c.obj)
 .text.onoff_manager_init
                0x0000000000006f44       0x26 zephyr/libzephyr.a(onoff.c.obj)
                0x0000000000006f44                onoff_manager_init
 .text.onoff_request
                0x0000000000006f6a       0xae zephyr/libzephyr.a(onoff.c.obj)
                0x0000000000006f6a                onoff_request
 .text.sys_notify_validate
                0x0000000000007018       0x22 zephyr/libzephyr.a(notify.c.obj)
                0x0000000000007018                sys_notify_validate
 .text.sys_notify_finalize
                0x000000000000703a       0x1a zephyr/libzephyr.a(notify.c.obj)
                0x000000000000703a                sys_notify_finalize
 .text._ConfigAbsSyms
                0x0000000000007054        0x2 zephyr/libzephyr.a(configs.c.obj)
                0x0000000000007054                _ConfigAbsSyms
 .text.log_msg_generic_get_wlen
                0x0000000000007056       0x20 zephyr/libzephyr.a(log_core.c.obj)
 .text.dummy_timestamp
                0x0000000000007076        0x4 zephyr/libzephyr.a(log_core.c.obj)
 .text.default_get_timestamp
                0x000000000000707a        0x4 zephyr/libzephyr.a(log_core.c.obj)
 .text.atomic_inc
                0x000000000000707e       0x12 zephyr/libzephyr.a(log_core.c.obj)
 .text.z_log_vprintk
                0x0000000000007090       0x1c zephyr/libzephyr.a(log_core.c.obj)
                0x0000000000007090                z_log_vprintk
 .text.z_log_notify_drop
                0x00000000000070ac        0x6 zephyr/libzephyr.a(log_core.c.obj)
 .text.z_log_get_tag
                0x00000000000070b2        0x4 zephyr/libzephyr.a(log_core.c.obj)
                0x00000000000070b2                z_log_get_tag
 .text.log_backend_enable
                0x00000000000070b6       0x12 zephyr/libzephyr.a(log_mgmt.c.obj)
                0x00000000000070b6                log_backend_enable
 .text.z_cbprintf_cpy
                0x00000000000070c8       0x2e zephyr/libzephyr.a(log_msg.c.obj)
 .text.z_log_msg_finalize
                0x00000000000070f6       0x32 zephyr/libzephyr.a(log_msg.c.obj)
                0x00000000000070f6                z_log_msg_finalize
 .text.z_log_msg_simple_create
                0x0000000000007128       0x6e zephyr/libzephyr.a(log_msg.c.obj)
 .text.z_impl_z_log_msg_simple_create_0
                0x0000000000007196       0x12 zephyr/libzephyr.a(log_msg.c.obj)
                0x0000000000007196                z_impl_z_log_msg_simple_create_0
 .text.z_impl_z_log_msg_simple_create_1
                0x00000000000071a8       0x14 zephyr/libzephyr.a(log_msg.c.obj)
                0x00000000000071a8                z_impl_z_log_msg_simple_create_1
 .text.log_output_write
                0x00000000000071bc       0x1c zephyr/libzephyr.a(log_output.c.obj)
 .text.log_output_flush
                0x00000000000071d8       0x1a zephyr/libzephyr.a(log_output.c.obj)
 .text.out_func
                0x00000000000071f2       0x2e zephyr/libzephyr.a(log_output.c.obj)
 .text.cr_out_func
                0x0000000000007220       0x1c zephyr/libzephyr.a(log_output.c.obj)
 .text.log_output_msg_process
                0x000000000000723c       0x6a zephyr/libzephyr.a(log_output.c.obj)
                0x000000000000723c                log_output_msg_process
 .text.format_set
                0x00000000000072a6        0xc zephyr/libzephyr.a(log_backend_uart.c.obj)
 .text.log_backend_uart_init
                0x00000000000072b2        0xc zephyr/libzephyr.a(log_backend_uart.c.obj)
 .text.panic    0x00000000000072be       0x32 zephyr/libzephyr.a(log_backend_uart.c.obj)
 .text.dropped  0x00000000000072f0        0xa zephyr/libzephyr.a(log_backend_uart.c.obj)
 .text.process  0x00000000000072fa       0x1e zephyr/libzephyr.a(log_backend_uart.c.obj)
 .text.abort_function
                0x0000000000007318        0x2 zephyr/libzephyr.a(nrf_cc3xx_platform_abort_zephyr.c.obj)
 .text.arch_early_memset
                0x000000000000731a        0x4 zephyr/arch/common/libarch__common.a(init.c.obj)
                0x000000000000731a                arch_early_memset
 .text.arch_early_memcpy
                0x000000000000731e        0x4 zephyr/arch/common/libarch__common.a(init.c.obj)
                0x000000000000731e                arch_early_memcpy
 .text.z_do_kernel_oops
                0x0000000000007322        0x8 zephyr/arch/arch/arm/core/libarch__arm__core.a(fatal.c.obj)
                0x0000000000007322                z_do_kernel_oops
 .text.z_arm_nmi
                0x000000000000732a        0xe zephyr/arch/arch/arm/core/libarch__arm__core.a(nmi.c.obj)
                0x000000000000732a                z_arm_nmi
 .text.z_log_msg_simple_create_0.constprop.0
                0x0000000000007338        0x8 zephyr/arch/arch/arm/core/cortex_m/libarch__arm__core__cortex_m.a(fault.c.obj)
 .text.z_irq_spurious
                0x0000000000007340        0x8 zephyr/arch/arch/arm/core/cortex_m/libarch__arm__core__cortex_m.a(irq_manage.c.obj)
                0x0000000000007340                z_irq_spurious
 .text.configure_builtin_stack_guard
                0x0000000000007348        0xa zephyr/arch/arch/arm/core/cortex_m/libarch__arm__core__cortex_m.a(thread.c.obj)
                0x0000000000007348                configure_builtin_stack_guard
 .text.arch_coprocessors_disable
                0x0000000000007352        0x6 zephyr/arch/arch/arm/core/cortex_m/libarch__arm__core__cortex_m.a(thread.c.obj)
                0x0000000000007352                arch_coprocessors_disable
 .text.arch_irq_unlock_outlined
                0x0000000000007358        0xe zephyr/arch/arch/arm/core/cortex_m/libarch__arm__core__cortex_m.a(thread.c.obj)
                0x0000000000007358                arch_irq_unlock_outlined
 .text.arch_cpu_idle
                0x0000000000007366       0x32 zephyr/arch/arch/arm/core/cortex_m/libarch__arm__core__cortex_m.a(cpu_idle.c.obj)
                0x0000000000007366                arch_cpu_idle
 .text.arch_cpu_atomic_idle
                0x0000000000007398       0x38 zephyr/arch/arch/arm/core/cortex_m/libarch__arm__core__cortex_m.a(cpu_idle.c.obj)
                0x0000000000007398                arch_cpu_atomic_idle
 .text.arm_cmse_mpu_region_get
                0x00000000000073d0       0x12 zephyr/arch/arch/arm/core/cortex_m/cmse/libarch__arm__core__cortex_m__cmse.a(arm_core_cmse.c.obj)
                0x00000000000073d0                arm_cmse_mpu_region_get
 .text.mpu_configure_region
                0x00000000000073e2       0x32 zephyr/arch/arch/arm/core/mpu/libarch__arm__core__mpu.a(arm_mpu.c.obj)
 .text.cbputc   0x0000000000007414        0xc zephyr/lib/libc/picolibc/liblib__libc__picolibc.a(cbprintf.c.obj)
 .text.picolibc_put
                0x0000000000007420        0xa zephyr/lib/libc/picolibc/liblib__libc__picolibc.a(stdio.c.obj)
 .text.onoff_stop
                0x000000000000742a       0x22 zephyr/soc/soc/nrf5340/libsoc__nordic.a(nrf53_cpunet_mgmt.c.obj)
 .text.get_status
                0x000000000000744c       0x12 zephyr/drivers/clock_control/libdrivers__clock_control.a(clock_control_nrf.c.obj)
 .text.stop     0x000000000000745e       0x50 zephyr/drivers/clock_control/libdrivers__clock_control.a(clock_control_nrf.c.obj)
 .text.api_stop
                0x00000000000074ae        0x6 zephyr/drivers/clock_control/libdrivers__clock_control.a(clock_control_nrf.c.obj)
 .text.async_start
                0x00000000000074b4       0x5a zephyr/drivers/clock_control/libdrivers__clock_control.a(clock_control_nrf.c.obj)
 .text.api_start
                0x000000000000750e        0xe zephyr/drivers/clock_control/libdrivers__clock_control.a(clock_control_nrf.c.obj)
 .text.onoff_started_callback
                0x000000000000751c       0x12 zephyr/drivers/clock_control/libdrivers__clock_control.a(clock_control_nrf.c.obj)
 .text.hfclkaudio_start
                0x000000000000752e        0x6 zephyr/drivers/clock_control/libdrivers__clock_control.a(clock_control_nrf.c.obj)
 .text.hfclk192m_start
                0x0000000000007534        0x6 zephyr/drivers/clock_control/libdrivers__clock_control.a(clock_control_nrf.c.obj)
 .text.hfclkaudio_stop
                0x000000000000753a        0x6 zephyr/drivers/clock_control/libdrivers__clock_control.a(clock_control_nrf.c.obj)
 .text.hfclk192m_stop
                0x0000000000007540        0x6 zephyr/drivers/clock_control/libdrivers__clock_control.a(clock_control_nrf.c.obj)
 .text.blocking_start_callback
                0x0000000000007546        0x6 zephyr/drivers/clock_control/libdrivers__clock_control.a(clock_control_nrf.c.obj)
 .text.lfclk_stop
                0x000000000000754c        0x4 zephyr/drivers/clock_control/libdrivers__clock_control.a(clock_control_nrf.c.obj)
 .text.lfclk_start
                0x0000000000007550        0x4 zephyr/drivers/clock_control/libdrivers__clock_control.a(clock_control_nrf.c.obj)
 .text.gpio_nrfx_port_get_raw
                0x0000000000007554        0xc zephyr/drivers/gpio/libdrivers__gpio.a(gpio_nrfx.c.obj)
 .text.gpio_nrfx_port_set_masked_raw
                0x0000000000007560       0x14 zephyr/drivers/gpio/libdrivers__gpio.a(gpio_nrfx.c.obj)
 .text.gpio_nrfx_port_set_bits_raw
                0x0000000000007574        0xa zephyr/drivers/gpio/libdrivers__gpio.a(gpio_nrfx.c.obj)
 .text.gpio_nrfx_port_clear_bits_raw
                0x000000000000757e        0xa zephyr/drivers/gpio/libdrivers__gpio.a(gpio_nrfx.c.obj)
 .text.gpio_nrfx_port_toggle_bits
                0x0000000000007588       0x14 zephyr/drivers/gpio/libdrivers__gpio.a(gpio_nrfx.c.obj)
 .text.gpio_nrfx_manage_callback
                0x000000000000759c       0x52 zephyr/drivers/gpio/libdrivers__gpio.a(gpio_nrfx.c.obj)
 .text.gpio_nrfx_gpiote_irq_handler
                0x00000000000075ee        0x4 zephyr/drivers/gpio/libdrivers__gpio.a(gpio_nrfx.c.obj)
                0x00000000000075ee                gpio_nrfx_gpiote_irq_handler
 .text.pinctrl_lookup_state
                0x00000000000075f2       0x26 zephyr/drivers/pinctrl/libdrivers__pinctrl.a(common.c.obj)
                0x00000000000075f2                pinctrl_lookup_state
 .text.uarte_nrfx_err_check
                0x0000000000007618        0xe zephyr/drivers/serial/libdrivers__serial.a(uart_nrfx_uarte.c.obj)
 .text.uarte_nrfx_poll_in
                0x0000000000007626       0x26 zephyr/drivers/serial/libdrivers__serial.a(uart_nrfx_uarte.c.obj)
 .text.is_tx_ready.isra.0
                0x000000000000764c       0x20 zephyr/drivers/serial/libdrivers__serial.a(uart_nrfx_uarte.c.obj)
 .text.uarte_nrfx_isr_int
                0x000000000000766c       0x42 zephyr/drivers/serial/libdrivers__serial.a(uart_nrfx_uarte.c.obj)
 .text.pinctrl_apply_state.isra.0
                0x00000000000076ae       0x1e zephyr/drivers/serial/libdrivers__serial.a(uart_nrfx_uarte.c.obj)
 .text.uarte_instance_deinit
                0x00000000000076cc        0x6 zephyr/drivers/serial/libdrivers__serial.a(uart_nrfx_uarte.c.obj)
 .text.z_log_msg_simple_create_0
                0x00000000000076d2        0x4 zephyr/drivers/spi/libdrivers__spi.a(spi_nrfx_spim.c.obj)
 .text.irq_connect0
                0x00000000000076d6        0xa zephyr/drivers/spi/libdrivers__spi.a(spi_nrfx_spim.c.obj)
 .text.irq_connect1
                0x00000000000076e0        0xa zephyr/drivers/spi/libdrivers__spi.a(spi_nrfx_spim.c.obj)
 .text.spi_context_get_next_buf.constprop.0
                0x00000000000076ea       0x26 zephyr/drivers/spi/libdrivers__spi.a(spi_nrfx_spim.c.obj)
 .text.pinctrl_apply_state.isra.0
                0x0000000000007710       0x1e zephyr/drivers/spi/libdrivers__spi.a(spi_nrfx_spim.c.obj)
 .text.gpio_pin_set_dt.isra.0
                0x000000000000772e       0x28 zephyr/drivers/spi/libdrivers__spi.a(spi_nrfx_spim.c.obj)
 .text.spi_nrfx_deinit
                0x0000000000007756       0x24 zephyr/drivers/spi/libdrivers__spi.a(spi_nrfx_spim.c.obj)
 .text._spi_context_cs_control
                0x000000000000777a       0x40 zephyr/drivers/spi/libdrivers__spi.a(spi_nrfx_spim.c.obj)
 .text.spi_context_unlock_unconditionally
                0x00000000000077ba       0x20 zephyr/drivers/spi/libdrivers__spi.a(spi_nrfx_spim.c.obj)
 .text.spi_nrfx_release
                0x00000000000077da       0x26 zephyr/drivers/spi/libdrivers__spi.a(spi_nrfx_spim.c.obj)
 .text.finish_transaction
                0x0000000000007800       0x24 zephyr/drivers/spi/libdrivers__spi.a(spi_nrfx_spim.c.obj)
 .text.transfer_next_chunk
                0x0000000000007824       0xc0 zephyr/drivers/spi/libdrivers__spi.a(spi_nrfx_spim.c.obj)
 .text.spi_nrfx_wake_init
                0x00000000000078e4       0x50 zephyr/drivers/spi/libdrivers__spi.a(spi_nrfx_common.c.obj)
                0x00000000000078e4                spi_nrfx_wake_init
 .text.spi_nrfx_wake_request
                0x0000000000007934       0x50 zephyr/drivers/spi/libdrivers__spi.a(spi_nrfx_common.c.obj)
                0x0000000000007934                spi_nrfx_wake_request
 .text.event_clear
                0x0000000000007984       0x18 zephyr/drivers/timer/libdrivers__timer.a(nrf_rtc_timer.c.obj)
 .text.sys_clock_cycle_get_32
                0x000000000000799c        0x8 zephyr/drivers/timer/libdrivers__timer.a(nrf_rtc_timer.c.obj)
                0x000000000000799c                sys_clock_cycle_get_32
 .text.hw_cc3xx_init_internal
                0x00000000000079a4        0x4 modules/nrf/drivers/hw_cc3xx/lib..__nrf__drivers__hw_cc3xx.a(hw_cc3xx.c.obj)
 .text.hw_cc3xx_init
                0x00000000000079a8       0x12 modules/nrf/drivers/hw_cc3xx/lib..__nrf__drivers__hw_cc3xx.a(hw_cc3xx.c.obj)
 .text.nrfx_isr
                0x00000000000079ba        0x6 modules/hal_nordic/modules/hal_nordic/nrfx/libmodules__hal_nordic__nrfx.a(nrfx_glue.c.obj)
                0x00000000000079ba                nrfx_isr
 .text.nrfx_busy_wait
                0x00000000000079c0        0x4 modules/hal_nordic/modules/hal_nordic/nrfx/libmodules__hal_nordic__nrfx.a(nrfx_glue.c.obj)
                0x00000000000079c0                nrfx_busy_wait
 .text.nrfx_flag32_alloc
                0x00000000000079c4       0x34 modules/hal_nordic/modules/hal_nordic/nrfx/libmodules__hal_nordic__nrfx.a(nrfx_flag32_allocator.c.obj)
                0x00000000000079c4                nrfx_flag32_alloc
 .text.nrfx_flag32_free
                0x00000000000079f8       0x32 modules/hal_nordic/modules/hal_nordic/nrfx/libmodules__hal_nordic__nrfx.a(nrfx_flag32_allocator.c.obj)
                0x00000000000079f8                nrfx_flag32_free
 .text.nrfx_gppi_conn_alloc
                0x0000000000007a2a       0x28 modules/hal_nordic/modules/hal_nordic/nrfx/libmodules__hal_nordic__nrfx.a(nrfx_gppi_dppi.c.obj)
                0x0000000000007a2a                nrfx_gppi_conn_alloc
 .text.nrfx_clock_start
                0x0000000000007a52       0x1e modules/hal_nordic/modules/hal_nordic/nrfx/libmodules__hal_nordic__nrfx.a(nrfx_clock.c.obj)
                0x0000000000007a52                nrfx_clock_start
 .text.nrfx_clock_stop
                0x0000000000007a70       0x1e modules/hal_nordic/modules/hal_nordic/nrfx/libmodules__hal_nordic__nrfx.a(nrfx_clock.c.obj)
                0x0000000000007a70                nrfx_clock_stop
 .text.CLOCK_POWER_IRQHandler
                0x0000000000007a8e       0x16 modules/hal_nordic/modules/hal_nordic/nrfx/libmodules__hal_nordic__nrfx.a(nrfx_clock.c.obj)
                0x0000000000007a8e                CLOCK_POWER_IRQHandler
 .text.clock_stop
                0x0000000000007aa4       0x38 modules/hal_nordic/modules/hal_nordic/nrfx/libmodules__hal_nordic__nrfx.a(nrfx_clock_hfclk.c.obj)
 .text.nrfx_clock_hfclk_stop
                0x0000000000007adc        0x4 modules/hal_nordic/modules/hal_nordic/nrfx/libmodules__hal_nordic__nrfx.a(nrfx_clock_hfclk.c.obj)
                0x0000000000007adc                nrfx_clock_hfclk_stop
 .text.clock_stop
                0x0000000000007ae0       0x34 modules/hal_nordic/modules/hal_nordic/nrfx/libmodules__hal_nordic__nrfx.a(nrfx_clock_hfclkaudio.c.obj)
 .text.nrfx_clock_hfclkaudio_stop
                0x0000000000007b14        0x4 modules/hal_nordic/modules/hal_nordic/nrfx/libmodules__hal_nordic__nrfx.a(nrfx_clock_hfclkaudio.c.obj)
                0x0000000000007b14                nrfx_clock_hfclkaudio_stop
 .text.clock_stop
                0x0000000000007b18       0x34 modules/hal_nordic/modules/hal_nordic/nrfx/libmodules__hal_nordic__nrfx.a(nrfx_clock_hfclk192m.c.obj)
 .text.nrfx_clock_hfclk192m_stop
                0x0000000000007b4c        0x4 modules/hal_nordic/modules/hal_nordic/nrfx/libmodules__hal_nordic__nrfx.a(nrfx_clock_hfclk192m.c.obj)
                0x0000000000007b4c                nrfx_clock_hfclk192m_stop
 .text.clock_stop
                0x0000000000007b50       0x32 modules/hal_nordic/modules/hal_nordic/nrfx/libmodules__hal_nordic__nrfx.a(nrfx_clock_lfclk.c.obj)
 .text.nrfx_clock_lfclk_stop
                0x0000000000007b82        0x4 modules/hal_nordic/modules/hal_nordic/nrfx/libmodules__hal_nordic__nrfx.a(nrfx_clock_lfclk.c.obj)
                0x0000000000007b82                nrfx_clock_lfclk_stop
 .text.nrf_gpio_reconfigure
                0x0000000000007b86       0x92 modules/hal_nordic/modules/hal_nordic/nrfx/libmodules__hal_nordic__nrfx.a(nrfx_gpiote.c.obj)
 .text.nrf_gpio_cfg_sense_set
                0x0000000000007c18       0x1e modules/hal_nordic/modules/hal_nordic/nrfx/libmodules__hal_nordic__nrfx.a(nrfx_gpiote.c.obj)
 .text.pin_in_use_by_te
                0x0000000000007c36       0x16 modules/hal_nordic/modules/hal_nordic/nrfx/libmodules__hal_nordic__nrfx.a(nrfx_gpiote.c.obj)
 .text.pin_is_output
                0x0000000000007c4c       0x16 modules/hal_nordic/modules/hal_nordic/nrfx/libmodules__hal_nordic__nrfx.a(nrfx_gpiote.c.obj)
 .text.pin_te_get
                0x0000000000007c62       0x14 modules/hal_nordic/modules/hal_nordic/nrfx/libmodules__hal_nordic__nrfx.a(nrfx_gpiote.c.obj)
 .text.call_handler
                0x0000000000007c76       0x3e modules/hal_nordic/modules/hal_nordic/nrfx/libmodules__hal_nordic__nrfx.a(nrfx_gpiote.c.obj)
 .text.release_handler
                0x0000000000007cb4       0x54 modules/hal_nordic/modules/hal_nordic/nrfx/libmodules__hal_nordic__nrfx.a(nrfx_gpiote.c.obj)
 .text.pin_in_event_get
                0x0000000000007d08       0x22 modules/hal_nordic/modules/hal_nordic/nrfx/libmodules__hal_nordic__nrfx.a(nrfx_gpiote.c.obj)
 .text.__nrfy_internal_gpiote_events_process
                0x0000000000007d2a       0x4e modules/hal_nordic/modules/hal_nordic/nrfx/libmodules__hal_nordic__nrfx.a(nrfx_gpiote.c.obj)
 .text.pin_trigger_disable
                0x0000000000007d78       0x46 modules/hal_nordic/modules/hal_nordic/nrfx/libmodules__hal_nordic__nrfx.a(nrfx_gpiote.c.obj)
 .text.nrfx_gpiote_input_configure
                0x0000000000007dbe      0x170 modules/hal_nordic/modules/hal_nordic/nrfx/libmodules__hal_nordic__nrfx.a(nrfx_gpiote.c.obj)
                0x0000000000007dbe                nrfx_gpiote_input_configure
 .text.nrfx_gpiote_output_configure
                0x0000000000007f2e       0xf2 modules/hal_nordic/modules/hal_nordic/nrfx/libmodules__hal_nordic__nrfx.a(nrfx_gpiote.c.obj)
                0x0000000000007f2e                nrfx_gpiote_output_configure
 .text.nrfx_gpiote_global_callback_set
                0x0000000000008020        0x6 modules/hal_nordic/modules/hal_nordic/nrfx/libmodules__hal_nordic__nrfx.a(nrfx_gpiote.c.obj)
                0x0000000000008020                nrfx_gpiote_global_callback_set
 .text.nrfx_gpiote_channel_get
                0x0000000000008026       0x26 modules/hal_nordic/modules/hal_nordic/nrfx/libmodules__hal_nordic__nrfx.a(nrfx_gpiote.c.obj)
                0x0000000000008026                nrfx_gpiote_channel_get
 .text.nrfx_gpiote_init_check
                0x000000000000804c        0xc modules/hal_nordic/modules/hal_nordic/nrfx/libmodules__hal_nordic__nrfx.a(nrfx_gpiote.c.obj)
                0x000000000000804c                nrfx_gpiote_init_check
 .text.nrfx_gpiote_pin_uninit
                0x0000000000008058        0x4 modules/hal_nordic/modules/hal_nordic/nrfx/libmodules__hal_nordic__nrfx.a(nrfx_gpiote.c.obj)
                0x0000000000008058                nrfx_gpiote_pin_uninit
 .text.nrfx_gpiote_trigger_enable
                0x000000000000805c       0xa4 modules/hal_nordic/modules/hal_nordic/nrfx/libmodules__hal_nordic__nrfx.a(nrfx_gpiote.c.obj)
                0x000000000000805c                nrfx_gpiote_trigger_enable
 .text.nrfx_gpiote_trigger_disable
                0x0000000000008100        0x4 modules/hal_nordic/modules/hal_nordic/nrfx/libmodules__hal_nordic__nrfx.a(nrfx_gpiote.c.obj)
                0x0000000000008100                nrfx_gpiote_trigger_disable
 .text.nrfx_gpiote_in_event_get
                0x0000000000008104        0x4 modules/hal_nordic/modules/hal_nordic/nrfx/libmodules__hal_nordic__nrfx.a(nrfx_gpiote.c.obj)
                0x0000000000008104                nrfx_gpiote_in_event_get
 .text.__nrfy_internal_spim_event_handle
                0x0000000000008108       0x2a modules/hal_nordic/modules/hal_nordic/nrfx/libmodules__hal_nordic__nrfx.a(nrfx_spim.c.obj)
 .text.__nrfy_internal_spim_events_process
                0x0000000000008132       0x7c modules/hal_nordic/modules/hal_nordic/nrfx/libmodules__hal_nordic__nrfx.a(nrfx_spim.c.obj)
 .text.nrf_gpio_pin_set
                0x00000000000081ae       0x18 modules/hal_nordic/modules/hal_nordic/nrfx/libmodules__hal_nordic__nrfx.a(nrfx_spim.c.obj)
 .text.nrf_gpio_pin_clear
                0x00000000000081c6       0x18 modules/hal_nordic/modules/hal_nordic/nrfx/libmodules__hal_nordic__nrfx.a(nrfx_spim.c.obj)
 .text.spim_abort
                0x00000000000081de       0x38 modules/hal_nordic/modules/hal_nordic/nrfx/libmodules__hal_nordic__nrfx.a(nrfx_spim.c.obj)
 .text.nrfx_spim_init
                0x0000000000008216       0x3c modules/hal_nordic/modules/hal_nordic/nrfx/libmodules__hal_nordic__nrfx.a(nrfx_spim.c.obj)
                0x0000000000008216                nrfx_spim_init
 .text.nrfx_spim_xfer
                0x0000000000008252      0x158 modules/hal_nordic/modules/hal_nordic/nrfx/libmodules__hal_nordic__nrfx.a(nrfx_spim.c.obj)
                0x0000000000008252                nrfx_spim_xfer
 .text.nrfx_spim_irq_handler
                0x00000000000083aa       0x4e modules/hal_nordic/modules/hal_nordic/nrfx/libmodules__hal_nordic__nrfx.a(nrfx_spim.c.obj)
                0x00000000000083aa                nrfx_spim_irq_handler
 .text.z_impl_k_busy_wait
                0x00000000000083f8        0x8 zephyr/kernel/libkernel.a(busy_wait.c.obj)
                0x00000000000083f8                z_impl_k_busy_wait
 .text.do_device_init
                0x0000000000008400       0x30 zephyr/kernel/libkernel.a(device.c.obj)
                0x0000000000008400                do_device_init
 .text.z_impl_device_is_ready
                0x0000000000008430       0x16 zephyr/kernel/libkernel.a(device.c.obj)
                0x0000000000008430                z_impl_device_is_ready
 .text.arch_system_halt
                0x0000000000008446       0x10 zephyr/kernel/libkernel.a(fatal.c.obj)
                0x0000000000008446                arch_system_halt
 .text.create_free_list
                0x0000000000008456       0x34 zephyr/kernel/libkernel.a(mem_slab.c.obj)
 .text.k_mem_slab_init
                0x000000000000848a       0x1c zephyr/kernel/libkernel.a(mem_slab.c.obj)
                0x000000000000848a                k_mem_slab_init
 .text.k_mem_slab_free
                0x00000000000084a6       0x70 zephyr/kernel/libkernel.a(mem_slab.c.obj)
                0x00000000000084a6                k_mem_slab_free
 .text.idle     0x0000000000008516       0x16 zephyr/kernel/libkernel.a(idle.c.obj)
                0x0000000000008516                idle
 .text.adjust_owner_prio.isra.0
                0x000000000000852c       0x10 zephyr/kernel/libkernel.a(mutex.c.obj)
 .text.z_impl_k_mutex_init
                0x000000000000853c        0xe zephyr/kernel/libkernel.a(mutex.c.obj)
                0x000000000000853c                z_impl_k_mutex_init
 .text.z_impl_k_sem_init
                0x000000000000854a       0x18 zephyr/kernel/libkernel.a(sem.c.obj)
                0x000000000000854a                z_impl_k_sem_init
 .text.k_is_in_isr
                0x0000000000008562        0xc zephyr/kernel/libkernel.a(thread.c.obj)
                0x0000000000008562                k_is_in_isr
 .text.k_thread_name_get
                0x000000000000856e        0x4 zephyr/kernel/libkernel.a(thread.c.obj)
                0x000000000000856e                k_thread_name_get
 .text.sys_dlist_remove
                0x0000000000008572       0x10 zephyr/kernel/libkernel.a(sched.c.obj)
 .text.unpend_thread_no_timeout
                0x0000000000008582       0x14 zephyr/kernel/libkernel.a(sched.c.obj)
 .text.add_to_waitq_locked
                0x0000000000008596       0x50 zephyr/kernel/libkernel.a(sched.c.obj)
 .text.z_ready_thread
                0x00000000000085e6       0x1e zephyr/kernel/libkernel.a(sched.c.obj)
                0x00000000000085e6                z_ready_thread
 .text.z_unpend_thread_no_timeout
                0x0000000000008604       0x22 zephyr/kernel/libkernel.a(sched.c.obj)
                0x0000000000008604                z_unpend_thread_no_timeout
 .text.z_sched_wake_thread
                0x0000000000008626       0x3a zephyr/kernel/libkernel.a(sched.c.obj)
                0x0000000000008626                z_sched_wake_thread
 .text.z_thread_timeout
                0x0000000000008660        0x8 zephyr/kernel/libkernel.a(sched.c.obj)
                0x0000000000008660                z_thread_timeout
 .text.z_unpend1_no_timeout
                0x0000000000008668       0x2c zephyr/kernel/libkernel.a(sched.c.obj)
                0x0000000000008668                z_unpend1_no_timeout
 .text.z_impl_k_sleep
                0x0000000000008694       0x4e zephyr/kernel/libkernel.a(sched.c.obj)
                0x0000000000008694                z_impl_k_sleep
 .text.next_timeout
                0x00000000000086e2       0x2e zephyr/kernel/libkernel.a(timeout.c.obj)
 .text.z_abort_timeout
                0x0000000000008710       0x50 zephyr/kernel/libkernel.a(timeout.c.obj)
                0x0000000000008710                z_abort_timeout
 .text.sys_clock_tick_get_32
                0x0000000000008760        0x8 zephyr/kernel/libkernel.a(timeout.c.obj)
                0x0000000000008760                sys_clock_tick_get_32
 .text.z_impl_k_uptime_ticks
                0x0000000000008768        0x4 zephyr/kernel/libkernel.a(timeout.c.obj)
                0x0000000000008768                z_impl_k_uptime_ticks
 .text.k_timer_init
                0x000000000000876c       0x18 zephyr/kernel/libkernel.a(timer.c.obj)
                0x000000000000876c                k_timer_init
 .text.z_impl_k_timer_stop
                0x0000000000008784       0x38 zephyr/kernel/libkernel.a(timer.c.obj)
                0x0000000000008784                z_impl_k_timer_stop
 .text.memcpy   0x00000000000087bc       0x1a c:\ncs\toolchains\c717907b94\opt\zephyr-sdk\arm-zephyr-eabi\bin\../lib/gcc/../../picolibc/arm-zephyr-eabi/lib/thumb/v8-m.main/nofp\libc.a(memcpy.c.o)
                0x00000000000087bc                __aeabi_memcpy
                0x00000000000087bc                __aeabi_memcpy4
                0x00000000000087bc                __aeabi_memcpy8
                0x00000000000087bc                memcpy
 .text.memset   0x00000000000087d6       0x10 c:\ncs\toolchains\c717907b94\opt\zephyr-sdk\arm-zephyr-eabi\bin\../lib/gcc/../../picolibc/arm-zephyr-eabi/lib/thumb/v8-m.main/nofp\libc.a(memset.c.o)
                0x00000000000087d6                memset
 .text.strncpy  0x00000000000087e6       0x20 c:\ncs\toolchains\c717907b94\opt\zephyr-sdk\arm-zephyr-eabi\bin\../lib/gcc/../../picolibc/arm-zephyr-eabi/lib/thumb/v8-m.main/nofp\libc.a(libc_string_strncpy.c.o)
                0x00000000000087e6                strncpy
 .text.strnlen  0x0000000000008806       0x18 c:\ncs\toolchains\c717907b94\opt\zephyr-sdk\arm-zephyr-eabi\bin\../lib/gcc/../../picolibc/arm-zephyr-eabi/lib/thumb/v8-m.main/nofp\libc.a(libc_string_strnlen.c.o)
                0x0000000000008806                strnlen
 .text.__ultoa_invert
                0x000000000000881e       0xac c:\ncs\toolchains\c717907b94\opt\zephyr-sdk\arm-zephyr-eabi\bin\../lib/gcc/../../picolibc/arm-zephyr-eabi/lib/thumb/v8-m.main/nofp\libc.a(libc_tinystdio_vflprintf.c.o)
 .text.__file_str_put
                0x00000000000088ca       0x10 c:\ncs\toolchains\c717907b94\opt\zephyr-sdk\arm-zephyr-eabi\bin\../lib/gcc/../../picolibc/arm-zephyr-eabi/lib/thumb/v8-m.main/nofp\libc.a(libc_tinystdio_filestrput.c.o)
                0x00000000000088ca                __file_str_put
 *(SORT_BY_ALIGNMENT(.TEXT.*))
 *fill*         0x00000000000088da        0x2 
 .TEXT.__aeabi_read_tp
                0x00000000000088dc        0xc zephyr/arch/arch/arm/core/cortex_m/libarch__arm__core__cortex_m.a(__aeabi_read_tp.S.obj)
                0x00000000000088dc                __aeabi_read_tp
 *(SORT_BY_ALIGNMENT(.gnu.linkonce.t.*))
 *(SORT_BY_ALIGNMENT(.glue_7t))
 .glue_7t       0x00000000000088e8        0x0 linker stubs
 *(SORT_BY_ALIGNMENT(.glue_7))
 .glue_7        0x00000000000088e8        0x0 linker stubs
 *(SORT_BY_ALIGNMENT(.vfp11_veneer))
 .vfp11_veneer  0x00000000000088e8        0x0 linker stubs
 *(SORT_BY_ALIGNMENT(.v4_bx))
 .v4_bx         0x00000000000088e8        0x0 linker stubs
                0x00000000000088e8                . = ALIGN (0x4)
                0x00000000000088e8                __text_region_end = .

.ARM.exidx      0x00000000000088e8        0x8
                0x00000000000088e8                __exidx_start = .
 *(SORT_BY_ALIGNMENT(.ARM.exidx*) SORT_BY_ALIGNMENT(gnu.linkonce.armexidx.*))
 .ARM.exidx     0x00000000000088e8        0x8 c:\ncs\toolchains\c717907b94\opt\zephyr-sdk\arm-zephyr-eabi\bin\../lib/gcc/../../picolibc/arm-zephyr-eabi/lib/thumb/v8-m.main/nofp\libc.a(strlen.S.o)
 .ARM.exidx     0x00000000000088f0        0x0 c:/ncs/toolchains/c717907b94/opt/zephyr-sdk/arm-zephyr-eabi/bin/../lib/gcc/arm-zephyr-eabi/12.2.0/thumb/v8-m.main/nofp\libgcc.a(_udivmoddi4.o)
                                          0x8 (size before relaxing)
                0x00000000000088f0                __exidx_end = .
                0x00000000000088f0                __rodata_region_start = .

initlevel       0x00000000000088f0       0x70
                0x00000000000088f0                __init_start = .
                0x00000000000088f0                __init_EARLY_start = .
 *(SORT_BY_NAME(SORT_BY_ALIGNMENT(.z_init_EARLY_P_?_*)))
 *(SORT_BY_NAME(SORT_BY_ALIGNMENT(.z_init_EARLY_P_??_*)))
 *(SORT_BY_NAME(SORT_BY_ALIGNMENT(.z_init_EARLY_P_???_*)))
                0x00000000000088f0                __init_PRE_KERNEL_1_start = .
 *(SORT_BY_NAME(SORT_BY_ALIGNMENT(.z_init_PRE_KERNEL_1_P_?_*)))
 .z_init_PRE_KERNEL_1_P_0_SUB_0_
                0x00000000000088f0        0x8 zephyr/soc/soc/nrf5340/libsoc__nordic.a(gppi_init.c.obj)
 *(SORT_BY_NAME(SORT_BY_ALIGNMENT(.z_init_PRE_KERNEL_1_P_??_*)))
 .z_init_PRE_KERNEL_1_P_30_SUB_00084_
                0x00000000000088f8        0x8 zephyr/drivers/clock_control/libdrivers__clock_control.a(clock_control_nrf.c.obj)
 .z_init_PRE_KERNEL_1_P_30_SUB_0_
                0x0000000000008900        0x8 zephyr/kernel/libkernel.a(mem_slab.c.obj)
 .z_init_PRE_KERNEL_1_P_40_SUB_00012_
                0x0000000000008908        0x8 zephyr/drivers/gpio/libdrivers__gpio.a(gpio_nrfx.c.obj)
 .z_init_PRE_KERNEL_1_P_40_SUB_00033_
                0x0000000000008910        0x8 zephyr/drivers/gpio/libdrivers__gpio.a(gpio_nrfx.c.obj)
 .z_init_PRE_KERNEL_1_P_40_SUB_0_
                0x0000000000008918        0x8 modules/nrf/drivers/hw_cc3xx/lib..__nrf__drivers__hw_cc3xx.a(hw_cc3xx.c.obj)
 .z_init_PRE_KERNEL_1_P_50_SUB_00120_
                0x0000000000008920        0x8 zephyr/drivers/serial/libdrivers__serial.a(uart_nrfx_uarte.c.obj)
 .z_init_PRE_KERNEL_1_P_60_SUB_0_
                0x0000000000008928        0x8 zephyr/drivers/console/libdrivers__console.a(uart_console.c.obj)
 *(SORT_BY_NAME(SORT_BY_ALIGNMENT(.z_init_PRE_KERNEL_1_P_???_*)))
                0x0000000000008930                __init_PRE_KERNEL_2_start = .
 *(SORT_BY_NAME(SORT_BY_ALIGNMENT(.z_init_PRE_KERNEL_2_P_?_*)))
 .z_init_PRE_KERNEL_2_P_0_SUB_0_
                0x0000000000008930        0x8 zephyr/drivers/timer/libdrivers__timer.a(nrf_rtc_timer.c.obj)
 *(SORT_BY_NAME(SORT_BY_ALIGNMENT(.z_init_PRE_KERNEL_2_P_??_*)))
 *(SORT_BY_NAME(SORT_BY_ALIGNMENT(.z_init_PRE_KERNEL_2_P_???_*)))
                0x0000000000008938                __init_POST_KERNEL_start = .
 *(SORT_BY_NAME(SORT_BY_ALIGNMENT(.z_init_POST_KERNEL_P_?_*)))
 .z_init_POST_KERNEL_P_0_SUB_0_
                0x0000000000008938        0x8 zephyr/libzephyr.a(log_core.c.obj)
 *(SORT_BY_NAME(SORT_BY_ALIGNMENT(.z_init_POST_KERNEL_P_??_*)))
 .z_init_POST_KERNEL_P_35_SUB_0_
                0x0000000000008940        0x8 zephyr/lib/libc/common/liblib__libc__common.a(malloc.c.obj)
 .z_init_POST_KERNEL_P_40_SUB_0_
                0x0000000000008948        0x8 modules/nrf/drivers/hw_cc3xx/lib..__nrf__drivers__hw_cc3xx.a(hw_cc3xx.c.obj)
 .z_init_POST_KERNEL_P_50_SUB_00115_
                0x0000000000008950        0x8 zephyr/drivers/spi/libdrivers__spi.a(spi_nrfx_spim.c.obj)
 .z_init_POST_KERNEL_P_50_SUB_00148_
                0x0000000000008958        0x8 zephyr/drivers/spi/libdrivers__spi.a(spi_nrfx_spim.c.obj)
 *(SORT_BY_NAME(SORT_BY_ALIGNMENT(.z_init_POST_KERNEL_P_???_*)))
                0x0000000000008960                __init_APPLICATION_start = .
 *(SORT_BY_NAME(SORT_BY_ALIGNMENT(.z_init_APPLICATION_P_?_*)))
 *(SORT_BY_NAME(SORT_BY_ALIGNMENT(.z_init_APPLICATION_P_??_*)))
 *(SORT_BY_NAME(SORT_BY_ALIGNMENT(.z_init_APPLICATION_P_???_*)))
                0x0000000000008960                __init_SMP_start = .
 *(SORT_BY_NAME(SORT_BY_ALIGNMENT(.z_init_SMP_P_?_*)))
 *(SORT_BY_NAME(SORT_BY_ALIGNMENT(.z_init_SMP_P_??_*)))
 *(SORT_BY_NAME(SORT_BY_ALIGNMENT(.z_init_SMP_P_???_*)))
                0x0000000000008960                __init_end = .

device_area     0x0000000000008960       0xc0
                0x0000000000008960                _device_list_start = .
 *(SORT_BY_NAME(SORT_BY_ALIGNMENT(._device.static.*_?_*)))
 *(SORT_BY_NAME(SORT_BY_ALIGNMENT(._device.static.*_??_*)))
 ._device.static.1_30_
                0x0000000000008960       0x20 zephyr/drivers/clock_control/libdrivers__clock_control.a(clock_control_nrf.c.obj)
                0x0000000000008960                __device_dts_ord_84
 ._device.static.1_40_
                0x0000000000008980       0x40 zephyr/drivers/gpio/libdrivers__gpio.a(gpio_nrfx.c.obj)
                0x0000000000008980                __device_dts_ord_33
                0x00000000000089a0                __device_dts_ord_12
 ._device.static.1_50_
                0x00000000000089c0       0x20 zephyr/drivers/serial/libdrivers__serial.a(uart_nrfx_uarte.c.obj)
                0x00000000000089c0                __device_dts_ord_120
 ._device.static.3_50_
                0x00000000000089e0       0x40 zephyr/drivers/spi/libdrivers__spi.a(spi_nrfx_spim.c.obj)
                0x00000000000089e0                __device_dts_ord_148
                0x0000000000008a00                __device_dts_ord_115
 *(SORT_BY_NAME(SORT_BY_ALIGNMENT(._device.static.*_???_*)))
 *(SORT_BY_NAME(SORT_BY_ALIGNMENT(._device.static.*_????_*)))
 *(SORT_BY_NAME(SORT_BY_ALIGNMENT(._device.static.*_?????_*)))
                0x0000000000008a20                _device_list_end = .

sw_isr_table    0x0000000000008a20      0x228
                0x0000000000008a20                . = ALIGN (0x4)
 *(SORT_BY_ALIGNMENT(.gnu.linkonce.sw_isr_table*))
 .gnu.linkonce.sw_isr_table
                0x0000000000008a20      0x228 zephyr/arch/common/libisr_tables.a(isr_tables.c.obj)
                0x0000000000008a20                _sw_isr_table

initlevel_error
                0x00000000000088f0        0x0
 *(SORT_BY_NAME(SORT_BY_ALIGNMENT(.z_init_*)))
                0x0000000000000001                ASSERT ((SIZEOF (initlevel_error) == 0x0), Undefined initialization levels used.)

app_shmem_regions
                0x0000000000008c48        0x0
                0x0000000000008c48                __app_shmem_regions_start = .
 *(SORT_BY_NAME(SORT_BY_ALIGNMENT(.app_regions.*)))
                0x0000000000008c48                __app_shmem_regions_end = .

k_p4wq_initparam_area
                0x0000000000008c48        0x0
                0x0000000000008c48                _k_p4wq_initparam_list_start = .
 *(SORT_BY_NAME(SORT_BY_ALIGNMENT(._k_p4wq_initparam.static.*)))
                0x0000000000008c48                _k_p4wq_initparam_list_end = .

_static_thread_data_area
                0x0000000000008c48        0x0
                0x0000000000008c48                __static_thread_data_list_start = .
 *(SORT_BY_NAME(SORT_BY_ALIGNMENT(.__static_thread_data.static.*)))
                0x0000000000008c48                __static_thread_data_list_end = .

device_deps     0x0000000000008c48        0x0
                0x0000000000008c48                __device_deps_start = .
 *(SORT_BY_NAME(SORT_BY_ALIGNMENT(.__device_deps_pass2*)))
                0x0000000000008c48                __device_deps_end = .

gpio_driver_api_area
                0x0000000000008c48       0x24
                0x0000000000008c48                _gpio_driver_api_list_start = .
 *(SORT_BY_NAME(SORT_BY_ALIGNMENT(._gpio_driver_api.static.*)))
 ._gpio_driver_api.static.gpio_nrfx_drv_api_funcs_
                0x0000000000008c48       0x24 zephyr/drivers/gpio/libdrivers__gpio.a(gpio_nrfx.c.obj)
                0x0000000000008c6c                _gpio_driver_api_list_end = .

spi_driver_api_area
                0x0000000000008c6c        0x8
                0x0000000000008c6c                _spi_driver_api_list_start = .
 *(SORT_BY_NAME(SORT_BY_ALIGNMENT(._spi_driver_api.static.*)))
 ._spi_driver_api.static.spi_nrfx_driver_api_
                0x0000000000008c6c        0x8 zephyr/drivers/spi/libdrivers__spi.a(spi_nrfx_spim.c.obj)
                0x0000000000008c74                _spi_driver_api_list_end = .

shared_irq_driver_api_area
                0x0000000000008c74        0x0
                0x0000000000008c74                _shared_irq_driver_api_list_start = .
 *(SORT_BY_NAME(SORT_BY_ALIGNMENT(._shared_irq_driver_api.static.*)))
                0x0000000000008c74                _shared_irq_driver_api_list_end = .

crypto_driver_api_area
                0x0000000000008c74        0x0
                0x0000000000008c74                _crypto_driver_api_list_start = .
 *(SORT_BY_NAME(SORT_BY_ALIGNMENT(._crypto_driver_api.static.*)))
                0x0000000000008c74                _crypto_driver_api_list_end = .

adc_driver_api_area
                0x0000000000008c74        0x0
                0x0000000000008c74                _adc_driver_api_list_start = .
 *(SORT_BY_NAME(SORT_BY_ALIGNMENT(._adc_driver_api.static.*)))
                0x0000000000008c74                _adc_driver_api_list_end = .

auxdisplay_driver_api_area
                0x0000000000008c74        0x0
                0x0000000000008c74                _auxdisplay_driver_api_list_start = .
 *(SORT_BY_NAME(SORT_BY_ALIGNMENT(._auxdisplay_driver_api.static.*)))
                0x0000000000008c74                _auxdisplay_driver_api_list_end = .

bbram_driver_api_area
                0x0000000000008c74        0x0
                0x0000000000008c74                _bbram_driver_api_list_start = .
 *(SORT_BY_NAME(SORT_BY_ALIGNMENT(._bbram_driver_api.static.*)))
                0x0000000000008c74                _bbram_driver_api_list_end = .

bt_hci_driver_api_area
                0x0000000000008c74        0x0
                0x0000000000008c74                _bt_hci_driver_api_list_start = .
 *(SORT_BY_NAME(SORT_BY_ALIGNMENT(._bt_hci_driver_api.static.*)))
                0x0000000000008c74                _bt_hci_driver_api_list_end = .

can_driver_api_area
                0x0000000000008c74        0x0
                0x0000000000008c74                _can_driver_api_list_start = .
 *(SORT_BY_NAME(SORT_BY_ALIGNMENT(._can_driver_api.static.*)))
                0x0000000000008c74                _can_driver_api_list_end = .

cellular_driver_api_area
                0x0000000000008c74        0x0
                0x0000000000008c74                _cellular_driver_api_list_start = .
 *(SORT_BY_NAME(SORT_BY_ALIGNMENT(._cellular_driver_api.static.*)))
                0x0000000000008c74                _cellular_driver_api_list_end = .

charger_driver_api_area
                0x0000000000008c74        0x0
                0x0000000000008c74                _charger_driver_api_list_start = .
 *(SORT_BY_NAME(SORT_BY_ALIGNMENT(._charger_driver_api.static.*)))
                0x0000000000008c74                _charger_driver_api_list_end = .

clock_control_driver_api_area
                0x0000000000008c74       0x1c
                0x0000000000008c74                _clock_control_driver_api_list_start = .
 *(SORT_BY_NAME(SORT_BY_ALIGNMENT(._clock_control_driver_api.static.*)))
 ._clock_control_driver_api.static.clock_control_api_
                0x0000000000008c74       0x1c zephyr/drivers/clock_control/libdrivers__clock_control.a(clock_control_nrf.c.obj)
                0x0000000000008c90                _clock_control_driver_api_list_end = .

comparator_driver_api_area
                0x0000000000008c90        0x0
                0x0000000000008c90                _comparator_driver_api_list_start = .
 *(SORT_BY_NAME(SORT_BY_ALIGNMENT(._comparator_driver_api.static.*)))