Archive member included to satisfy reference by file (symbol)

app/libapp.a(main.c.obj)      (--whole-archive)
app/libapp.a(ad5940.c.obj)    (--whole-archive)
app/libapp.a(BodyImpedance.c.obj)
                              (--whole-archive)
app/libapp.a(ad5940_port.c.obj)
                              (--whole-archive)
app/libapp.a(AD5940_SPI.c.obj)
                              (--whole-archive)
zephyr/libzephyr.a(validate_libc.c.obj)
                              (--whole-archive)
zephyr/libzephyr.a(heap.c.obj)
                              (--whole-archive)
zephyr/libzephyr.a(cbprintf_packaged.c.obj)
                              (--whole-archive)
zephyr/libzephyr.a(clock.c.obj)
                              (--whole-archive)
zephyr/libzephyr.a(printk.c.obj)
                              (--whole-archive)
zephyr/libzephyr.a(sem.c.obj)
                              (--whole-archive)
zephyr/libzephyr.a(thread_entry.c.obj)
                              (--whole-archive)
zephyr/libzephyr.a(cbprintf_complete.c.obj)
                              (--whole-archive)
zephyr/libzephyr.a(assert.c.obj)
                              (--whole-archive)
zephyr/libzephyr.a(dec.c.obj)
                              (--whole-archive)
zephyr/libzephyr.a(hex.c.obj)
                              (--whole-archive)
zephyr/libzephyr.a(rb.c.obj)  (--whole-archive)
zephyr/libzephyr.a(timeutil.c.obj)
                              (--whole-archive)
zephyr/libzephyr.a(bitarray.c.obj)
                              (--whole-archive)
zephyr/libzephyr.a(bitmask.c.obj)
                              (--whole-archive)
zephyr/libzephyr.a(onoff.c.obj)
                              (--whole-archive)
zephyr/libzephyr.a(notify.c.obj)
                              (--whole-archive)
zephyr/libzephyr.a(ring_buffer.c.obj)
                              (--whole-archive)
zephyr/libzephyr.a(last_section_id.c.obj)
                              (--whole-archive)
zephyr/libzephyr.a(configs.c.obj)
                              (--whole-archive)
zephyr/libzephyr.a(thread_info.c.obj)
                              (--whole-archive)
zephyr/libzephyr.a(mem_attr.c.obj)
                              (--whole-archive)
zephyr/libzephyr.a(tracing_none.c.obj)
                              (--whole-archive)
zephyr/libzephyr.a(banner.c.obj)
                              (--whole-archive)
zephyr/libzephyr.a(flash_map_partition_manager.c.obj)
                              (--whole-archive)
zephyr/libzephyr.a(nrf_cc3xx_platform_abort_zephyr.c.obj)
                              (--whole-archive)
zephyr/libzephyr.a(nrf_cc3xx_platform_mutex_zephyr.c.obj)
                              (--whole-archive)
zephyr/arch/common/libarch__common.a(sw_isr_common.c.obj)
                              (--whole-archive)
zephyr/arch/common/libarch__common.a(init.c.obj)
                              (--whole-archive)
zephyr/arch/common/libarch__common.a(xip.c.obj)
                              (--whole-archive)
zephyr/arch/arch/arm/core/libarch__arm__core.a(fatal.c.obj)
                              (--whole-archive)
zephyr/arch/arch/arm/core/libarch__arm__core.a(nmi.c.obj)
                              (--whole-archive)
zephyr/arch/arch/arm/core/libarch__arm__core.a(nmi_on_reset.S.obj)
                              (--whole-archive)
zephyr/arch/arch/arm/core/libarch__arm__core.a(tls.c.obj)
                              (--whole-archive)
zephyr/arch/arch/arm/core/cortex_m/libarch__arm__core__cortex_m.a(exc_exit.c.obj)
                              (--whole-archive)
zephyr/arch/arch/arm/core/cortex_m/libarch__arm__core__cortex_m.a(fault.c.obj)
                              (--whole-archive)
zephyr/arch/arch/arm/core/cortex_m/libarch__arm__core__cortex_m.a(fault_s.S.obj)
                              (--whole-archive)
zephyr/arch/arch/arm/core/cortex_m/libarch__arm__core__cortex_m.a(fpu.c.obj)
                              (--whole-archive)
zephyr/arch/arch/arm/core/cortex_m/libarch__arm__core__cortex_m.a(reset.S.obj)
                              (--whole-archive)
zephyr/arch/arch/arm/core/cortex_m/libarch__arm__core__cortex_m.a(scb.c.obj)
                              (--whole-archive)
zephyr/arch/arch/arm/core/cortex_m/libarch__arm__core__cortex_m.a(thread_abort.c.obj)
                              (--whole-archive)
zephyr/arch/arch/arm/core/cortex_m/libarch__arm__core__cortex_m.a(vector_table.S.obj)
                              (--whole-archive)
zephyr/arch/arch/arm/core/cortex_m/libarch__arm__core__cortex_m.a(swap_helper.S.obj)
                              (--whole-archive)
zephyr/arch/arch/arm/core/cortex_m/libarch__arm__core__cortex_m.a(irq_manage.c.obj)
                              (--whole-archive)
zephyr/arch/arch/arm/core/cortex_m/libarch__arm__core__cortex_m.a(prep_c.c.obj)
                              (--whole-archive)
zephyr/arch/arch/arm/core/cortex_m/libarch__arm__core__cortex_m.a(thread.c.obj)
                              (--whole-archive)
[...]
Memory Configuration

Name             Origin             Length             Attributes
FLASH            0x0000000000000000 0x0000000000100000 xr
RAM              0x0000000020000000 0x0000000000070000 xw
IDT_LIST         0x00000000ffff7fff 0x0000000000008000 xw
*default*        0x0000000000000000 0xffffffffffffffff

Linker script and memory map

                0x0000000000007f88                vfprintf = __l_vfprintf
                0x0000000000000000                vfscanf = __l_vfscanf
LOAD zephyr/CMakeFiles/zephyr_final.dir/misc/empty_file.c.obj
LOAD zephyr/CMakeFiles/zephyr_final.dir/isr_tables.c.obj
LOAD zephyr/CMakeFiles/offsets.dir/./arch/arm/core/offsets/offsets.c.obj
LOAD app/libapp.a
LOAD zephyr/libzephyr.a
LOAD zephyr/arch/common/libarch__common.a
LOAD zephyr/arch/arch/arm/core/libarch__arm__core.a
LOAD zephyr/arch/arch/arm/core/cortex_m/libarch__arm__core__cortex_m.a
LOAD zephyr/arch/arch/arm/core/cortex_m/cmse/libarch__arm__core__cortex_m__cmse.a
LOAD zephyr/arch/arch/arm/core/mpu/libarch__arm__core__mpu.a
LOAD zephyr/lib/libc/picolibc/liblib__libc__picolibc.a
LOAD zephyr/lib/libc/common/liblib__libc__common.a
LOAD zephyr/soc/soc/nrf5340/libsoc__nordic.a
LOAD zephyr/drivers/clock_control/libdrivers__clock_control.a
LOAD zephyr/drivers/console/libdrivers__console.a
LOAD zephyr/drivers/gpio/libdrivers__gpio.a
LOAD zephyr/drivers/pinctrl/libdrivers__pinctrl.a
LOAD zephyr/drivers/serial/libdrivers__serial.a
LOAD zephyr/drivers/spi/libdrivers__spi.a
LOAD zephyr/drivers/timer/libdrivers__timer.a
LOAD modules/nrf/drivers/hw_cc3xx/lib..__nrf__drivers__hw_cc3xx.a
LOAD modules/hal_nordic/modules/hal_nordic/nrfx/libmodules__hal_nordic__nrfx.a
LOAD zephyr/kernel/libkernel.a
LOAD zephyr/arch/common/libisr_tables.a
LOAD C:/ncs/v3.2.2/nrfxlib/crypto/nrf_cc312_platform/lib/cortex-m33/soft-float/no-interrupts/libnrf_cc312_platform_0.9.19.a
LOAD c:\ncs\toolchains\c717907b94\opt\zephyr-sdk\arm-zephyr-eabi\bin\../lib/gcc/../../picolibc/arm-zephyr-eabi/lib/thumb/v8-m.main/nofp\libc.a
LOAD c:/ncs/toolchains/c717907b94/opt/zephyr-sdk/arm-zephyr-eabi/bin/../lib/gcc/arm-zephyr-eabi/12.2.0/thumb/v8-m.main/nofp\libgcc.a
                0x0000000000000020                _region_min_align = 0x20

.rel.plt        0x0000000000000000        0x0
 *(SORT_BY_ALIGNMENT(.rel.plt))
                [!provide]                        PROVIDE (__rel_iplt_start = .)
 *(SORT_BY_ALIGNMENT(.rel.iplt))
 .rel.iplt      0x0000000000000000        0x0 zephyr/CMakeFiles/zephyr_final.dir/isr_tables.c.obj
                [!provide]                        PROVIDE (__rel_iplt_end = .)

.rela.plt       0x0000000000000000        0x0
 *(SORT_BY_ALIGNMENT(.rela.plt))
                [!provide]                        PROVIDE (__rela_iplt_start = .)
 *(SORT_BY_ALIGNMENT(.rela.iplt))
                [!provide]                        PROVIDE (__rela_iplt_end = .)

.rel.dyn
 *(SORT_BY_ALIGNMENT(.rel.*))

.rela.dyn
 *(SORT_BY_ALIGNMENT(.rela.*))

/DISCARD/
 *(SORT_BY_ALIGNMENT(.plt))

/DISCARD/
 *(SORT_BY_ALIGNMENT(.iplt))
                0x0000000000000000                __rom_region_start = 0x0

rom_start       0x0000000000000000      0x154
                0x0000000000000000                __rom_start_address = .
 FILL mask 0x00
                0x0000000000000000                . = (. + (0x0 - (. - __rom_start_address)))
                0x0000000000000000                . = ALIGN (0x4)
                0x0000000000000000                . = ALIGN (0x80)
                0x0000000000000000                . = ALIGN (0x200)
                0x0000000000000000                _vector_start = .
 *(SORT_BY_ALIGNMENT(.exc_vector_table))
 *(SORT_BY_ALIGNMENT(.exc_vector_table.*))
 .exc_vector_table._vector_table_section
                0x0000000000000000       0x40 zephyr/arch/arch/arm/core/cortex_m/libarch__arm__core__cortex_m.a(vector_table.S.obj)
                0x0000000000000000                _vector_table
 *(SORT_BY_ALIGNMENT(.vectors))
                0x0000000000000154                _vector_end = .
                0x0000000000000040                . = ALIGN (0x4)
 *(SORT_BY_ALIGNMENT(.gnu.linkonce.irq_vector_table*))
 .gnu.linkonce.irq_vector_table
                0x0000000000000040      0x114 zephyr/CMakeFiles/zephyr_final.dir/isr_tables.c.obj
                0x0000000000000040                _irq_vector_table
                0x0000000000000154                _vector_end = .

text            0x0000000000000158     0xab0c
                0x0000000000000158                __text_region_start = .
 *(SORT_BY_ALIGNMENT(.text))
 .text          0x0000000000000158      0x378 c:/ncs/toolchains/c717907b94/opt/zephyr-sdk/arm-zephyr-eabi/bin/../lib/gcc/arm-zephyr-eabi/12.2.0/thumb/v8-m.main/nofp\libgcc.a(_arm_addsubdf3.o)
                0x0000000000000158                __aeabi_drsub
                0x0000000000000160                __aeabi_dsub
                0x0000000000000160                __subdf3
                0x0000000000000164                __aeabi_dadd
                0x0000000000000164                __adddf3
                0x00000000000003dc                __floatunsidf
                0x00000000000003dc                __aeabi_ui2d
                0x00000000000003fc                __floatsidf
                0x00000000000003fc                __aeabi_i2d
                0x0000000000000420                __aeabi_f2d
                0x0000000000000420                __extendsfdf2
                0x0000000000000464                __floatundidf
                0x0000000000000464                __aeabi_ul2d
                0x0000000000000474                __floatdidf
                0x0000000000000474                __aeabi_l2d
 .text          0x00000000000004d0      0x424 c:/ncs/toolchains/c717907b94/opt/zephyr-sdk/arm-zephyr-eabi/bin/../lib/gcc/arm-zephyr-eabi/12.2.0/thumb/v8-m.main/nofp\libgcc.a(_arm_muldivdf3.o)
                0x00000000000004d0                __aeabi_dmul
                0x00000000000004d0                __muldf3
                0x0000000000000724                __divdf3
                0x0000000000000724                __aeabi_ddiv
 .text          0x00000000000008f4      0x110 c:/ncs/toolchains/c717907b94/opt/zephyr-sdk/arm-zephyr-eabi/bin/../lib/gcc/arm-zephyr-eabi/12.2.0/thumb/v8-m.main/nofp\libgcc.a(_arm_cmpdf2.o)
                0x00000000000008f4                __gtdf2
                0x00000000000008f4                __gedf2
                0x00000000000008fc                __ltdf2
                0x00000000000008fc                __ledf2
                0x0000000000000904                __nedf2
                0x0000000000000904                __eqdf2
                0x0000000000000904                __cmpdf2
                0x0000000000000980                __aeabi_cdrcmple
                0x0000000000000990                __aeabi_cdcmpeq
                0x0000000000000990                __aeabi_cdcmple
                0x00000000000009a0                __aeabi_dcmpeq
                0x00000000000009b4                __aeabi_dcmplt
                0x00000000000009c8                __aeabi_dcmple
                0x00000000000009dc                __aeabi_dcmpge
                0x00000000000009f0                __aeabi_dcmpgt
 .text          0x0000000000000a04       0xa0 c:/ncs/toolchains/c717907b94/opt/zephyr-sdk/arm-zephyr-eabi/bin/../lib/gcc/arm-zephyr-eabi/12.2.0/thumb/v8-m.main/nofp\libgcc.a(_arm_truncdfsf2.o)
                0x0000000000000a04                __truncdfsf2
                0x0000000000000a04                __aeabi_d2f
 .text          0x0000000000000aa4      0x21c c:/ncs/toolchains/c717907b94/opt/zephyr-sdk/arm-zephyr-eabi/bin/../lib/gcc/arm-zephyr-eabi/12.2.0/thumb/v8-m.main/nofp\libgcc.a(_arm_addsubsf3.o)
                0x0000000000000aa4                __aeabi_frsub
                0x0000000000000aac                __subsf3
                0x0000000000000aac                __aeabi_fsub
                0x0000000000000ab0                __aeabi_fadd
                0x0000000000000ab0                __addsf3
                0x0000000000000c10                __aeabi_ui2f
                0x0000000000000c10                __floatunsisf
                0x0000000000000c18                __aeabi_i2f
                0x0000000000000c18                __floatsisf
                0x0000000000000c34                __aeabi_ul2f
                0x0000000000000c34                __floatundisf
                0x0000000000000c44                __aeabi_l2f
                0x0000000000000c44                __floatdisf
 .text          0x0000000000000cc0      0x2a0 c:/ncs/toolchains/c717907b94/opt/zephyr-sdk/arm-zephyr-eabi/bin/../lib/gcc/arm-zephyr-eabi/12.2.0/thumb/v8-m.main/nofp\libgcc.a(_arm_muldivsf3.o)
                0x0000000000000cc0                __mulsf3
                0x0000000000000cc0                __aeabi_fmul
                0x0000000000000e28                __aeabi_fdiv
                0x0000000000000e28                __divsf3
 .text          0x0000000000000f60       0xec c:/ncs/toolchains/c717907b94/opt/zephyr-sdk/arm-zephyr-eabi/bin/../lib/gcc/arm-zephyr-eabi/12.2.0/thumb/v8-m.main/nofp\libgcc.a(_arm_cmpsf2.o)
                0x0000000000000f60                __gesf2
                0x0000000000000f60                __gtsf2
                0x0000000000000f68                __lesf2
                0x0000000000000f68                __ltsf2
                0x0000000000000f70                __nesf2
                0x0000000000000f70                __eqsf2
                0x0000000000000f70                __cmpsf2
                0x0000000000000fd0                __aeabi_cfrcmple
                0x0000000000000fd8                __aeabi_cfcmpeq
                0x0000000000000fd8                __aeabi_cfcmple
                0x0000000000000fe8                __aeabi_fcmpeq
                0x0000000000000ffc                __aeabi_fcmplt
                0x0000000000001010                __aeabi_fcmple
                0x0000000000001024                __aeabi_fcmpge
                0x0000000000001038                __aeabi_fcmpgt
 .text          0x000000000000104c       0x4c c:/ncs/toolchains/c717907b94/opt/zephyr-sdk/arm-zephyr-eabi/bin/../lib/gcc/arm-zephyr-eabi/12.2.0/thumb/v8-m.main/nofp\libgcc.a(_arm_fixsfsi.o)
                0x000000000000104c                __aeabi_f2iz
                0x000000000000104c                __fixsfsi
 .text          0x0000000000001098       0x40 c:/ncs/toolchains/c717907b94/opt/zephyr-sdk/arm-zephyr-eabi/bin/../lib/gcc/arm-zephyr-eabi/12.2.0/thumb/v8-m.main/nofp\libgcc.a(_arm_fixunssfsi.o)
                0x0000000000001098                __fixunssfsi
                0x0000000000001098                __aeabi_f2uiz
 .text          0x00000000000010d8       0x30 c:/ncs/toolchains/c717907b94/opt/zephyr-sdk/arm-zephyr-eabi/bin/../lib/gcc/arm-zephyr-eabi/12.2.0/thumb/v8-m.main/nofp\libgcc.a(_aeabi_uldivmod.o)
                0x00000000000010d8                __aeabi_uldivmod
 .text          0x0000000000001108        0x4 c:/ncs/toolchains/c717907b94/opt/zephyr-sdk/arm-zephyr-eabi/bin/../lib/gcc/arm-zephyr-eabi/12.2.0/thumb/v8-m.main/nofp\libgcc.a(_dvmd_tls.o)
                0x0000000000001108                __aeabi_idiv0
                0x0000000000001108                __aeabi_ldiv0
 .text          0x000000000000110c      0x29c c:/ncs/toolchains/c717907b94/opt/zephyr-sdk/arm-zephyr-eabi/bin/../lib/gcc/arm-zephyr-eabi/12.2.0/thumb/v8-m.main/nofp\libgcc.a(_udivmoddi4.o)
                0x000000000000110c                __udivmoddi4
 *(SORT_BY_ALIGNMENT(.text.*))
 .text.AppBIAInit
                0x00000000000013a8      0x4cc app/libapp.a(BodyImpedance.c.obj)
                0x00000000000013a8                AppBIAInit
 *fill*         0x0000000000001874        0x4 
 .text.atan2    0x0000000000001878      0x1fc c:\ncs\toolchains\c717907b94\opt\zephyr-sdk\arm-zephyr-eabi\bin\../lib/gcc/../../picolibc/arm-zephyr-eabi/lib/thumb/v8-m.main/nofp\libc.a(libm_math_s_atan2.c.o)
                0x0000000000001878                atan2
                0x0000000000001878                atan2l
 *fill*         0x0000000000001a74        0x4 
 .text.log10    0x0000000000001a78       0xf8 c:\ncs\toolchains\c717907b94\opt\zephyr-sdk\arm-zephyr-eabi\bin\../lib/gcc/../../picolibc/arm-zephyr-eabi/lib/thumb/v8-m.main/nofp\libc.a(libm_math_s_log10.c.o)
                0x0000000000001a78                log10l
                0x0000000000001a78                log10
 .text.pow      0x0000000000001b70      0xb1c c:\ncs\toolchains\c717907b94\opt\zephyr-sdk\arm-zephyr-eabi\bin\../lib/gcc/../../picolibc/arm-zephyr-eabi/lib/thumb/v8-m.main/nofp\libc.a(libm_math_s_pow.c.o)
                0x0000000000001b70                _pow
                0x0000000000001b70                powl
                0x0000000000001b70                pow
 *fill*         0x000000000000268c        0x4 
 .text.atan     0x0000000000002690      0x330 c:\ncs\toolchains\c717907b94\opt\zephyr-sdk\arm-zephyr-eabi\bin\../lib/gcc/../../picolibc/arm-zephyr-eabi/lib/thumb/v8-m.main/nofp\libc.a(libm_math_s_atan.c.o)
                0x0000000000002690                atan
                0x0000000000002690                atanl
 .text.log      0x00000000000029c0      0x360 c:\ncs\toolchains\c717907b94\opt\zephyr-sdk\arm-zephyr-eabi\bin\../lib/gcc/../../picolibc/arm-zephyr-eabi/lib/thumb/v8-m.main/nofp\libc.a(libm_math_s_log.c.o)
                0x00000000000029c0                logl
                0x00000000000029c0                log
 .text.main     0x0000000000002d20       0xbc app/libapp.a(main.c.obj)
                0x0000000000002d20                main
 .text.AD5940_SEQGenSearchReg
                0x0000000000002ddc       0x30 app/libapp.a(ad5940.c.obj)
 .text.AD5940_SEQRegInfoInsert
                0x0000000000002e0c       0x3c app/libapp.a(ad5940.c.obj)
 .text.AD5940_SEQGenInsert
                0x0000000000002e48       0x2c app/libapp.a(ad5940.c.obj)
                0x0000000000002e48                AD5940_SEQGenInsert
 .text.AD5940_SEQGenInit
                0x0000000000002e74       0x28 app/libapp.a(ad5940.c.obj)
                0x0000000000002e74                AD5940_SEQGenInit
 .text.AD5940_SEQGenFetchSeq
                0x0000000000002e9c       0x18 app/libapp.a(ad5940.c.obj)
                0x0000000000002e9c                AD5940_SEQGenFetchSeq
 .text.AD5940_SEQGenCtrl
                0x0000000000002eb4       0x14 app/libapp.a(ad5940.c.obj)
                0x0000000000002eb4                AD5940_SEQGenCtrl
 .text.AD5940_SEQCycleTime
                0x0000000000002ec8       0x34 app/libapp.a(ad5940.c.obj)
                0x0000000000002ec8                AD5940_SEQCycleTime
 .text.AD5940_Notch50HzAvailable
                0x0000000000002efc       0xbc app/libapp.a(ad5940.c.obj)
                0x0000000000002efc                AD5940_Notch50HzAvailable
 .text.AD5940_Notch60HzAvailable
                0x0000000000002fb8       0x94 app/libapp.a(ad5940.c.obj)
                0x0000000000002fb8                AD5940_Notch60HzAvailable
 .text.AD5940_ClksCalculate
                0x000000000000304c      0x17c app/libapp.a(ad5940.c.obj)
                0x000000000000304c                AD5940_ClksCalculate
 .text.AD5940_SweepNext
                0x00000000000031c8      0x19c app/libapp.a(ad5940.c.obj)
                0x00000000000031c8                AD5940_SweepNext
 .text.AD5940_WriteReg
                0x0000000000003364       0xa4 app/libapp.a(ad5940.c.obj)
                0x0000000000003364                AD5940_WriteReg
 .text.AD5940_ReadReg
                0x0000000000003408       0x44 app/libapp.a(ad5940.c.obj)
                0x0000000000003408                AD5940_ReadReg
 .text.AD5940_Initialize
                0x000000000000344c       0x68 app/libapp.a(ad5940.c.obj)
                0x000000000000344c                AD5940_Initialize
 .text.__AD5940_SetDExRTIA
                0x00000000000034b4       0x68 app/libapp.a(ad5940.c.obj)
                0x00000000000034b4                __AD5940_SetDExRTIA
 .text.AD5940_WGFreqWordCal
                0x000000000000351c       0x6c app/libapp.a(ad5940.c.obj)
                0x000000000000351c                AD5940_WGFreqWordCal
 .text.AD5940_HSRtiaCal
                0x0000000000003588      0x3dc app/libapp.a(ad5940.c.obj)
                0x0000000000003588                AD5940_HSRtiaCal
 .text.AppBIAGetCfg
                0x0000000000003964       0x14 app/libapp.a(BodyImpedance.c.obj)
                0x0000000000003964                AppBIAGetCfg
 .text.AppBIACtrl
                0x0000000000003978       0xcc app/libapp.a(BodyImpedance.c.obj)
                0x0000000000003978                AppBIACtrl
 .text.spi_transceive.constprop.0
                0x0000000000003a44       0x18 app/libapp.a(ad5940_port.c.obj)
 .text.AD5940_CsClr
                0x0000000000003a5c       0x10 app/libapp.a(ad5940_port.c.obj)
                0x0000000000003a5c                AD5940_CsClr
 .text.AD5940_CsSet
                0x0000000000003a6c       0x10 app/libapp.a(ad5940_port.c.obj)
                0x0000000000003a6c                AD5940_CsSet
 .text.AD5940_RstClr
                0x0000000000003a7c       0x10 app/libapp.a(ad5940_port.c.obj)
                0x0000000000003a7c                AD5940_RstClr
 .text.AD5940_RstSet
                0x0000000000003a8c       0x10 app/libapp.a(ad5940_port.c.obj)
                0x0000000000003a8c                AD5940_RstSet
 .text.AD5940_ReadWriteNBytes
                0x0000000000003a9c       0x5c app/libapp.a(ad5940_port.c.obj)
                0x0000000000003a9c                AD5940_ReadWriteNBytes
 .text.AD5940Port_Init
                0x0000000000003af8       0x5c app/libapp.a(ad5940_port.c.obj)
                0x0000000000003af8                AD5940Port_Init
 .text.char_out
                0x0000000000003b54        0xc zephyr/libzephyr.a(printk.c.obj)
 .text.__printk_hook_install
                0x0000000000003b60        0xc zephyr/libzephyr.a(printk.c.obj)
                0x0000000000003b60                __printk_hook_install
 .text.vprintk  0x0000000000003b6c       0x30 zephyr/libzephyr.a(printk.c.obj)
                0x0000000000003b6c                vprintk
 .text.z_thread_entry
                0x0000000000003b9c       0x34 zephyr/libzephyr.a(thread_entry.c.obj)
                0x0000000000003b9c                z_thread_entry
 .text.process_event
                0x0000000000003bd0      0x21c zephyr/libzephyr.a(onoff.c.obj)
 .text.mem_attr_get_regions
                0x0000000000003dec        0xc zephyr/libzephyr.a(mem_attr.c.obj)
                0x0000000000003dec                mem_attr_get_regions
 .text.boot_banner
                0x0000000000003df8       0x1c zephyr/libzephyr.a(banner.c.obj)
                0x0000000000003df8                boot_banner
 .text.nrf_cc3xx_platform_abort_init
                0x0000000000003e14        0xc zephyr/libzephyr.a(nrf_cc3xx_platform_abort_zephyr.c.obj)
                0x0000000000003e14                nrf_cc3xx_platform_abort_init
 .text.mutex_free_platform
                0x0000000000003e20       0x54 zephyr/libzephyr.a(nrf_cc3xx_platform_mutex_zephyr.c.obj)
 .text.mutex_lock_platform
                0x0000000000003e74       0x74 zephyr/libzephyr.a(nrf_cc3xx_platform_mutex_zephyr.c.obj)
 .text.mutex_unlock_platform
                0x0000000000003ee8       0x68 zephyr/libzephyr.a(nrf_cc3xx_platform_mutex_zephyr.c.obj)
 .text.mutex_init_platform
                0x0000000000003f50       0x94 zephyr/libzephyr.a(nrf_cc3xx_platform_mutex_zephyr.c.obj)
 .text.nrf_cc3xx_platform_mutex_init
                0x0000000000003fe4       0x2c zephyr/libzephyr.a(nrf_cc3xx_platform_mutex_zephyr.c.obj)
                0x0000000000003fe4                nrf_cc3xx_platform_mutex_init
 .text.arch_bss_zero
                0x0000000000004010       0x18 zephyr/arch/common/libarch__common.a(init.c.obj)
                0x0000000000004010                arch_bss_zero
 .text.arch_data_copy
                0x0000000000004028       0x38 zephyr/arch/common/libarch__common.a(xip.c.obj)
                0x0000000000004028                arch_data_copy
 .text.z_arm_fatal_error
                0x0000000000004060       0x60 zephyr/arch/arch/arm/core/libarch__arm__core.a(fatal.c.obj)
                0x0000000000004060                z_arm_fatal_error
 .text.z_SysNmiOnReset
                0x00000000000040c0        0x8 zephyr/arch/arch/arm/core/libarch__arm__core.a(nmi_on_reset.S.obj)
                0x00000000000040c0                z_SysNmiOnReset
 .text.arch_tls_stack_setup
                0x00000000000040c8       0x40 zephyr/arch/arch/arm/core/libarch__arm__core.a(tls.c.obj)
                0x00000000000040c8                arch_tls_stack_setup
 .text._HandlerModeExit
                0x0000000000004108       0x20 zephyr/arch/arch/arm/core/cortex_m/libarch__arm__core__cortex_m.a(exc_exit.c.obj)
                0x0000000000004108                z_arm_int_exit
                0x0000000000004108                z_arm_exc_exit
 .text.usage_fault.constprop.0
                0x0000000000004128       0xa8 zephyr/arch/arch/arm/core/cortex_m/libarch__arm__core__cortex_m.a(fault.c.obj)
 .text.bus_fault.constprop.0
                0x00000000000041d0       0xb8 zephyr/arch/arch/arm/core/cortex_m/libarch__arm__core__cortex_m.a(fault.c.obj)
 .text.mem_manage_fault.constprop.0
                0x0000000000004288       0xbc zephyr/arch/arch/arm/core/cortex_m/libarch__arm__core__cortex_m.a(fault.c.obj)
 .text.z_arm_fault
                0x0000000000004344      0x1a0 zephyr/arch/arch/arm/core/cortex_m/libarch__arm__core__cortex_m.a(fault.c.obj)
                0x0000000000004344                z_arm_fault
 .text.z_arm_fault_init
                0x00000000000044e4       0x20 zephyr/arch/arch/arm/core/cortex_m/libarch__arm__core__cortex_m.a(fault.c.obj)
                0x00000000000044e4                z_arm_fault_init
 .text.__fault  0x0000000000004504       0x14 zephyr/arch/arch/arm/core/cortex_m/libarch__arm__core__cortex_m.a(fault_s.S.obj)
                0x0000000000004504                z_arm_usage_fault
                0x0000000000004504                z_arm_mpu_fault
                0x0000000000004504                z_arm_exc_spurious
                0x0000000000004504                z_arm_debug_monitor
                0x0000000000004504                z_arm_hard_fault
                0x0000000000004504                z_arm_bus_fault
 .text._reset_section
                0x0000000000004518       0x68 zephyr/arch/arch/arm/core/cortex_m/libarch__arm__core__cortex_m.a(reset.S.obj)
                0x0000000000004518                __start
                0x0000000000004518                z_arm_reset
 .text.z_arm_clear_arm_mpu_config
                0x0000000000004580       0x24 zephyr/arch/arch/arm/core/cortex_m/libarch__arm__core__cortex_m.a(scb.c.obj)
                0x0000000000004580                z_arm_clear_arm_mpu_config
 .text.z_arm_init_arch_hw_at_boot
                0x00000000000045a4       0x4c zephyr/arch/arch/arm/core/cortex_m/libarch__arm__core__cortex_m.a(scb.c.obj)
                0x00000000000045a4                z_arm_init_arch_hw_at_boot
 .text.z_impl_k_thread_abort
                0x00000000000045f0       0x2c zephyr/arch/arch/arm/core/cortex_m/libarch__arm__core__cortex_m.a(thread_abort.c.obj)
                0x00000000000045f0                z_impl_k_thread_abort
 .text.z_arm_pendsv
                0x000000000000461c       0x68 zephyr/arch/arch/arm/core/cortex_m/libarch__arm__core__cortex_m.a(swap_helper.S.obj)
                0x000000000000461c                z_arm_pendsv
 .text.z_arm_svc
                0x0000000000004684       0x24 zephyr/arch/arch/arm/core/cortex_m/libarch__arm__core__cortex_m.a(swap_helper.S.obj)
                0x0000000000004684                z_arm_svc
 .text.arm_irq_enable
                0x00000000000046a8       0x1c zephyr/arch/arch/arm/core/cortex_m/libarch__arm__core__cortex_m.a(irq_manage.c.obj)
                0x00000000000046a8                arm_irq_enable
 .text.arm_irq_disable
                0x00000000000046c4       0x28 zephyr/arch/arch/arm/core/cortex_m/libarch__arm__core__cortex_m.a(irq_manage.c.obj)
                0x00000000000046c4                arm_irq_disable
 .text.arm_irq_is_enabled
                0x00000000000046ec       0x1c zephyr/arch/arch/arm/core/cortex_m/libarch__arm__core__cortex_m.a(irq_manage.c.obj)
                0x00000000000046ec                arm_irq_is_enabled
 .text.arm_irq_priority_set
                0x0000000000004708       0x2c zephyr/arch/arch/arm/core/cortex_m/libarch__arm__core__cortex_m.a(irq_manage.c.obj)
                0x0000000000004708                arm_irq_priority_set
 .text.relocate_vector_table
                0x0000000000004734       0x1c zephyr/arch/arch/arm/core/cortex_m/libarch__arm__core__cortex_m.a(prep_c.c.obj)
                0x0000000000004734                relocate_vector_table
 .text.z_prep_c
                0x0000000000004750       0x28 zephyr/arch/arch/arm/core/cortex_m/libarch__arm__core__cortex_m.a(prep_c.c.obj)
                0x0000000000004750                z_prep_c
 .text.arch_new_thread
                0x0000000000004778       0x38 zephyr/arch/arch/arm/core/cortex_m/libarch__arm__core__cortex_m.a(thread.c.obj)
                0x0000000000004778                arch_new_thread
 .text.arch_switch_to_main_thread
                0x00000000000047b0       0x44 zephyr/arch/arch/arm/core/cortex_m/libarch__arm__core__cortex_m.a(thread.c.obj)
                0x00000000000047b0                arch_switch_to_main_thread
 .text.z_arm_cpu_idle_init
                0x00000000000047f4        0xc zephyr/arch/arch/arm/core/cortex_m/libarch__arm__core__cortex_m.a(cpu_idle.c.obj)
                0x00000000000047f4                z_arm_cpu_idle_init
 .text.z_arm_interrupt_init
                0x0000000000004800       0x18 zephyr/arch/arch/arm/core/cortex_m/libarch__arm__core__cortex_m.a(irq_init.c.obj)
                0x0000000000004800                z_arm_interrupt_init
 .text._isr_wrapper
                0x0000000000004818       0x24 zephyr/arch/arch/arm/core/cortex_m/libarch__arm__core__cortex_m.a(isr_wrapper.c.obj)
                0x0000000000004818                _isr_wrapper
 .text.z_arm_configure_static_mpu_regions
                0x000000000000483c       0x38 zephyr/arch/arch/arm/core/mpu/libarch__arm__core__mpu.a(arm_core_mpu.c.obj)
                0x000000000000483c                z_arm_configure_static_mpu_regions
 .text.region_init
                0x0000000000004874       0x34 zephyr/arch/arch/arm/core/mpu/libarch__arm__core__mpu.a(arm_mpu.c.obj)
 .text.region_allocate_and_init
                0x00000000000048a8       0x24 zephyr/arch/arch/arm/core/mpu/libarch__arm__core__mpu.a(arm_mpu.c.obj)
 .text.mpu_configure_regions_and_partition.constprop.0
                0x00000000000048cc      0x148 zephyr/arch/arch/arm/core/mpu/libarch__arm__core__mpu.a(arm_mpu.c.obj)
 .text.arm_core_mpu_enable
                0x0000000000004a14       0x18 zephyr/arch/arch/arm/core/mpu/libarch__arm__core__mpu.a(arm_mpu.c.obj)
                0x0000000000004a14                arm_core_mpu_enable
 .text.arm_core_mpu_disable
                0x0000000000004a2c       0x14 zephyr/arch/arch/arm/core/mpu/libarch__arm__core__mpu.a(arm_mpu.c.obj)
                0x0000000000004a2c                arm_core_mpu_disable
 .text.arm_core_mpu_configure_static_mpu_regions
                0x0000000000004a40       0x14 zephyr/arch/arch/arm/core/mpu/libarch__arm__core__mpu.a(arm_mpu.c.obj)
                0x0000000000004a40                arm_core_mpu_configure_static_mpu_regions
 .text.arm_core_mpu_mark_areas_for_dynamic_regions
                0x0000000000004a54       0xb8 zephyr/arch/arch/arm/core/mpu/libarch__arm__core__mpu.a(arm_mpu.c.obj)
                0x0000000000004a54                arm_core_mpu_mark_areas_for_dynamic_regions
 .text.z_arm_mpu_init
                0x0000000000004b0c      0x11c zephyr/arch/arch/arm/core/mpu/libarch__arm__core__mpu.a(arm_mpu.c.obj)
                0x0000000000004b0c                z_arm_mpu_init
 .text.z_impl_zephyr_fputc
                0x0000000000004c28       0x10 zephyr/lib/libc/picolibc/liblib__libc__picolibc.a(stdio.c.obj)
                0x0000000000004c28                z_impl_zephyr_fputc
 .text.__stdout_hook_install
                0x0000000000004c38       0x18 zephyr/lib/libc/picolibc/liblib__libc__picolibc.a(stdio.c.obj)
                0x0000000000004c38                __stdout_hook_install
 .text.malloc_prepare
                0x0000000000004c50       0x24 zephyr/lib/libc/common/liblib__libc__common.a(malloc.c.obj)
 .text.nrf_gpio_pin_control_select.constprop.0
                0x0000000000004c74       0x1c zephyr/soc/soc/nrf5340/libsoc__nordic.a(soc.c.obj)
 .text.z_arm_on_enter_cpu_idle
                0x0000000000004c90       0x64 zephyr/soc/soc/nrf5340/libsoc__nordic.a(soc.c.obj)
                0x0000000000004c90                z_arm_on_enter_cpu_idle
 .text.soc_early_init_hook
                0x0000000000004cf4       0x3c zephyr/soc/soc/nrf5340/libsoc__nordic.a(soc.c.obj)
                0x0000000000004cf4                soc_early_init_hook
 .text.soc_late_init_hook
                0x0000000000004d30       0x40 zephyr/soc/soc/nrf5340/libsoc__nordic.a(soc.c.obj)
                0x0000000000004d30                soc_late_init_hook
 .text.arch_busy_wait
                0x0000000000004d70       0x24 zephyr/soc/soc/nrf5340/libsoc__nordic.a(soc.c.obj)
                0x0000000000004d70                arch_busy_wait
 .text.assign_pins
                0x0000000000004d94       0x54 zephyr/soc/soc/nrf5340/libsoc__nordic.a(nrf53_cpunet_mgmt.c.obj)
 .text.onoff_start
                0x0000000000004de8       0x70 zephyr/soc/soc/nrf5340/libsoc__nordic.a(nrf53_cpunet_mgmt.c.obj)
 .text.nrf53_cpunet_mgmt_init
                0x0000000000004e58       0x10 zephyr/soc/soc/nrf5340/libsoc__nordic.a(nrf53_cpunet_mgmt.c.obj)
                0x0000000000004e58                nrf53_cpunet_mgmt_init
 .text.gppi_init
                0x0000000000004e68       0x1c zephyr/soc/soc/nrf5340/libsoc__nordic.a(gppi_init.c.obj)
 .text.onoff_stop
                0x0000000000004e84       0x30 zephyr/drivers/clock_control/libdrivers__clock_control.a(clock_control_nrf.c.obj)
 .text.onoff_start
                0x0000000000004eb4       0x44 zephyr/drivers/clock_control/libdrivers__clock_control.a(clock_control_nrf.c.obj)
 .text.clk_init
                0x0000000000004ef8       0x64 zephyr/drivers/clock_control/libdrivers__clock_control.a(clock_control_nrf.c.obj)
 .text.api_blocking_start
                0x0000000000004f5c       0x34 zephyr/drivers/clock_control/libdrivers__clock_control.a(clock_control_nrf.c.obj)
 .text.generic_hfclk_stop
                0x0000000000004f90       0x34 zephyr/drivers/clock_control/libdrivers__clock_control.a(clock_control_nrf.c.obj)
 .text.clkstarted_handle.constprop.0
                0x0000000000004fc4       0x4c zephyr/drivers/clock_control/libdrivers__clock_control.a(clock_control_nrf.c.obj)
 .text.generic_hfclk_start
                0x0000000000005010       0x78 zephyr/drivers/clock_control/libdrivers__clock_control.a(clock_control_nrf.c.obj)
 .text.clock_event_handler
                0x0000000000005088       0x34 zephyr/drivers/clock_control/libdrivers__clock_control.a(clock_control_nrf.c.obj)
 .text.z_nrf_clock_control_lf_on
                0x00000000000050bc       0xf8 zephyr/drivers/clock_control/libdrivers__clock_control.a(clock_control_nrf.c.obj)
                0x00000000000050bc                z_nrf_clock_control_lf_on
 .text.uart_console_init
                0x00000000000051b4       0x28 zephyr/drivers/console/libdrivers__console.a(uart_console.c.obj)
 .text.console_out
                0x00000000000051dc       0x28 zephyr/drivers/console/libdrivers__console.a(uart_console.c.obj)
 .text.gpio_nrfx_pin_interrupt_configure
                0x0000000000005204      0x100 zephyr/drivers/gpio/libdrivers__gpio.a(gpio_nrfx.c.obj)
 .text.nrfx_gpio_handler
                0x0000000000005304       0x4c zephyr/drivers/gpio/libdrivers__gpio.a(gpio_nrfx.c.obj)
 .text.gpio_nrfx_init
                0x0000000000005350       0x3c zephyr/drivers/gpio/libdrivers__gpio.a(gpio_nrfx.c.obj)
 .text.gpio_nrfx_pin_configure
                0x000000000000538c      0x180 zephyr/drivers/gpio/libdrivers__gpio.a(gpio_nrfx.c.obj)
 .text.nrf_gpio_pin_port_decode
                0x000000000000550c       0x24 zephyr/drivers/pinctrl/libdrivers__pinctrl.a(pinctrl_nrf.c.obj)
 .text.pinctrl_configure_pins
                0x0000000000005530      0x190 zephyr/drivers/pinctrl/libdrivers__pinctrl.a(pinctrl_nrf.c.obj)
                0x0000000000005530                pinctrl_configure_pins
 .text.uarte_nrfx_poll_out
                0x00000000000056c0       0xb4 zephyr/drivers/serial/libdrivers__serial.a(uart_nrfx_uarte.c.obj)
 .text.spi_nrfx_transceive
                0x0000000000005774      0x360 zephyr/drivers/spi/libdrivers__spi.a(spi_nrfx_spim.c.obj)
 .text.nrf_gpio_cfg_input
                0x0000000000005ad4       0x40 zephyr/drivers/spi/libdrivers__spi.a(spi_nrfx_common.c.obj)
 .text.compare_int_lock
                0x0000000000005b14       0x40 zephyr/drivers/timer/libdrivers__timer.a(nrf_rtc_timer.c.obj)
 .text.sys_clock_timeout_handler
                0x0000000000005b54       0x48 zephyr/drivers/timer/libdrivers__timer.a(nrf_rtc_timer.c.obj)
 .text.compare_int_unlock
                0x0000000000005b9c       0x4c zephyr/drivers/timer/libdrivers__timer.a(nrf_rtc_timer.c.obj)
 .text.z_nrf_rtc_timer_read
                0x0000000000005be8       0x44 zephyr/drivers/timer/libdrivers__timer.a(nrf_rtc_timer.c.obj)
                0x0000000000005be8                z_nrf_rtc_timer_read
 .text.compare_set
                0x0000000000005c2c      0x124 zephyr/drivers/timer/libdrivers__timer.a(nrf_rtc_timer.c.obj)
 .text.sys_clock_driver_init
                0x0000000000005d50       0x90 zephyr/drivers/timer/libdrivers__timer.a(nrf_rtc_timer.c.obj)
 .text.rtc_nrf_isr
                0x0000000000005de0       0xd0 zephyr/drivers/timer/libdrivers__timer.a(nrf_rtc_timer.c.obj)
                0x0000000000005de0                rtc_nrf_isr
 .text.sys_clock_set_timeout
                0x0000000000005eb0       0x5c zephyr/drivers/timer/libdrivers__timer.a(nrf_rtc_timer.c.obj)
                0x0000000000005eb0                sys_clock_set_timeout
 .text.sys_clock_elapsed
                0x0000000000005f0c       0x14 zephyr/drivers/timer/libdrivers__timer.a(nrf_rtc_timer.c.obj)
                0x0000000000005f0c                sys_clock_elapsed
 .text.nrf53_errata_42
                0x0000000000005f20       0x24 modules/hal_nordic/modules/hal_nordic/nrfx/libmodules__hal_nordic__nrfx.a(system_nrf5340_application.c.obj)
 .text.SystemInit
                0x0000000000005f44      0x1c4 modules/hal_nordic/modules/hal_nordic/nrfx/libmodules__hal_nordic__nrfx.a(system_nrf5340_application.c.obj)
                0x0000000000005f44                SystemInit
 .text.nrfx_gppi_init
                0x0000000000006108        0xc modules/hal_nordic/modules/hal_nordic/nrfx/libmodules__hal_nordic__nrfx.a(nrfx_gppi_dppi.c.obj)
                0x0000000000006108                nrfx_gppi_init
 .text.nrfx_gppi_domain_conn_alloc
                0x0000000000006114       0x1c modules/hal_nordic/modules/hal_nordic/nrfx/libmodules__hal_nordic__nrfx.a(nrfx_gppi_dppi.c.obj)
                0x0000000000006114                nrfx_gppi_domain_conn_alloc
 .text.nrfx_gppi_conn_enable
                0x0000000000006130       0x10 modules/hal_nordic/modules/hal_nordic/nrfx/libmodules__hal_nordic__nrfx.a(nrfx_gppi_dppi.c.obj)
                0x0000000000006130                nrfx_gppi_conn_enable
 .text.hfclk_event_handler
                0x0000000000006140        0xc modules/hal_nordic/modules/hal_nordic/nrfx/libmodules__hal_nordic__nrfx.a(nrfx_clock.c.obj)
 .text.lfclk_event_handler
                0x000000000000614c        0xc modules/hal_nordic/modules/hal_nordic/nrfx/libmodules__hal_nordic__nrfx.a(nrfx_clock.c.obj)
 .text.hfclk192m_event_handler
                0x0000000000006158        0xc modules/hal_nordic/modules/hal_nordic/nrfx/libmodules__hal_nordic__nrfx.a(nrfx_clock.c.obj)
 .text.hfclkaudio_event_handler
                0x0000000000006164        0xc modules/hal_nordic/modules/hal_nordic/nrfx/libmodules__hal_nordic__nrfx.a(nrfx_clock.c.obj)
 .text.nrfx_clock_init
                0x0000000000006170       0x68 modules/hal_nordic/modules/hal_nordic/nrfx/libmodules__hal_nordic__nrfx.a(nrfx_clock.c.obj)
                0x0000000000006170                nrfx_clock_init
 .text.nrfx_clock_enable
                0x00000000000061d8       0x20 modules/hal_nordic/modules/hal_nordic/nrfx/libmodules__hal_nordic__nrfx.a(nrfx_clock.c.obj)
                0x00000000000061d8                nrfx_clock_enable
 .text.nrfx_clock_hfclk_init
                0x00000000000061f8       0x24 modules/hal_nordic/modules/hal_nordic/nrfx/libmodules__hal_nordic__nrfx.a(nrfx_clock_hfclk.c.obj)
                0x00000000000061f8                nrfx_clock_hfclk_init
 .text.nrfx_clock_hfclk_start
                0x000000000000621c       0x38 modules/hal_nordic/modules/hal_nordic/nrfx/libmodules__hal_nordic__nrfx.a(nrfx_clock_hfclk.c.obj)
                0x000000000000621c                nrfx_clock_hfclk_start
 .text.nrfx_clock_hfclk_irq_handler
                0x0000000000006254       0x30 modules/hal_nordic/modules/hal_nordic/nrfx/libmodules__hal_nordic__nrfx.a(nrfx_clock_hfclk.c.obj)
                0x0000000000006254                nrfx_clock_hfclk_irq_handler
 .text.nrfx_clock_hfclkaudio_init
                0x0000000000006284       0x1c modules/hal_nordic/modules/hal_nordic/nrfx/libmodules__hal_nordic__nrfx.a(nrfx_clock_hfclkaudio.c.obj)
                0x0000000000006284                nrfx_clock_hfclkaudio_init
 .text.nrfx_clock_hfclkaudio_start
                0x00000000000062a0       0x3c modules/hal_nordic/modules/hal_nordic/nrfx/libmodules__hal_nordic__nrfx.a(nrfx_clock_hfclkaudio.c.obj)
                0x00000000000062a0                nrfx_clock_hfclkaudio_start
 .text.nrfx_clock_hfclkaudio_irq_handler
                0x00000000000062dc       0x30 modules/hal_nordic/modules/hal_nordic/nrfx/libmodules__hal_nordic__nrfx.a(nrfx_clock_hfclkaudio.c.obj)
                0x00000000000062dc                nrfx_clock_hfclkaudio_irq_handler
 .text.nrfx_clock_hfclk192m_init
                0x000000000000630c       0x24 modules/hal_nordic/modules/hal_nordic/nrfx/libmodules__hal_nordic__nrfx.a(nrfx_clock_hfclk192m.c.obj)
                0x000000000000630c                nrfx_clock_hfclk192m_init
 .text.nrfx_clock_hfclk192m_start
                0x0000000000006330       0x3c modules/hal_nordic/modules/hal_nordic/nrfx/libmodules__hal_nordic__nrfx.a(nrfx_clock_hfclk192m.c.obj)
                0x0000000000006330                nrfx_clock_hfclk192m_start
 .text.nrfx_clock_hfclk192m_irq_handler
                0x000000000000636c       0x30 modules/hal_nordic/modules/hal_nordic/nrfx/libmodules__hal_nordic__nrfx.a(nrfx_clock_hfclk192m.c.obj)
                0x000000000000636c                nrfx_clock_hfclk192m_irq_handler
 .text.nrfx_clock_lfclk_init
                0x000000000000639c       0x24 modules/hal_nordic/modules/hal_nordic/nrfx/libmodules__hal_nordic__nrfx.a(nrfx_clock_lfclk.c.obj)
                0x000000000000639c                nrfx_clock_lfclk_init
 .text.nrfx_clock_lfclk_start
                0x00000000000063c0       0x88 modules/hal_nordic/modules/hal_nordic/nrfx/libmodules__hal_nordic__nrfx.a(nrfx_clock_lfclk.c.obj)
                0x00000000000063c0                nrfx_clock_lfclk_start
 .text.nrfx_clock_lfclk_irq_handler
                0x0000000000006448       0x74 modules/hal_nordic/modules/hal_nordic/nrfx/libmodules__hal_nordic__nrfx.a(nrfx_clock_lfclk.c.obj)
                0x0000000000006448                nrfx_clock_lfclk_irq_handler
 .text.nrf_gpio_pin_port_decode
                0x00000000000064bc       0x24 modules/hal_nordic/modules/hal_nordic/nrfx/libmodules__hal_nordic__nrfx.a(nrfx_gpiote.c.obj)
 .text.get_pin_idx
                0x00000000000064e0       0x14 modules/hal_nordic/modules/hal_nordic/nrfx/libmodules__hal_nordic__nrfx.a(nrfx_gpiote.c.obj)
 .text.latch_pending_read_and_check
                0x00000000000064f4       0x3c modules/hal_nordic/modules/hal_nordic/nrfx/libmodules__hal_nordic__nrfx.a(nrfx_gpiote.c.obj)
 .text.pin_uninit
                0x0000000000006530       0x7c modules/hal_nordic/modules/hal_nordic/nrfx/libmodules__hal_nordic__nrfx.a(nrfx_gpiote.c.obj)
 .text.nrfx_gpiote_init
                0x00000000000065ac       0x64 modules/hal_nordic/modules/hal_nordic/nrfx/libmodules__hal_nordic__nrfx.a(nrfx_gpiote.c.obj)
                0x00000000000065ac                nrfx_gpiote_init
 .text.nrfx_gpiote_channel_free
                0x0000000000006610       0x14 modules/hal_nordic/modules/hal_nordic/nrfx/libmodules__hal_nordic__nrfx.a(nrfx_gpiote.c.obj)
                0x0000000000006610                nrfx_gpiote_channel_free
 .text.nrfx_gpiote_channel_alloc
                0x0000000000006624       0x20 modules/hal_nordic/modules/hal_nordic/nrfx/libmodules__hal_nordic__nrfx.a(nrfx_gpiote.c.obj)
                0x0000000000006624                nrfx_gpiote_channel_alloc
 .text.nrfx_gpiote_irq_handler
                0x0000000000006644      0x1cc modules/hal_nordic/modules/hal_nordic/nrfx/libmodules__hal_nordic__nrfx.a(nrfx_gpiote.c.obj)
                0x0000000000006644                nrfx_gpiote_irq_handler
 .text.nrf_gpio_pin_port_decode
                0x0000000000006810       0x24 modules/hal_nordic/modules/hal_nordic/nrfx/libmodules__hal_nordic__nrfx.a(nrfx_spim.c.obj)
 .text.spim_configuration_verify
                0x0000000000006834       0xcc modules/hal_nordic/modules/hal_nordic/nrfx/libmodules__hal_nordic__nrfx.a(nrfx_spim.c.obj)
 .text.pin_init.constprop.0
                0x0000000000006900       0x4c modules/hal_nordic/modules/hal_nordic/nrfx/libmodules__hal_nordic__nrfx.a(nrfx_spim.c.obj)
 .text.spim_configure
                0x000000000000694c      0x1d8 modules/hal_nordic/modules/hal_nordic/nrfx/libmodules__hal_nordic__nrfx.a(nrfx_spim.c.obj)
 .text.spim_pin_uninit
                0x0000000000006b24       0x38 modules/hal_nordic/modules/hal_nordic/nrfx/libmodules__hal_nordic__nrfx.a(nrfx_spim.c.obj)
 .text.nrfx_spim_uninit
                0x0000000000006b5c       0x70 modules/hal_nordic/modules/hal_nordic/nrfx/libmodules__hal_nordic__nrfx.a(nrfx_spim.c.obj)
                0x0000000000006b5c                nrfx_spim_uninit
 .text.z_fatal_error
                0x0000000000006bcc       0x30 zephyr/kernel/libkernel.a(fatal.c.obj)
                0x0000000000006bcc                z_fatal_error
 .text.z_sys_init_run_level
                0x0000000000006bfc       0x30 zephyr/kernel/libkernel.a(init.c.obj)
 .text.bg_thread_main
                0x0000000000006c2c       0xc4 zephyr/kernel/libkernel.a(init.c.obj)
 .text.z_init_cpu
                0x0000000000006cf0       0x70 zephyr/kernel/libkernel.a(init.c.obj)
                0x0000000000006cf0                z_init_cpu
 .text.z_cstart
                0x0000000000006d60       0xd0 zephyr/kernel/libkernel.a(init.c.obj)
                0x0000000000006d60                z_cstart
 .text.init_mem_slab_obj_core_list
                0x0000000000006e30       0x24 zephyr/kernel/libkernel.a(mem_slab.c.obj)
 .text.k_mem_slab_alloc
                0x0000000000006e54       0x5c zephyr/kernel/libkernel.a(mem_slab.c.obj)
                0x0000000000006e54                k_mem_slab_alloc
 .text.z_impl_k_mutex_lock
                0x0000000000006eb0       0xf0 zephyr/kernel/libkernel.a(mutex.c.obj)
                0x0000000000006eb0                z_impl_k_mutex_lock
 .text.z_impl_k_mutex_unlock
                0x0000000000006fa0       0xa0 zephyr/kernel/libkernel.a(mutex.c.obj)
                0x0000000000006fa0                z_impl_k_mutex_unlock
 .text.z_impl_k_sem_give
                0x0000000000007040       0x68 zephyr/kernel/libkernel.a(sem.c.obj)
                0x0000000000007040                z_impl_k_sem_give
 .text.z_impl_k_sem_take
                0x00000000000070a8       0x4c zephyr/kernel/libkernel.a(sem.c.obj)
                0x00000000000070a8                z_impl_k_sem_take
 .text.z_impl_k_sem_reset
                0x00000000000070f4       0x74 zephyr/kernel/libkernel.a(sem.c.obj)
                0x00000000000070f4                z_impl_k_sem_reset
 .text.z_setup_new_thread
                0x0000000000007168       0xcc zephyr/kernel/libkernel.a(thread.c.obj)
                0x0000000000007168                z_setup_new_thread
 .text.z_dummy_thread_init
                0x0000000000007234       0x1c zephyr/kernel/libkernel.a(thread.c.obj)
                0x0000000000007234                z_dummy_thread_init
 .text.z_swap_irqlock
                0x0000000000007250       0x34 zephyr/kernel/libkernel.a(sched.c.obj)
 .text.ready_thread
                0x0000000000007284       0x84 zephyr/kernel/libkernel.a(sched.c.obj)
 .text.unready_thread
                0x0000000000007308       0x54 zephyr/kernel/libkernel.a(sched.c.obj)
 .text.add_thread_timeout
                0x000000000000735c       0x1c zephyr/kernel/libkernel.a(sched.c.obj)
 .text.move_thread_to_end_of_prio_q
                0x0000000000007378       0x90 zephyr/kernel/libkernel.a(sched.c.obj)
                0x0000000000007378                move_thread_to_end_of_prio_q
 .text.z_pend_curr
                0x0000000000007408       0x44 zephyr/kernel/libkernel.a(sched.c.obj)
                0x0000000000007408                z_pend_curr
 .text.z_thread_prio_set
                0x000000000000744c       0xe4 zephyr/kernel/libkernel.a(sched.c.obj)
                0x000000000000744c                z_thread_prio_set
 .text.z_reschedule
                0x0000000000007530       0x24 zephyr/kernel/libkernel.a(sched.c.obj)
                0x0000000000007530                z_reschedule
 .text.z_reschedule_irqlock
                0x0000000000007554       0x28 zephyr/kernel/libkernel.a(sched.c.obj)
                0x0000000000007554                z_reschedule_irqlock
 .text.k_sched_lock
                0x000000000000757c       0x28 zephyr/kernel/libkernel.a(sched.c.obj)
                0x000000000000757c                k_sched_lock
 .text.k_sched_unlock
                0x00000000000075a4       0x68 zephyr/kernel/libkernel.a(sched.c.obj)
                0x00000000000075a4                k_sched_unlock
 .text.z_sched_init
                0x000000000000760c       0x10 zephyr/kernel/libkernel.a(sched.c.obj)
                0x000000000000760c                z_sched_init
 .text.z_impl_k_yield
                0x000000000000761c       0x88 zephyr/kernel/libkernel.a(sched.c.obj)
                0x000000000000761c                z_impl_k_yield
 .text.z_tick_sleep
                0x00000000000076a4       0x78 zephyr/kernel/libkernel.a(sched.c.obj)
 .text.z_impl_k_wakeup
                0x000000000000771c       0x48 zephyr/kernel/libkernel.a(sched.c.obj)
                0x000000000000771c                z_impl_k_wakeup
 .text.z_impl_k_sched_current_thread_query
                0x0000000000007764        0xc zephyr/kernel/libkernel.a(sched.c.obj)
                0x0000000000007764                z_impl_k_sched_current_thread_query
 .text.z_thread_abort
                0x0000000000007770      0x144 zephyr/kernel/libkernel.a(sched.c.obj)
                0x0000000000007770                z_thread_abort
 .text.slice_timeout
                0x00000000000078b4       0x20 zephyr/kernel/libkernel.a(timeslicing.c.obj)
 .text.thread_is_sliceable
                0x00000000000078d4       0x3c zephyr/kernel/libkernel.a(timeslicing.c.obj)
                0x00000000000078d4                thread_is_sliceable
 .text.z_reset_time_slice
                0x0000000000007910       0x50 zephyr/kernel/libkernel.a(timeslicing.c.obj)
                0x0000000000007910                z_reset_time_slice
 .text.z_time_slice
                0x0000000000007960       0x60 zephyr/kernel/libkernel.a(timeslicing.c.obj)
                0x0000000000007960                z_time_slice
 .text.z_thread_monitor_exit
                0x00000000000079c0       0x3c zephyr/kernel/libkernel.a(thread_monitor.c.obj)
                0x00000000000079c0                z_thread_monitor_exit
 .text.first    0x00000000000079fc       0x10 zephyr/kernel/libkernel.a(timeout.c.obj)
 .text.elapsed  0x0000000000007a0c       0x14 zephyr/kernel/libkernel.a(timeout.c.obj)
 .text.remove_timeout
                0x0000000000007a20       0x38 zephyr/kernel/libkernel.a(timeout.c.obj)
 .text.z_add_timeout
                0x0000000000007a58      0x120 zephyr/kernel/libkernel.a(timeout.c.obj)
                0x0000000000007a58                z_add_timeout
 .text.sys_clock_announce
                0x0000000000007b78       0xbc zephyr/kernel/libkernel.a(timeout.c.obj)
                0x0000000000007b78                sys_clock_announce
 .text.sys_clock_tick_get
                0x0000000000007c34       0x30 zephyr/kernel/libkernel.a(timeout.c.obj)
                0x0000000000007c34                sys_clock_tick_get
 .text.nrf_cc3xx_platform_init_no_rng
                0x0000000000007c64       0x38 C:/ncs/v3.2.2/nrfxlib/crypto/nrf_cc312_platform/lib/cortex-m33/soft-float/no-interrupts/libnrf_cc312_platform_0.9.19.a(nrf_cc3xx_platform.c.obj)
                0x0000000000007c64                nrf_cc3xx_platform_init_no_rng
 .text.nrf_cc3xx_platform_abort
                0x0000000000007c9c       0x24 C:/ncs/v3.2.2/nrfxlib/crypto/nrf_cc312_platform/lib/cortex-m33/soft-float/no-interrupts/libnrf_cc312_platform_0.9.19.a(nrf_cc3xx_platform_abort.c.obj)
 .text.CC_PalAbort
                0x0000000000007cc0       0x44 C:/ncs/v3.2.2/nrfxlib/crypto/nrf_cc312_platform/lib/cortex-m33/soft-float/no-interrupts/libnrf_cc312_platform_0.9.19.a(nrf_cc3xx_platform_abort.c.obj)
                0x0000000000007cc0                CC_PalAbort
 .text.nrf_cc3xx_platform_set_abort
                0x0000000000007d04       0x10 C:/ncs/v3.2.2/nrfxlib/crypto/nrf_cc312_platform/lib/cortex-m33/soft-float/no-interrupts/libnrf_cc312_platform_0.9.19.a(nrf_cc3xx_platform_abort.c.obj)
                0x0000000000007d04                nrf_cc3xx_platform_set_abort
 .text.mutex_free
                0x0000000000007d14       0x34 C:/ncs/v3.2.2/nrfxlib/crypto/nrf_cc312_platform/lib/cortex-m33/soft-float/no-interrupts/libnrf_cc312_platform_0.9.19.a(nrf_cc3xx_platform_mutex.c.obj)
 .text.mutex_lock
                0x0000000000007d48       0x48 C:/ncs/v3.2.2/nrfxlib/crypto/nrf_cc312_platform/lib/cortex-m33/soft-float/no-interrupts/libnrf_cc312_platform_0.9.19.a(nrf_cc3xx_platform_mutex.c.obj)
 .text.mutex_unlock
                0x0000000000007d90       0x38 C:/ncs/v3.2.2/nrfxlib/crypto/nrf_cc312_platform/lib/cortex-m33/soft-float/no-interrupts/libnrf_cc312_platform_0.9.19.a(nrf_cc3xx_platform_mutex.c.obj)
 .text.mutex_init
                0x0000000000007dc8       0x20 C:/ncs/v3.2.2/nrfxlib/crypto/nrf_cc312_platform/lib/cortex-m33/soft-float/no-interrupts/libnrf_cc312_platform_0.9.19.a(nrf_cc3xx_platform_mutex.c.obj)
 .text.nrf_cc3xx_platform_set_mutexes
                0x0000000000007de8       0x78 C:/ncs/v3.2.2/nrfxlib/crypto/nrf_cc312_platform/lib/cortex-m33/soft-float/no-interrupts/libnrf_cc312_platform_0.9.19.a(nrf_cc3xx_platform_mutex.c.obj)
                0x0000000000007de8                nrf_cc3xx_platform_set_mutexes
 .text.CC_LibInitNoRng
                0x0000000000007e60       0x28 C:/ncs/v3.2.2/nrfxlib/crypto/nrf_cc312_platform/lib/cortex-m33/soft-float/no-interrupts/libnrf_cc312_platform_0.9.19.a(cc_lib.c.obj)
                0x0000000000007e60                CC_LibInitNoRng
 .text.CC_HalInit
                0x0000000000007e88        0x4 C:/ncs/v3.2.2/nrfxlib/crypto/nrf_cc312_platform/lib/cortex-m33/soft-float/no-interrupts/libnrf_cc312_platform_0.9.19.a(cc_hal.c.obj)
                0x0000000000007e88                CC_HalInit
 .text.CC_PalInit
                0x0000000000007e8c       0x5c C:/ncs/v3.2.2/nrfxlib/crypto/nrf_cc312_platform/lib/cortex-m33/soft-float/no-interrupts/libnrf_cc312_platform_0.9.19.a(cc_pal.c.obj)
                0x0000000000007e8c                CC_PalInit
 .text.CC_PalTerminate
                0x0000000000007ee8       0x34 C:/ncs/v3.2.2/nrfxlib/crypto/nrf_cc312_platform/lib/cortex-m33/soft-float/no-interrupts/libnrf_cc312_platform_0.9.19.a(cc_pal.c.obj)
                0x0000000000007ee8                CC_PalTerminate
 .text.CC_PalDmaInit
                0x0000000000007f1c        0x4 C:/ncs/v3.2.2/nrfxlib/crypto/nrf_cc312_platform/lib/cortex-m33/soft-float/no-interrupts/libnrf_cc312_platform_0.9.19.a(cc_pal_dma.c.obj)
                0x0000000000007f1c                CC_PalDmaInit
 .text.CC_PalDmaTerminate
                0x0000000000007f20        0x4 C:/ncs/v3.2.2/nrfxlib/crypto/nrf_cc312_platform/lib/cortex-m33/soft-float/no-interrupts/libnrf_cc312_platform_0.9.19.a(cc_pal_dma.c.obj)
                0x0000000000007f20                CC_PalDmaTerminate
 .text.CC_PalMutexCreate
                0x0000000000007f24       0x14 C:/ncs/v3.2.2/nrfxlib/crypto/nrf_cc312_platform/lib/cortex-m33/soft-float/no-interrupts/libnrf_cc312_platform_0.9.19.a(cc_pal_mutex.c.obj)
                0x0000000000007f24                CC_PalMutexCreate
 .text.CC_PalMutexDestroy
                0x0000000000007f38       0x14 C:/ncs/v3.2.2/nrfxlib/crypto/nrf_cc312_platform/lib/cortex-m33/soft-float/no-interrupts/libnrf_cc312_platform_0.9.19.a(cc_pal_mutex.c.obj)
                0x0000000000007f38                CC_PalMutexDestroy
 .text.CC_PalPowerSaveModeInit
                0x0000000000007f4c       0x3c C:/ncs/v3.2.2/nrfxlib/crypto/nrf_cc312_platform/lib/cortex-m33/soft-float/no-interrupts/libnrf_cc312_platform_0.9.19.a(cc_pal_pm.c.obj)
                0x0000000000007f4c                CC_PalPowerSaveModeInit
 .text.__l_vfprintf
                0x0000000000007f88      0x4b4 c:\ncs\toolchains\c717907b94\opt\zephyr-sdk\arm-zephyr-eabi\bin\../lib/gcc/../../picolibc/arm-zephyr-eabi/lib/thumb/v8-m.main/nofp\libc.a(libc_tinystdio_vflprintf.c.o)
                0x0000000000007f88                __l_vfprintf
 .text.sqrt     0x000000000000843c      0x174 c:\ncs\toolchains\c717907b94\opt\zephyr-sdk\arm-zephyr-eabi\bin\../lib/gcc/../../picolibc/arm-zephyr-eabi/lib/thumb/v8-m.main/nofp\libc.a(libm_machine_arm_s_sqrt.c.o)
                0x000000000000843c                sqrtl
                0x000000000000843c                sqrt
 .text.scalbn   0x00000000000085b0       0xb4 c:\ncs\toolchains\c717907b94\opt\zephyr-sdk\arm-zephyr-eabi\bin\../lib/gcc/../../picolibc/arm-zephyr-eabi/lib/thumb/v8-m.main/nofp\libc.a(libm_common_s_scalbn.c.o)
                0x00000000000085b0                scalbnl
                0x00000000000085b0                scalbn
                0x00000000000085b0                ldexpl
                0x00000000000085b0                ldexp
 .text.__fpclassifyd
                0x0000000000008664       0x48 c:\ncs\toolchains\c717907b94\opt\zephyr-sdk\arm-zephyr-eabi\bin\../lib/gcc/../../picolibc/arm-zephyr-eabi/lib/thumb/v8-m.main/nofp\libc.a(libm_common_s_fpclassify.c.o)
                0x0000000000008664                __fpclassifyd
                0x0000000000008664                __fpclassifyl
 .text.__math_oflow
                0x00000000000086ac       0x18 c:\ncs\toolchains\c717907b94\opt\zephyr-sdk\arm-zephyr-eabi\bin\../lib/gcc/../../picolibc/arm-zephyr-eabi/lib/thumb/v8-m.main/nofp\libc.a(libm_common_math_err_oflow.c.o)
                0x00000000000086ac                __math_oflow
 .text.__math_divzero
                0x00000000000086c4       0x18 c:\ncs\toolchains\c717907b94\opt\zephyr-sdk\arm-zephyr-eabi\bin\../lib/gcc/../../picolibc/arm-zephyr-eabi/lib/thumb/v8-m.main/nofp\libc.a(libm_common_math_err_divzero.c.o)
                0x00000000000086c4                __math_divzero
 .text.__math_invalid
                0x00000000000086dc       0x10 c:\ncs\toolchains\c717907b94\opt\zephyr-sdk\arm-zephyr-eabi\bin\../lib/gcc/../../picolibc/arm-zephyr-eabi/lib/thumb/v8-m.main/nofp\libc.a(libm_common_math_err_invalid.c.o)
                0x00000000000086dc                __math_invalid
 .text._OffsetAbsSyms
                0x00000000000086ec        0x2 zephyr/CMakeFiles/offsets.dir/./arch/arm/core/offsets/offsets.c.obj
                0x00000000000086ec                _OffsetAbsSyms
 .text.k_msleep.isra.0
                0x00000000000086ee       0x20 app/libapp.a(main.c.obj)
 .text._is_value_in_table
                0x000000000000870e       0x1a app/libapp.a(ad5940.c.obj)
 .text.AD5940_ReadWrite16B
                0x0000000000008728       0x20 app/libapp.a(ad5940.c.obj)
 .text.AD5940_ReadWrite32B
                0x0000000000008748       0x1c app/libapp.a(ad5940.c.obj)
 .text.AD5940_ReadWrite8B.isra.0
                0x0000000000008764       0x16 app/libapp.a(ad5940.c.obj)
 .text.AD5940_SPIReadReg
                0x000000000000877a       0x4e app/libapp.a(ad5940.c.obj)
 .text.AD5940_StructInit
                0x00000000000087c8        0x8 app/libapp.a(ad5940.c.obj)
                0x00000000000087c8                AD5940_StructInit
 .text.AD5940_ComplexDivInt
                0x00000000000087d0       0x94 app/libapp.a(ad5940.c.obj)
                0x00000000000087d0                AD5940_ComplexDivInt
 .text.AD5940_ComplexMag
                0x0000000000008864       0x2c app/libapp.a(ad5940.c.obj)
                0x0000000000008864                AD5940_ComplexMag
 .text.AD5940_ComplexPhase
                0x0000000000008890       0x22 app/libapp.a(ad5940.c.obj)
                0x0000000000008890                AD5940_ComplexPhase
 .text.AD5940_AFECtrlS
                0x00000000000088b2       0x58 app/libapp.a(ad5940.c.obj)
                0x00000000000088b2                AD5940_AFECtrlS
 .text.AD5940_AFEPwrBW
                0x000000000000890a        0xc app/libapp.a(ad5940.c.obj)
                0x000000000000890a                AD5940_AFEPwrBW
 .text.AD5940_REFCfgS
                0x0000000000008916       0xaa app/libapp.a(ad5940.c.obj)
                0x0000000000008916                AD5940_REFCfgS
 .text.AD5940_SWMatrixCfgS
                0x00000000000089c0       0x3c app/libapp.a(ad5940.c.obj)
                0x00000000000089c0                AD5940_SWMatrixCfgS
 .text.AD5940_HSDacCfgS
                0x00000000000089fc       0x28 app/libapp.a(ad5940.c.obj)
                0x00000000000089fc                AD5940_HSDacCfgS
 .text.AD5940_HSTIACfgS
                0x0000000000008a24       0x52 app/libapp.a(ad5940.c.obj)
                0x0000000000008a24                AD5940_HSTIACfgS
 .text.AD5940_WGCfgS
                0x0000000000008a76       0x9e app/libapp.a(ad5940.c.obj)
                0x0000000000008a76                AD5940_WGCfgS
 .text.AD5940_HSLoopCfgS
                0x0000000000008b14       0x24 app/libapp.a(ad5940.c.obj)
                0x0000000000008b14                AD5940_HSLoopCfgS
 .text.AD5940_LPDAC0WriteS
                0x0000000000008b38       0x14 app/libapp.a(ad5940.c.obj)
                0x0000000000008b38                AD5940_LPDAC0WriteS
 .text.AD5940_LPDAC1WriteS
                0x0000000000008b4c       0x14 app/libapp.a(ad5940.c.obj)
                0x0000000000008b4c                AD5940_LPDAC1WriteS
 .text.AD5940_LPDACCfgS
                0x0000000000008b60       0x6c app/libapp.a(ad5940.c.obj)
                0x0000000000008b60                AD5940_LPDACCfgS
 .text.AD5940_LPAMPCfgS
                0x0000000000008bcc       0x64 app/libapp.a(ad5940.c.obj)
                0x0000000000008bcc                AD5940_LPAMPCfgS
 .text.AD5940_LPLoopCfgS
                0x0000000000008c30       0x14 app/libapp.a(ad5940.c.obj)
                0x0000000000008c30                AD5940_LPLoopCfgS
 .text.AD5940_ADCBaseCfgS
                0x0000000000008c44       0x16 app/libapp.a(ad5940.c.obj)
                0x0000000000008c44                AD5940_ADCBaseCfgS
 .text.AD5940_ADCFilterCfgS
                0x0000000000008c5a       0x58 app/libapp.a(ad5940.c.obj)
                0x0000000000008c5a                AD5940_ADCFilterCfgS
 .text.AD5940_ADCMuxCfgS
                0x0000000000008cb2       0x28 app/libapp.a(ad5940.c.obj)
                0x0000000000008cb2                AD5940_ADCMuxCfgS
 .text.AD5940_ADCDigCompCfgS
                0x0000000000008cda       0x30 app/libapp.a(ad5940.c.obj)
                0x0000000000008cda                AD5940_ADCDigCompCfgS
 .text.AD5940_StatisticCfgS
                0x0000000000008d0a       0x1c app/libapp.a(ad5940.c.obj)
                0x0000000000008d0a                AD5940_StatisticCfgS
 .text.AD5940_DFTCfgS
                0x0000000000008d26       0x4e app/libapp.a(ad5940.c.obj)
                0x0000000000008d26                AD5940_DFTCfgS
 .text.AD5940_DSPCfgS
                0x0000000000008d74       0x2c app/libapp.a(ad5940.c.obj)
                0x0000000000008d74                AD5940_DSPCfgS
 .text.AD5940_FIFOCfg
                0x0000000000008da0       0x56 app/libapp.a(ad5940.c.obj)
                0x0000000000008da0                AD5940_FIFOCfg
 .text.AD5940_FIFOCtrlS
                0x0000000000008df6       0x16 app/libapp.a(ad5940.c.obj)
                0x0000000000008df6                AD5940_FIFOCtrlS
 .text.AD5940_SEQCfg
                0x0000000000008e0c       0x70 app/libapp.a(ad5940.c.obj)
                0x0000000000008e0c                AD5940_SEQCfg
 .text.AD5940_SEQMmrTrig
                0x0000000000008e7c       0x12 app/libapp.a(ad5940.c.obj)
                0x0000000000008e7c                AD5940_SEQMmrTrig
 .text.AD5940_SEQCmdWrite
                0x0000000000008e8e       0x28 app/libapp.a(ad5940.c.obj)
                0x0000000000008e8e                AD5940_SEQCmdWrite
 .text.AD5940_SEQInfoCfg
                0x0000000000008eb6       0x62 app/libapp.a(ad5940.c.obj)
                0x0000000000008eb6                AD5940_SEQInfoCfg
 .text.AD5940_SEQGpioCtrlS
                0x0000000000008f18        0xa app/libapp.a(ad5940.c.obj)
                0x0000000000008f18                AD5940_SEQGpioCtrlS
 .text.AD5940_WUPTCfg
                0x0000000000008f22      0x13e app/libapp.a(ad5940.c.obj)
                0x0000000000008f22                AD5940_WUPTCfg
 .text.AD5940_WUPTCtrl
                0x0000000000009060       0x28 app/libapp.a(ad5940.c.obj)
                0x0000000000009060                AD5940_WUPTCtrl
 .text.AD5940_INTCCfg
                0x0000000000009088       0x30 app/libapp.a(ad5940.c.obj)
                0x0000000000009088                AD5940_INTCCfg
 .text.AD5940_INTCClrFlag
                0x00000000000090b8        0xa app/libapp.a(ad5940.c.obj)
                0x00000000000090b8                AD5940_INTCClrFlag
 .text.AD5940_INTCTestFlag
                0x00000000000090c2       0x22 app/libapp.a(ad5940.c.obj)
                0x00000000000090c2                AD5940_INTCTestFlag
 .text.AD5940_EnterSleepS
                0x00000000000090e4       0x1a app/libapp.a(ad5940.c.obj)
                0x00000000000090e4                AD5940_EnterSleepS
 .text.AD5940_WakeUp
                0x00000000000090fe       0x26 app/libapp.a(ad5940.c.obj)
                0x00000000000090fe                AD5940_WakeUp
 .text.z_impl_gpio_pin_configure.constprop.0.isra.0
                0x0000000000009124       0x1e app/libapp.a(ad5940_port.c.obj)
 .text.gpio_pin_set.isra.0
                0x0000000000009142       0x20 app/libapp.a(ad5940_port.c.obj)
 .text.AD5940_Delay10us
                0x0000000000009162        0x8 app/libapp.a(ad5940_port.c.obj)
                0x0000000000009162                AD5940_Delay10us
 .text.AD5940_ClrMCUIntFlag
                0x000000000000916a        0x4 app/libapp.a(ad5940_port.c.obj)
                0x000000000000916a                AD5940_ClrMCUIntFlag
 .text.chunk_field
                0x000000000000916e       0x16 zephyr/libzephyr.a(heap.c.obj)
 .text.chunk_set
                0x0000000000009184       0x16 zephyr/libzephyr.a(heap.c.obj)
 .text.chunk_size
                0x000000000000919a        0xc zephyr/libzephyr.a(heap.c.obj)
 .text.set_chunk_used
                0x00000000000091a6       0x30 zephyr/libzephyr.a(heap.c.obj)
 .text.set_chunk_size
                0x00000000000091d6        0x8 zephyr/libzephyr.a(heap.c.obj)
 .text.bucket_idx
                0x00000000000091de       0x1e zephyr/libzephyr.a(heap.c.obj)
 .text.free_list_add
                0x00000000000091fc       0x84 zephyr/libzephyr.a(heap.c.obj)
 .text.sys_heap_init
                0x0000000000009280       0xb0 zephyr/libzephyr.a(heap.c.obj)
                0x0000000000009280                sys_heap_init
 .text.arch_printk_char_out
                0x0000000000009330        0x4 zephyr/libzephyr.a(printk.c.obj)
                0x0000000000009330                arch_printk_char_out
 .text.printk   0x0000000000009334       0x1a zephyr/libzephyr.a(printk.c.obj)
                0x0000000000009334                printk
 .text.process_recheck
                0x000000000000934e       0x38 zephyr/libzephyr.a(onoff.c.obj)
 .text.validate_args
                0x0000000000009386       0x20 zephyr/libzephyr.a(onoff.c.obj)
 .text.notify_one
                0x00000000000093a6       0x2c zephyr/libzephyr.a(onoff.c.obj)
 .text.transition_complete
                0x00000000000093d2       0x1a zephyr/libzephyr.a(onoff.c.obj)
 .text.onoff_manager_init
                0x00000000000093ec       0x26 zephyr/libzephyr.a(onoff.c.obj)
                0x00000000000093ec                onoff_manager_init
 .text.onoff_request
                0x0000000000009412       0xae zephyr/libzephyr.a(onoff.c.obj)
                0x0000000000009412                onoff_request
 .text.sys_notify_validate
                0x00000000000094c0       0x22 zephyr/libzephyr.a(notify.c.obj)
                0x00000000000094c0                sys_notify_validate
 .text.sys_notify_finalize
                0x00000000000094e2       0x1a zephyr/libzephyr.a(notify.c.obj)
                0x00000000000094e2                sys_notify_finalize
 .text._ConfigAbsSyms
                0x00000000000094fc        0x2 zephyr/libzephyr.a(configs.c.obj)
                0x00000000000094fc                _ConfigAbsSyms
 .text.abort_function
                0x00000000000094fe        0x2 zephyr/libzephyr.a(nrf_cc3xx_platform_abort_zephyr.c.obj)
 .text.arch_early_memset
                0x0000000000009500        0x4 zephyr/arch/common/libarch__common.a(init.c.obj)
                0x0000000000009500                arch_early_memset
 .text.arch_early_memcpy
                0x0000000000009504        0x4 zephyr/arch/common/libarch__common.a(init.c.obj)
                0x0000000000009504                arch_early_memcpy
 .text.z_do_kernel_oops
                0x0000000000009508        0x8 zephyr/arch/arch/arm/core/libarch__arm__core.a(fatal.c.obj)
                0x0000000000009508                z_do_kernel_oops
 .text.z_arm_nmi
                0x0000000000009510        0xe zephyr/arch/arch/arm/core/libarch__arm__core.a(nmi.c.obj)
                0x0000000000009510                z_arm_nmi
 .text.z_irq_spurious
                0x000000000000951e        0x8 zephyr/arch/arch/arm/core/cortex_m/libarch__arm__core__cortex_m.a(irq_manage.c.obj)
                0x000000000000951e                z_irq_spurious
 .text.configure_builtin_stack_guard
                0x0000000000009526        0xa zephyr/arch/arch/arm/core/cortex_m/libarch__arm__core__cortex_m.a(thread.c.obj)
                0x0000000000009526                configure_builtin_stack_guard
 .text.arch_coprocessors_disable
                0x0000000000009530        0x6 zephyr/arch/arch/arm/core/cortex_m/libarch__arm__core__cortex_m.a(thread.c.obj)
                0x0000000000009530                arch_coprocessors_disable
 .text.arch_irq_unlock_outlined
                0x0000000000009536        0xe zephyr/arch/arch/arm/core/cortex_m/libarch__arm__core__cortex_m.a(thread.c.obj)
                0x0000000000009536                arch_irq_unlock_outlined
 .text.arch_cpu_idle
                0x0000000000009544       0x32 zephyr/arch/arch/arm/core/cortex_m/libarch__arm__core__cortex_m.a(cpu_idle.c.obj)
                0x0000000000009544                arch_cpu_idle
 .text.arch_cpu_atomic_idle
                0x0000000000009576       0x38 zephyr/arch/arch/arm/core/cortex_m/libarch__arm__core__cortex_m.a(cpu_idle.c.obj)
                0x0000000000009576                arch_cpu_atomic_idle
 .text.arm_cmse_mpu_region_get
                0x00000000000095ae       0x12 zephyr/arch/arch/arm/core/cortex_m/cmse/libarch__arm__core__cortex_m__cmse.a(arm_core_cmse.c.obj)
                0x00000000000095ae                arm_cmse_mpu_region_get
 .text.mpu_configure_region
                0x00000000000095c0       0x32 zephyr/arch/arch/arm/core/mpu/libarch__arm__core__mpu.a(arm_mpu.c.obj)
 .text.picolibc_put
                0x00000000000095f2        0xa zephyr/lib/libc/picolibc/liblib__libc__picolibc.a(stdio.c.obj)
 .text.onoff_stop
                0x00000000000095fc       0x22 zephyr/soc/soc/nrf5340/libsoc__nordic.a(nrf53_cpunet_mgmt.c.obj)
 .text.get_status
                0x000000000000961e       0x12 zephyr/drivers/clock_control/libdrivers__clock_control.a(clock_control_nrf.c.obj)
 .text.stop     0x0000000000009630       0x52 zephyr/drivers/clock_control/libdrivers__clock_control.a(clock_control_nrf.c.obj)
 .text.api_stop
                0x0000000000009682        0x6 zephyr/drivers/clock_control/libdrivers__clock_control.a(clock_control_nrf.c.obj)
 .text.async_start
                0x0000000000009688       0x5c zephyr/drivers/clock_control/libdrivers__clock_control.a(clock_control_nrf.c.obj)
 .text.api_start
                0x00000000000096e4        0xe zephyr/drivers/clock_control/libdrivers__clock_control.a(clock_control_nrf.c.obj)
 .text.onoff_started_callback
                0x00000000000096f2       0x12 zephyr/drivers/clock_control/libdrivers__clock_control.a(clock_control_nrf.c.obj)
 .text.hfclkaudio_start
                0x0000000000009704        0x6 zephyr/drivers/clock_control/libdrivers__clock_control.a(clock_control_nrf.c.obj)
 .text.hfclk192m_start
                0x000000000000970a        0x6 zephyr/drivers/clock_control/libdrivers__clock_control.a(clock_control_nrf.c.obj)
 .text.hfclkaudio_stop
                0x0000000000009710        0x6 zephyr/drivers/clock_control/libdrivers__clock_control.a(clock_control_nrf.c.obj)
 .text.hfclk192m_stop
                0x0000000000009716        0x6 zephyr/drivers/clock_control/libdrivers__clock_control.a(clock_control_nrf.c.obj)
 .text.blocking_start_callback
                0x000000000000971c        0x6 zephyr/drivers/clock_control/libdrivers__clock_control.a(clock_control_nrf.c.obj)
 .text.lfclk_stop
                0x0000000000009722        0x4 zephyr/drivers/clock_control/libdrivers__clock_control.a(clock_control_nrf.c.obj)
 .text.lfclk_start
                0x0000000000009726        0x4 zephyr/drivers/clock_control/libdrivers__clock_control.a(clock_control_nrf.c.obj)
 .text.gpio_nrfx_port_get_raw
                0x000000000000972a        0xc zephyr/drivers/gpio/libdrivers__gpio.a(gpio_nrfx.c.obj)
 .text.gpio_nrfx_port_set_masked_raw
                0x0000000000009736       0x14 zephyr/drivers/gpio/libdrivers__gpio.a(gpio_nrfx.c.obj)
 .text.gpio_nrfx_port_set_bits_raw
                0x000000000000974a        0xa zephyr/drivers/gpio/libdrivers__gpio.a(gpio_nrfx.c.obj)
 .text.gpio_nrfx_port_clear_bits_raw
                0x0000000000009754        0xa zephyr/drivers/gpio/libdrivers__gpio.a(gpio_nrfx.c.obj)
 .text.gpio_nrfx_port_toggle_bits
                0x000000000000975e       0x14 zephyr/drivers/gpio/libdrivers__gpio.a(gpio_nrfx.c.obj)
 .text.gpio_nrfx_manage_callback
                0x0000000000009772       0x52 zephyr/drivers/gpio/libdrivers__gpio.a(gpio_nrfx.c.obj)
 .text.gpio_nrfx_gpiote_irq_handler
                0x00000000000097c4        0x4 zephyr/drivers/gpio/libdrivers__gpio.a(gpio_nrfx.c.obj)
                0x00000000000097c4                gpio_nrfx_gpiote_irq_handler
 .text.pinctrl_lookup_state
                0x00000000000097c8       0x26 zephyr/drivers/pinctrl/libdrivers__pinctrl.a(common.c.obj)
                0x00000000000097c8                pinctrl_lookup_state
 .text.uarte_nrfx_err_check
                0x00000000000097ee        0xe zephyr/drivers/serial/libdrivers__serial.a(uart_nrfx_uarte.c.obj)
 .text.uarte_nrfx_poll_in
                0x00000000000097fc       0x26 zephyr/drivers/serial/libdrivers__serial.a(uart_nrfx_uarte.c.obj)
 .text.is_tx_ready.isra.0
                0x0000000000009822       0x20 zephyr/drivers/serial/libdrivers__serial.a(uart_nrfx_uarte.c.obj)
 .text.uarte_nrfx_isr_int
                0x0000000000009842       0x42 zephyr/drivers/serial/libdrivers__serial.a(uart_nrfx_uarte.c.obj)
 .text.pinctrl_apply_state.isra.0
                0x0000000000009884       0x1e zephyr/drivers/serial/libdrivers__serial.a(uart_nrfx_uarte.c.obj)
 .text.uarte_instance_deinit
                0x00000000000098a2        0x6 zephyr/drivers/serial/libdrivers__serial.a(uart_nrfx_uarte.c.obj)
 .text.uarte_0_init
                0x00000000000098a8       0xf4 zephyr/drivers/serial/libdrivers__serial.a(uart_nrfx_uarte.c.obj)
 .text.irq_connect0
                0x000000000000999c        0xa zephyr/drivers/spi/libdrivers__spi.a(spi_nrfx_spim.c.obj)
 .text.irq_connect1
                0x00000000000099a6        0xa zephyr/drivers/spi/libdrivers__spi.a(spi_nrfx_spim.c.obj)
 .text.spi_context_get_next_buf.constprop.0
                0x00000000000099b0       0x26 zephyr/drivers/spi/libdrivers__spi.a(spi_nrfx_spim.c.obj)
 .text.pinctrl_apply_state.isra.0
                0x00000000000099d6       0x1e zephyr/drivers/spi/libdrivers__spi.a(spi_nrfx_spim.c.obj)
 .text.spi_nrfx_deinit
                0x00000000000099f4       0x24 zephyr/drivers/spi/libdrivers__spi.a(spi_nrfx_spim.c.obj)
 .text.gpio_pin_set_dt.isra.0
                0x0000000000009a18       0x28 zephyr/drivers/spi/libdrivers__spi.a(spi_nrfx_spim.c.obj)
 .text._spi_context_cs_control
                0x0000000000009a40       0x40 zephyr/drivers/spi/libdrivers__spi.a(spi_nrfx_spim.c.obj)
 .text.spi_context_unlock_unconditionally
                0x0000000000009a80       0x20 zephyr/drivers/spi/libdrivers__spi.a(spi_nrfx_spim.c.obj)
 .text.spi_nrfx_release
                0x0000000000009aa0       0x26 zephyr/drivers/spi/libdrivers__spi.a(spi_nrfx_spim.c.obj)
 .text.spi_nrfx_init
                0x0000000000009ac6       0xb8 zephyr/drivers/spi/libdrivers__spi.a(spi_nrfx_spim.c.obj)
 .text.finish_transaction
                0x0000000000009b7e       0x24 zephyr/drivers/spi/libdrivers__spi.a(spi_nrfx_spim.c.obj)
 .text.transfer_next_chunk
                0x0000000000009ba2       0xc0 zephyr/drivers/spi/libdrivers__spi.a(spi_nrfx_spim.c.obj)
 .text.event_handler
                0x0000000000009c62       0xb8 zephyr/drivers/spi/libdrivers__spi.a(spi_nrfx_spim.c.obj)
 .text.spi_nrfx_wake_init
                0x0000000000009d1a       0x50 zephyr/drivers/spi/libdrivers__spi.a(spi_nrfx_common.c.obj)
                0x0000000000009d1a                spi_nrfx_wake_init
 .text.spi_nrfx_wake_request
                0x0000000000009d6a       0x50 zephyr/drivers/spi/libdrivers__spi.a(spi_nrfx_common.c.obj)
                0x0000000000009d6a                spi_nrfx_wake_request
 .text.event_clear
                0x0000000000009dba       0x18 zephyr/drivers/timer/libdrivers__timer.a(nrf_rtc_timer.c.obj)
 .text.sys_clock_cycle_get_32
                0x0000000000009dd2        0x8 zephyr/drivers/timer/libdrivers__timer.a(nrf_rtc_timer.c.obj)
                0x0000000000009dd2                sys_clock_cycle_get_32
 .text.hw_cc3xx_init_internal
                0x0000000000009dda        0x4 modules/nrf/drivers/hw_cc3xx/lib..__nrf__drivers__hw_cc3xx.a(hw_cc3xx.c.obj)
 .text.hw_cc3xx_init
                0x0000000000009dde       0x12 modules/nrf/drivers/hw_cc3xx/lib..__nrf__drivers__hw_cc3xx.a(hw_cc3xx.c.obj)
 .text.nrfx_isr
                0x0000000000009df0        0x6 modules/hal_nordic/modules/hal_nordic/nrfx/libmodules__hal_nordic__nrfx.a(nrfx_glue.c.obj)
                0x0000000000009df0                nrfx_isr
 .text.nrfx_busy_wait
                0x0000000000009df6        0x4 modules/hal_nordic/modules/hal_nordic/nrfx/libmodules__hal_nordic__nrfx.a(nrfx_glue.c.obj)
                0x0000000000009df6                nrfx_busy_wait
 .text.nrfx_flag32_alloc
                0x0000000000009dfa       0x34 modules/hal_nordic/modules/hal_nordic/nrfx/libmodules__hal_nordic__nrfx.a(nrfx_flag32_allocator.c.obj)
                0x0000000000009dfa                nrfx_flag32_alloc
 .text.nrfx_flag32_free
                0x0000000000009e2e       0x32 modules/hal_nordic/modules/hal_nordic/nrfx/libmodules__hal_nordic__nrfx.a(nrfx_flag32_allocator.c.obj)
                0x0000000000009e2e                nrfx_flag32_free
 .text.nrfx_gppi_conn_alloc
                0x0000000000009e60       0x28 modules/hal_nordic/modules/hal_nordic/nrfx/libmodules__hal_nordic__nrfx.a(nrfx_gppi_dppi.c.obj)
                0x0000000000009e60                nrfx_gppi_conn_alloc
 .text.nrfx_clock_start
                0x0000000000009e88       0x1e modules/hal_nordic/modules/hal_nordic/nrfx/libmodules__hal_nordic__nrfx.a(nrfx_clock.c.obj)
                0x0000000000009e88                nrfx_clock_start
 .text.nrfx_clock_stop
                0x0000000000009ea6       0x1e modules/hal_nordic/modules/hal_nordic/nrfx/libmodules__hal_nordic__nrfx.a(nrfx_clock.c.obj)
                0x0000000000009ea6                nrfx_clock_stop
 .text.CLOCK_POWER_IRQHandler
                0x0000000000009ec4       0x16 modules/hal_nordic/modules/hal_nordic/nrfx/libmodules__hal_nordic__nrfx.a(nrfx_clock.c.obj)
                0x0000000000009ec4                CLOCK_POWER_IRQHandler
 .text.clock_stop
                0x0000000000009eda       0x38 modules/hal_nordic/modules/hal_nordic/nrfx/libmodules__hal_nordic__nrfx.a(nrfx_clock_hfclk.c.obj)
 .text.nrfx_clock_hfclk_stop
                0x0000000000009f12        0x4 modules/hal_nordic/modules/hal_nordic/nrfx/libmodules__hal_nordic__nrfx.a(nrfx_clock_hfclk.c.obj)
                0x0000000000009f12                nrfx_clock_hfclk_stop
 .text.clock_stop
                0x0000000000009f16       0x34 modules/hal_nordic/modules/hal_nordic/nrfx/libmodules__hal_nordic__nrfx.a(nrfx_clock_hfclkaudio.c.obj)
 .text.nrfx_clock_hfclkaudio_stop
                0x0000000000009f4a        0x4 modules/hal_nordic/modules/hal_nordic/nrfx/libmodules__hal_nordic__nrfx.a(nrfx_clock_hfclkaudio.c.obj)
                0x0000000000009f4a                nrfx_clock_hfclkaudio_stop
 .text.clock_stop
                0x0000000000009f4e       0x34 modules/hal_nordic/modules/hal_nordic/nrfx/libmodules__hal_nordic__nrfx.a(nrfx_clock_hfclk192m.c.obj)
 .text.nrfx_clock_hfclk192m_stop
                0x0000000000009f82        0x4 modules/hal_nordic/modules/hal_nordic/nrfx/libmodules__hal_nordic__nrfx.a(nrfx_clock_hfclk192m.c.obj)
                0x0000000000009f82                nrfx_clock_hfclk192m_stop
 .text.clock_stop
                0x0000000000009f86       0x32 modules/hal_nordic/modules/hal_nordic/nrfx/libmodules__hal_nordic__nrfx.a(nrfx_clock_lfclk.c.obj)
 .text.nrfx_clock_lfclk_stop
                0x0000000000009fb8        0x4 modules/hal_nordic/modules/hal_nordic/nrfx/libmodules__hal_nordic__nrfx.a(nrfx_clock_lfclk.c.obj)
                0x0000000000009fb8                nrfx_clock_lfclk_stop
 .text.nrf_gpio_reconfigure
                0x0000000000009fbc       0x92 modules/hal_nordic/modules/hal_nordic/nrfx/libmodules__hal_nordic__nrfx.a(nrfx_gpiote.c.obj)
 .text.nrf_gpio_cfg_sense_set
                0x000000000000a04e       0x1e modules/hal_nordic/modules/hal_nordic/nrfx/libmodules__hal_nordic__nrfx.a(nrfx_gpiote.c.obj)
 .text.pin_in_use_by_te
                0x000000000000a06c       0x16 modules/hal_nordic/modules/hal_nordic/nrfx/libmodules__hal_nordic__nrfx.a(nrfx_gpiote.c.obj)
 .text.pin_is_output
                0x000000000000a082       0x16 modules/hal_nordic/modules/hal_nordic/nrfx/libmodules__hal_nordic__nrfx.a(nrfx_gpiote.c.obj)
 .text.pin_te_get
                0x000000000000a098       0x14 modules/hal_nordic/modules/hal_nordic/nrfx/libmodules__hal_nordic__nrfx.a(nrfx_gpiote.c.obj)
 .text.call_handler
                0x000000000000a0ac       0x3e modules/hal_nordic/modules/hal_nordic/nrfx/libmodules__hal_nordic__nrfx.a(nrfx_gpiote.c.obj)
 .text.release_handler
                0x000000000000a0ea       0x54 modules/hal_nordic/modules/hal_nordic/nrfx/libmodules__hal_nordic__nrfx.a(nrfx_gpiote.c.obj)
 .text.pin_in_event_get
                0x000000000000a13e       0x22 modules/hal_nordic/modules/hal_nordic/nrfx/libmodules__hal_nordic__nrfx.a(nrfx_gpiote.c.obj)
 .text.__nrfy_internal_gpiote_events_process
                0x000000000000a160       0x4e modules/hal_nordic/modules/hal_nordic/nrfx/libmodules__hal_nordic__nrfx.a(nrfx_gpiote.c.obj)
 .text.pin_trigger_disable
                0x000000000000a1ae       0x46 modules/hal_nordic/modules/hal_nordic/nrfx/libmodules__hal_nordic__nrfx.a(nrfx_gpiote.c.obj)
 .text.nrfx_gpiote_input_configure
                0x000000000000a1f4      0x170 modules/hal_nordic/modules/hal_nordic/nrfx/libmodules__hal_nordic__nrfx.a(nrfx_gpiote.c.obj)
                0x000000000000a1f4                nrfx_gpiote_input_configure
 .text.nrfx_gpiote_output_configure
                0x000000000000a364       0xf2 modules/hal_nordic/modules/hal_nordic/nrfx/libmodules__hal_nordic__nrfx.a(nrfx_gpiote.c.obj)
                0x000000000000a364                nrfx_gpiote_output_configure
 .text.nrfx_gpiote_global_callback_set
                0x000000000000a456        0x6 modules/hal_nordic/modules/hal_nordic/nrfx/libmodules__hal_nordic__nrfx.a(nrfx_gpiote.c.obj)
                0x000000000000a456                nrfx_gpiote_global_callback_set
 .text.nrfx_gpiote_channel_get
                0x000000000000a45c       0x26 modules/hal_nordic/modules/hal_nordic/nrfx/libmodules__hal_nordic__nrfx.a(nrfx_gpiote.c.obj)
                0x000000000000a45c                nrfx_gpiote_channel_get
 .text.nrfx_gpiote_init_check
                0x000000000000a482        0xc modules/hal_nordic/modules/hal_nordic/nrfx/libmodules__hal_nordic__nrfx.a(nrfx_gpiote.c.obj)
                0x000000000000a482                nrfx_gpiote_init_check
 .text.nrfx_gpiote_pin_uninit
                0x000000000000a48e        0x4 modules/hal_nordic/modules/hal_nordic/nrfx/libmodules__hal_nordic__nrfx.a(nrfx_gpiote.c.obj)
                0x000000000000a48e                nrfx_gpiote_pin_uninit
 .text.nrfx_gpiote_trigger_enable
                0x000000000000a492       0xa4 modules/hal_nordic/modules/hal_nordic/nrfx/libmodules__hal_nordic__nrfx.a(nrfx_gpiote.c.obj)
                0x000000000000a492                nrfx_gpiote_trigger_enable
 .text.nrfx_gpiote_trigger_disable
                0x000000000000a536        0x4 modules/hal_nordic/modules/hal_nordic/nrfx/libmodules__hal_nordic__nrfx.a(nrfx_gpiote.c.obj)
                0x000000000000a536                nrfx_gpiote_trigger_disable
 .text.nrfx_gpiote_in_event_get
                0x000000000000a53a        0x4 modules/hal_nordic/modules/hal_nordic/nrfx/libmodules__hal_nordic__nrfx.a(nrfx_gpiote.c.obj)
                0x000000000000a53a                nrfx_gpiote_in_event_get
 .text.__nrfy_internal_spim_event_handle
                0x000000000000a53e       0x2a modules/hal_nordic/modules/hal_nordic/nrfx/libmodules__hal_nordic__nrfx.a(nrfx_spim.c.obj)
 .text.__nrfy_internal_spim_events_process
                0x000000000000a568       0x7c modules/hal_nordic/modules/hal_nordic/nrfx/libmodules__hal_nordic__nrfx.a(nrfx_spim.c.obj)
 .text.nrf_gpio_pin_set
                0x000000000000a5e4       0x18 modules/hal_nordic/modules/hal_nordic/nrfx/libmodules__hal_nordic__nrfx.a(nrfx_spim.c.obj)
 .text.nrf_gpio_pin_clear
                0x000000000000a5fc       0x18 modules/hal_nordic/modules/hal_nordic/nrfx/libmodules__hal_nordic__nrfx.a(nrfx_spim.c.obj)
 .text.spim_abort
                0x000000000000a614       0x38 modules/hal_nordic/modules/hal_nordic/nrfx/libmodules__hal_nordic__nrfx.a(nrfx_spim.c.obj)
 .text.nrfx_spim_init
                0x000000000000a64c       0x3c modules/hal_nordic/modules/hal_nordic/nrfx/libmodules__hal_nordic__nrfx.a(nrfx_spim.c.obj)
                0x000000000000a64c                nrfx_spim_init
 .text.nrfx_spim_xfer
                0x000000000000a688      0x158 modules/hal_nordic/modules/hal_nordic/nrfx/libmodules__hal_nordic__nrfx.a(nrfx_spim.c.obj)
                0x000000000000a688                nrfx_spim_xfer
 .text.nrfx_spim_irq_handler
                0x000000000000a7e0       0x4e modules/hal_nordic/modules/hal_nordic/nrfx/libmodules__hal_nordic__nrfx.a(nrfx_spim.c.obj)
                0x000000000000a7e0                nrfx_spim_irq_handler
 .text.z_impl_k_busy_wait
                0x000000000000a82e        0x8 zephyr/kernel/libkernel.a(busy_wait.c.obj)
                0x000000000000a82e                z_impl_k_busy_wait
 .text.do_device_init
                0x000000000000a836       0x30 zephyr/kernel/libkernel.a(device.c.obj)
                0x000000000000a836                do_device_init
 .text.z_impl_device_is_ready
                0x000000000000a866       0x16 zephyr/kernel/libkernel.a(device.c.obj)
                0x000000000000a866                z_impl_device_is_ready
 .text.arch_system_halt
                0x000000000000a87c       0x10 zephyr/kernel/libkernel.a(fatal.c.obj)
                0x000000000000a87c                arch_system_halt
 .text.k_sys_fatal_error_handler
                0x000000000000a88c        0x6 zephyr/kernel/libkernel.a(fatal.c.obj)
                0x000000000000a88c                k_sys_fatal_error_handler
 .text.create_free_list
                0x000000000000a892       0x34 zephyr/kernel/libkernel.a(mem_slab.c.obj)
 .text.k_mem_slab_init
                0x000000000000a8c6       0x1c zephyr/kernel/libkernel.a(mem_slab.c.obj)
                0x000000000000a8c6                k_mem_slab_init
 .text.k_mem_slab_free
                0x000000000000a8e2       0x70 zephyr/kernel/libkernel.a(mem_slab.c.obj)
                0x000000000000a8e2                k_mem_slab_free
 .text.idle     0x000000000000a952       0x16 zephyr/kernel/libkernel.a(idle.c.obj)
                0x000000000000a952                idle
 .text.adjust_owner_prio.isra.0
                0x000000000000a968       0x10 zephyr/kernel/libkernel.a(mutex.c.obj)
 .text.z_impl_k_mutex_init
                0x000000000000a978        0xe zephyr/kernel/libkernel.a(mutex.c.obj)
                0x000000000000a978                z_impl_k_mutex_init
 .text.k_is_in_isr
                0x000000000000a986        0xc zephyr/kernel/libkernel.a(thread.c.obj)
                0x000000000000a986                k_is_in_isr
 .text.sys_dlist_remove
                0x000000000000a992       0x10 zephyr/kernel/libkernel.a(sched.c.obj)
 .text.unpend_thread_no_timeout
                0x000000000000a9a2       0x14 zephyr/kernel/libkernel.a(sched.c.obj)
 .text.add_to_waitq_locked
                0x000000000000a9b6       0x50 zephyr/kernel/libkernel.a(sched.c.obj)
 .text.z_ready_thread
                0x000000000000aa06       0x1e zephyr/kernel/libkernel.a(sched.c.obj)
                0x000000000000aa06                z_ready_thread
 .text.z_sched_wake_thread
                0x000000000000aa24       0x3a zephyr/kernel/libkernel.a(sched.c.obj)
                0x000000000000aa24                z_sched_wake_thread
 .text.z_thread_timeout
                0x000000000000aa5e        0x8 zephyr/kernel/libkernel.a(sched.c.obj)
                0x000000000000aa5e                z_thread_timeout
 .text.z_impl_k_sleep
                0x000000000000aa66       0x4e zephyr/kernel/libkernel.a(sched.c.obj)
                0x000000000000aa66                z_impl_k_sleep
 .text.next_timeout
                0x000000000000aab4       0x2e zephyr/kernel/libkernel.a(timeout.c.obj)
 .text.z_abort_timeout
                0x000000000000aae2       0x50 zephyr/kernel/libkernel.a(timeout.c.obj)
                0x000000000000aae2                z_abort_timeout
 .text.sys_clock_tick_get_32
                0x000000000000ab32        0x8 zephyr/kernel/libkernel.a(timeout.c.obj)
                0x000000000000ab32                sys_clock_tick_get_32
 .text.memcpy   0x000000000000ab3a       0x1a c:\ncs\toolchains\c717907b94\opt\zephyr-sdk\arm-zephyr-eabi\bin\../lib/gcc/../../picolibc/arm-zephyr-eabi/lib/thumb/v8-m.main/nofp\libc.a(memcpy.c.o)
                0x000000000000ab3a                __aeabi_memcpy
                0x000000000000ab3a                __aeabi_memcpy4
                0x000000000000ab3a                __aeabi_memcpy8
                0x000000000000ab3a                memcpy
 .text.memset   0x000000000000ab54       0x10 c:\ncs\toolchains\c717907b94\opt\zephyr-sdk\arm-zephyr-eabi\bin\../lib/gcc/../../picolibc/arm-zephyr-eabi/lib/thumb/v8-m.main/nofp\libc.a(memset.c.o)
                0x000000000000ab54                memset
 .text.strncpy  0x000000000000ab64       0x20 c:\ncs\toolchains\c717907b94\opt\zephyr-sdk\arm-zephyr-eabi\bin\../lib/gcc/../../picolibc/arm-zephyr-eabi/lib/thumb/v8-m.main/nofp\libc.a(libc_string_strncpy.c.o)
                0x000000000000ab64                strncpy
 .text.strnlen  0x000000000000ab84       0x18 c:\ncs\toolchains\c717907b94\opt\zephyr-sdk\arm-zephyr-eabi\bin\../lib/gcc/../../picolibc/arm-zephyr-eabi/lib/thumb/v8-m.main/nofp\libc.a(libc_string_strnlen.c.o)
                0x000000000000ab84                strnlen
 .text.__ultoa_invert
                0x000000000000ab9c       0xac c:\ncs\toolchains\c717907b94\opt\zephyr-sdk\arm-zephyr-eabi\bin\../lib/gcc/../../picolibc/arm-zephyr-eabi/lib/thumb/v8-m.main/nofp\libc.a(libc_tinystdio_vflprintf.c.o)
 .text.__math_uflow
                0x000000000000ac48       0x10 c:\ncs\toolchains\c717907b94\opt\zephyr-sdk\arm-zephyr-eabi\bin\../lib/gcc/../../picolibc/arm-zephyr-eabi/lib/thumb/v8-m.main/nofp\libc.a(libm_common_math_err_uflow.c.o)
                0x000000000000ac48                __math_uflow
 *(SORT_BY_ALIGNMENT(.TEXT.*))
 .TEXT.__aeabi_read_tp
                0x000000000000ac58        0xc zephyr/arch/arch/arm/core/cortex_m/libarch__arm__core__cortex_m.a(__aeabi_read_tp.S.obj)
                0x000000000000ac58                __aeabi_read_tp
 *(SORT_BY_ALIGNMENT(.gnu.linkonce.t.*))
 *(SORT_BY_ALIGNMENT(.glue_7t))
 .glue_7t       0x000000000000ac64        0x0 linker stubs
 *(SORT_BY_ALIGNMENT(.glue_7))
 .glue_7        0x000000000000ac64        0x0 linker stubs
 *(SORT_BY_ALIGNMENT(.vfp11_veneer))
 .vfp11_veneer  0x000000000000ac64        0x0 linker stubs
 *(SORT_BY_ALIGNMENT(.v4_bx))
 .v4_bx         0x000000000000ac64        0x0 linker stubs
                0x000000000000ac64                . = ALIGN (0x4)
                0x000000000000ac64                __text_region_end = .

.ARM.exidx      0x000000000000ac64        0x8
                0x000000000000ac64                __exidx_start = .
 *(SORT_BY_ALIGNMENT(.ARM.exidx*) SORT_BY_ALIGNMENT(gnu.linkonce.armexidx.*))
 .ARM.exidx     0x000000000000ac64        0x8 c:/ncs/toolchains/c717907b94/opt/zephyr-sdk/arm-zephyr-eabi/bin/../lib/gcc/arm-zephyr-eabi/12.2.0/thumb/v8-m.main/nofp\libgcc.a(_udivmoddi4.o)
                0x000000000000ac6c                __exidx_end = .
                0x000000000000ac6c                __rodata_region_start = .

initlevel       0x000000000000ac6c       0x68
                0x000000000000ac6c                __init_start = .
                0x000000000000ac6c                __init_EARLY_start = .
 *(SORT_BY_NAME(SORT_BY_ALIGNMENT(.z_init_EARLY_P_?_*)))
 *(SORT_BY_NAME(SORT_BY_ALIGNMENT(.z_init_EARLY_P_??_*)))
 *(SORT_BY_NAME(SORT_BY_ALIGNMENT(.z_init_EARLY_P_???_*)))
                0x000000000000ac6c                __init_PRE_KERNEL_1_start = .
 *(SORT_BY_NAME(SORT_BY_ALIGNMENT(.z_init_PRE_KERNEL_1_P_?_*)))
 .z_init_PRE_KERNEL_1_P_0_SUB_0_
                0x000000000000ac6c        0x8 zephyr/soc/soc/nrf5340/libsoc__nordic.a(gppi_init.c.obj)
 *(SORT_BY_NAME(SORT_BY_ALIGNMENT(.z_init_PRE_KERNEL_1_P_??_*)))
 .z_init_PRE_KERNEL_1_P_30_SUB_00088_
                0x000000000000ac74        0x8 zephyr/drivers/clock_control/libdrivers__clock_control.a(clock_control_nrf.c.obj)
 .z_init_PRE_KERNEL_1_P_30_SUB_0_
                0x000000000000ac7c        0x8 zephyr/kernel/libkernel.a(mem_slab.c.obj)
 .z_init_PRE_KERNEL_1_P_40_SUB_00012_
                0x000000000000ac84        0x8 zephyr/drivers/gpio/libdrivers__gpio.a(gpio_nrfx.c.obj)
 .z_init_PRE_KERNEL_1_P_40_SUB_00033_
                0x000000000000ac8c        0x8 zephyr/drivers/gpio/libdrivers__gpio.a(gpio_nrfx.c.obj)
 .z_init_PRE_KERNEL_1_P_40_SUB_0_
                0x000000000000ac94        0x8 modules/nrf/drivers/hw_cc3xx/lib..__nrf__drivers__hw_cc3xx.a(hw_cc3xx.c.obj)
 .z_init_PRE_KERNEL_1_P_50_SUB_00124_
                0x000000000000ac9c        0x8 zephyr/drivers/serial/libdrivers__serial.a(uart_nrfx_uarte.c.obj)
 .z_init_PRE_KERNEL_1_P_60_SUB_0_
                0x000000000000aca4        0x8 zephyr/drivers/console/libdrivers__console.a(uart_console.c.obj)
 *(SORT_BY_NAME(SORT_BY_ALIGNMENT(.z_init_PRE_KERNEL_1_P_???_*)))
                0x000000000000acac                __init_PRE_KERNEL_2_start = .
 *(SORT_BY_NAME(SORT_BY_ALIGNMENT(.z_init_PRE_KERNEL_2_P_?_*)))
 .z_init_PRE_KERNEL_2_P_0_SUB_0_
                0x000000000000acac        0x8 zephyr/drivers/timer/libdrivers__timer.a(nrf_rtc_timer.c.obj)
 *(SORT_BY_NAME(SORT_BY_ALIGNMENT(.z_init_PRE_KERNEL_2_P_??_*)))
 *(SORT_BY_NAME(SORT_BY_ALIGNMENT(.z_init_PRE_KERNEL_2_P_???_*)))
                0x000000000000acb4                __init_POST_KERNEL_start = .
 *(SORT_BY_NAME(SORT_BY_ALIGNMENT(.z_init_POST_KERNEL_P_?_*)))
 *(SORT_BY_NAME(SORT_BY_ALIGNMENT(.z_init_POST_KERNEL_P_??_*)))
 .z_init_POST_KERNEL_P_35_SUB_0_
                0x000000000000acb4        0x8 zephyr/lib/libc/common/liblib__libc__common.a(malloc.c.obj)
 .z_init_POST_KERNEL_P_40_SUB_0_
                0x000000000000acbc        0x8 modules/nrf/drivers/hw_cc3xx/lib..__nrf__drivers__hw_cc3xx.a(hw_cc3xx.c.obj)
 .z_init_POST_KERNEL_P_50_SUB_00119_
                0x000000000000acc4        0x8 zephyr/drivers/spi/libdrivers__spi.a(spi_nrfx_spim.c.obj)
 .z_init_POST_KERNEL_P_50_SUB_00152_
                0x000000000000accc        0x8 zephyr/drivers/spi/libdrivers__spi.a(spi_nrfx_spim.c.obj)
 *(SORT_BY_NAME(SORT_BY_ALIGNMENT(.z_init_POST_KERNEL_P_???_*)))
                0x000000000000acd4                __init_APPLICATION_start = .